<?xml version="1.0" encoding="ISO-8859-1" ?>
<link_info>
   <banner>TI ARM Linker PC v20.2.2.LTS</banner>
   <copyright>Copyright (c) 1996-2018 Texas Instruments Incorporated</copyright>
   <link_time>0x5fcbead0</link_time>
   <link_errors>0x0</link_errors>
   <output_file>MAINSolar.out</output_file>
   <entry_point>
      <name>_c_int00_noargs</name>
      <address>0x7205</address>
   </entry_point>
   <input_file_list>
      <input_file id="fl-2">
         <path>.\</path>
         <kind>object</kind>
         <file>main.obj</file>
         <name>main.obj</name>
      </input_file>
      <input_file id="fl-3">
         <path>.\</path>
         <kind>object</kind>
         <file>system_msp432p401r.obj</file>
         <name>system_msp432p401r.obj</name>
      </input_file>
      <input_file id="fl-4">
         <path>.\ccs\</path>
         <kind>object</kind>
         <file>startup_msp432p401r_ccs.obj</file>
         <name>startup_msp432p401r_ccs.obj</name>
      </input_file>
      <input_file id="fl-e">
         <kind>object</kind>
         <file>&lt;internal&gt;</file>
         <name>&lt;internal&gt;</name>
      </input_file>
      <input_file id="fl-f">
         <path>C:\Users\sthel\Documents\ti\ccs1010\simplelink_msp432p4_sdk_3_40_01_02\source\ti\devices\msp432p4xx\driverlib\ccs\</path>
         <kind>archive</kind>
         <file>msp432p4xx_driverlib.lib</file>
         <name>adc14.o</name>
      </input_file>
      <input_file id="fl-10">
         <path>C:\Users\sthel\Documents\ti\ccs1010\simplelink_msp432p4_sdk_3_40_01_02\source\ti\devices\msp432p4xx\driverlib\ccs\</path>
         <kind>archive</kind>
         <file>msp432p4xx_driverlib.lib</file>
         <name>cs.o</name>
      </input_file>
      <input_file id="fl-11">
         <path>C:\Users\sthel\Documents\ti\ccs1010\simplelink_msp432p4_sdk_3_40_01_02\source\ti\devices\msp432p4xx\driverlib\ccs\</path>
         <kind>archive</kind>
         <file>msp432p4xx_driverlib.lib</file>
         <name>gpio.o</name>
      </input_file>
      <input_file id="fl-12">
         <path>C:\Users\sthel\Documents\ti\ccs1010\simplelink_msp432p4_sdk_3_40_01_02\source\ti\devices\msp432p4xx\driverlib\ccs\</path>
         <kind>archive</kind>
         <file>msp432p4xx_driverlib.lib</file>
         <name>interrupt.o</name>
      </input_file>
      <input_file id="fl-13">
         <path>C:\Users\sthel\Documents\ti\ccs1010\simplelink_msp432p4_sdk_3_40_01_02\source\ti\devices\msp432p4xx\driverlib\ccs\</path>
         <kind>archive</kind>
         <file>msp432p4xx_driverlib.lib</file>
         <name>pcm.o</name>
      </input_file>
      <input_file id="fl-14">
         <path>C:\Users\sthel\Documents\ti\ccs1010\simplelink_msp432p4_sdk_3_40_01_02\source\ti\devices\msp432p4xx\driverlib\ccs\</path>
         <kind>archive</kind>
         <file>msp432p4xx_driverlib.lib</file>
         <name>pss.o</name>
      </input_file>
      <input_file id="fl-15">
         <path>C:\Users\sthel\Documents\ti\ccs1010\simplelink_msp432p4_sdk_3_40_01_02\source\ti\devices\msp432p4xx\driverlib\ccs\</path>
         <kind>archive</kind>
         <file>msp432p4xx_driverlib.lib</file>
         <name>ref_a.o</name>
      </input_file>
      <input_file id="fl-16">
         <path>C:\Users\sthel\Documents\ti\ccs1010\simplelink_msp432p4_sdk_3_40_01_02\source\ti\devices\msp432p4xx\driverlib\ccs\</path>
         <kind>archive</kind>
         <file>msp432p4xx_driverlib.lib</file>
         <name>rtc_c.o</name>
      </input_file>
      <input_file id="fl-17">
         <path>C:\Users\sthel\Documents\ti\ccs1010\simplelink_msp432p4_sdk_3_40_01_02\source\ti\devices\msp432p4xx\driverlib\ccs\</path>
         <kind>archive</kind>
         <file>msp432p4xx_driverlib.lib</file>
         <name>sysctl_a.o</name>
      </input_file>
      <input_file id="fl-18">
         <path>C:\Users\sthel\Documents\ti\ccs1010\simplelink_msp432p4_sdk_3_40_01_02\source\ti\devices\msp432p4xx\driverlib\ccs\</path>
         <kind>archive</kind>
         <file>msp432p4xx_driverlib.lib</file>
         <name>uart.o</name>
      </input_file>
      <input_file id="fl-19">
         <path>C:\Users\sthel\Documents\ti\ccs1010\simplelink_msp432p4_sdk_3_40_01_02\source\ti\devices\msp432p4xx\driverlib\ccs\</path>
         <kind>archive</kind>
         <file>msp432p4xx_driverlib.lib</file>
         <name>wdt_a.o</name>
      </input_file>
      <input_file id="fl-1a">
         <path>C:\Users\sthel\Documents\ti\ccs1010\simplelink_msp432p4_sdk_3_40_01_02\source\ti\devices\msp432p4xx\driverlib\ccs\</path>
         <kind>archive</kind>
         <file>msp432p4xx_driverlib.lib</file>
         <name>cpu.o</name>
      </input_file>
      <input_file id="fl-d0">
         <path>C:\Users\sthel\Documents\ti\ccs1010\ccs\tools\compiler\ti-cgt-arm_20.2.2.LTS\lib\</path>
         <kind>archive</kind>
         <file>rtsv7M4_T_le_v4SPD16_eabi.lib</file>
         <name>e_acos.c.obj</name>
      </input_file>
      <input_file id="fl-d1">
         <path>C:\Users\sthel\Documents\ti\ccs1010\ccs\tools\compiler\ti-cgt-arm_20.2.2.LTS\lib\</path>
         <kind>archive</kind>
         <file>rtsv7M4_T_le_v4SPD16_eabi.lib</file>
         <name>e_fmod.c.obj</name>
      </input_file>
      <input_file id="fl-d2">
         <path>C:\Users\sthel\Documents\ti\ccs1010\ccs\tools\compiler\ti-cgt-arm_20.2.2.LTS\lib\</path>
         <kind>archive</kind>
         <file>rtsv7M4_T_le_v4SPD16_eabi.lib</file>
         <name>e_sqrt.c.obj</name>
      </input_file>
      <input_file id="fl-d3">
         <path>C:\Users\sthel\Documents\ti\ccs1010\ccs\tools\compiler\ti-cgt-arm_20.2.2.LTS\lib\</path>
         <kind>archive</kind>
         <file>rtsv7M4_T_le_v4SPD16_eabi.lib</file>
         <name>s_cos.c.obj</name>
      </input_file>
      <input_file id="fl-d4">
         <path>C:\Users\sthel\Documents\ti\ccs1010\ccs\tools\compiler\ti-cgt-arm_20.2.2.LTS\lib\</path>
         <kind>archive</kind>
         <file>rtsv7M4_T_le_v4SPD16_eabi.lib</file>
         <name>s_sin.c.obj</name>
      </input_file>
      <input_file id="fl-d5">
         <path>C:\Users\sthel\Documents\ti\ccs1010\ccs\tools\compiler\ti-cgt-arm_20.2.2.LTS\lib\</path>
         <kind>archive</kind>
         <file>rtsv7M4_T_le_v4SPD16_eabi.lib</file>
         <name>printf.c.obj</name>
      </input_file>
      <input_file id="fl-d6">
         <path>C:\Users\sthel\Documents\ti\ccs1010\ccs\tools\compiler\ti-cgt-arm_20.2.2.LTS\lib\</path>
         <kind>archive</kind>
         <file>rtsv7M4_T_le_v4SPD16_eabi.lib</file>
         <name>_printfi.c.obj</name>
      </input_file>
      <input_file id="fl-d7">
         <path>C:\Users\sthel\Documents\ti\ccs1010\ccs\tools\compiler\ti-cgt-arm_20.2.2.LTS\lib\</path>
         <kind>archive</kind>
         <file>rtsv7M4_T_le_v4SPD16_eabi.lib</file>
         <name>fflush.c.obj</name>
      </input_file>
      <input_file id="fl-d8">
         <path>C:\Users\sthel\Documents\ti\ccs1010\ccs\tools\compiler\ti-cgt-arm_20.2.2.LTS\lib\</path>
         <kind>archive</kind>
         <file>rtsv7M4_T_le_v4SPD16_eabi.lib</file>
         <name>fputc.c.obj</name>
      </input_file>
      <input_file id="fl-d9">
         <path>C:\Users\sthel\Documents\ti\ccs1010\ccs\tools\compiler\ti-cgt-arm_20.2.2.LTS\lib\</path>
         <kind>archive</kind>
         <file>rtsv7M4_T_le_v4SPD16_eabi.lib</file>
         <name>fputs.c.obj</name>
      </input_file>
      <input_file id="fl-da">
         <path>C:\Users\sthel\Documents\ti\ccs1010\ccs\tools\compiler\ti-cgt-arm_20.2.2.LTS\lib\</path>
         <kind>archive</kind>
         <file>rtsv7M4_T_le_v4SPD16_eabi.lib</file>
         <name>_io_perm.c.obj</name>
      </input_file>
      <input_file id="fl-db">
         <path>C:\Users\sthel\Documents\ti\ccs1010\ccs\tools\compiler\ti-cgt-arm_20.2.2.LTS\lib\</path>
         <kind>archive</kind>
         <file>rtsv7M4_T_le_v4SPD16_eabi.lib</file>
         <name>setvbuf.c.obj</name>
      </input_file>
      <input_file id="fl-dc">
         <path>C:\Users\sthel\Documents\ti\ccs1010\ccs\tools\compiler\ti-cgt-arm_20.2.2.LTS\lib\</path>
         <kind>archive</kind>
         <file>rtsv7M4_T_le_v4SPD16_eabi.lib</file>
         <name>ti_fmax.c.obj</name>
      </input_file>
      <input_file id="fl-dd">
         <path>C:\Users\sthel\Documents\ti\ccs1010\ccs\tools\compiler\ti-cgt-arm_20.2.2.LTS\lib\</path>
         <kind>archive</kind>
         <file>rtsv7M4_T_le_v4SPD16_eabi.lib</file>
         <name>fd_add_t2.asm.obj</name>
      </input_file>
      <input_file id="fl-de">
         <path>C:\Users\sthel\Documents\ti\ccs1010\ccs\tools\compiler\ti-cgt-arm_20.2.2.LTS\lib\</path>
         <kind>archive</kind>
         <file>rtsv7M4_T_le_v4SPD16_eabi.lib</file>
         <name>fd_cmp_t2.asm.obj</name>
      </input_file>
      <input_file id="fl-df">
         <path>C:\Users\sthel\Documents\ti\ccs1010\ccs\tools\compiler\ti-cgt-arm_20.2.2.LTS\lib\</path>
         <kind>archive</kind>
         <file>rtsv7M4_T_le_v4SPD16_eabi.lib</file>
         <name>fd_div_t2.asm.obj</name>
      </input_file>
      <input_file id="fl-e0">
         <path>C:\Users\sthel\Documents\ti\ccs1010\ccs\tools\compiler\ti-cgt-arm_20.2.2.LTS\lib\</path>
         <kind>archive</kind>
         <file>rtsv7M4_T_le_v4SPD16_eabi.lib</file>
         <name>fd_mul_t2.asm.obj</name>
      </input_file>
      <input_file id="fl-e1">
         <path>C:\Users\sthel\Documents\ti\ccs1010\ccs\tools\compiler\ti-cgt-arm_20.2.2.LTS\lib\</path>
         <kind>archive</kind>
         <file>rtsv7M4_T_le_v4SPD16_eabi.lib</file>
         <name>fd_toi_t2.asm.obj</name>
      </input_file>
      <input_file id="fl-e2">
         <path>C:\Users\sthel\Documents\ti\ccs1010\ccs\tools\compiler\ti-cgt-arm_20.2.2.LTS\lib\</path>
         <kind>archive</kind>
         <file>rtsv7M4_T_le_v4SPD16_eabi.lib</file>
         <name>fd_tos_t2.asm.obj</name>
      </input_file>
      <input_file id="fl-e3">
         <path>C:\Users\sthel\Documents\ti\ccs1010\ccs\tools\compiler\ti-cgt-arm_20.2.2.LTS\lib\</path>
         <kind>archive</kind>
         <file>rtsv7M4_T_le_v4SPD16_eabi.lib</file>
         <name>fs_tod_t2.asm.obj</name>
      </input_file>
      <input_file id="fl-e4">
         <path>C:\Users\sthel\Documents\ti\ccs1010\ccs\tools\compiler\ti-cgt-arm_20.2.2.LTS\lib\</path>
         <kind>archive</kind>
         <file>rtsv7M4_T_le_v4SPD16_eabi.lib</file>
         <name>i_tofd_t2.asm.obj</name>
      </input_file>
      <input_file id="fl-e5">
         <path>C:\Users\sthel\Documents\ti\ccs1010\ccs\tools\compiler\ti-cgt-arm_20.2.2.LTS\lib\</path>
         <kind>archive</kind>
         <file>rtsv7M4_T_le_v4SPD16_eabi.lib</file>
         <name>memcpy_t2.asm.obj</name>
      </input_file>
      <input_file id="fl-e6">
         <path>C:\Users\sthel\Documents\ti\ccs1010\ccs\tools\compiler\ti-cgt-arm_20.2.2.LTS\lib\</path>
         <kind>archive</kind>
         <file>rtsv7M4_T_le_v4SPD16_eabi.lib</file>
         <name>u_tofd_t2.asm.obj</name>
      </input_file>
      <input_file id="fl-e7">
         <path>C:\Users\sthel\Documents\ti\ccs1010\ccs\tools\compiler\ti-cgt-arm_20.2.2.LTS\lib\</path>
         <kind>archive</kind>
         <file>rtsv7M4_T_le_v4SPD16_eabi.lib</file>
         <name>ull_div_t2.asm.obj</name>
      </input_file>
      <input_file id="fl-e8">
         <path>C:\Users\sthel\Documents\ti\ccs1010\ccs\tools\compiler\ti-cgt-arm_20.2.2.LTS\lib\</path>
         <kind>archive</kind>
         <file>rtsv7M4_T_le_v4SPD16_eabi.lib</file>
         <name>memset_t2.asm.obj</name>
      </input_file>
      <input_file id="fl-e9">
         <path>C:\Users\sthel\Documents\ti\ccs1010\ccs\tools\compiler\ti-cgt-arm_20.2.2.LTS\lib\</path>
         <kind>archive</kind>
         <file>rtsv7M4_T_le_v4SPD16_eabi.lib</file>
         <name>copy_zero_init.c.obj</name>
      </input_file>
      <input_file id="fl-ea">
         <path>C:\Users\sthel\Documents\ti\ccs1010\ccs\tools\compiler\ti-cgt-arm_20.2.2.LTS\lib\</path>
         <kind>archive</kind>
         <file>rtsv7M4_T_le_v4SPD16_eabi.lib</file>
         <name>copy_decompress_none.c.obj</name>
      </input_file>
      <input_file id="fl-eb">
         <path>C:\Users\sthel\Documents\ti\ccs1010\ccs\tools\compiler\ti-cgt-arm_20.2.2.LTS\lib\</path>
         <kind>archive</kind>
         <file>rtsv7M4_T_le_v4SPD16_eabi.lib</file>
         <name>copy_decompress_lzss.c.obj</name>
      </input_file>
      <input_file id="fl-ec">
         <path>C:\Users\sthel\Documents\ti\ccs1010\ccs\tools\compiler\ti-cgt-arm_20.2.2.LTS\lib\</path>
         <kind>archive</kind>
         <file>rtsv7M4_T_le_v4SPD16_eabi.lib</file>
         <name>k_rem_pio2.c.obj</name>
      </input_file>
      <input_file id="fl-ed">
         <path>C:\Users\sthel\Documents\ti\ccs1010\ccs\tools\compiler\ti-cgt-arm_20.2.2.LTS\lib\</path>
         <kind>archive</kind>
         <file>rtsv7M4_T_le_v4SPD16_eabi.lib</file>
         <name>exit.c.obj</name>
      </input_file>
      <input_file id="fl-ee">
         <path>C:\Users\sthel\Documents\ti\ccs1010\ccs\tools\compiler\ti-cgt-arm_20.2.2.LTS\lib\</path>
         <kind>archive</kind>
         <file>rtsv7M4_T_le_v4SPD16_eabi.lib</file>
         <name>_lock.c.obj</name>
      </input_file>
      <input_file id="fl-ef">
         <path>C:\Users\sthel\Documents\ti\ccs1010\ccs\tools\compiler\ti-cgt-arm_20.2.2.LTS\lib\</path>
         <kind>archive</kind>
         <file>rtsv7M4_T_le_v4SPD16_eabi.lib</file>
         <name>_ltoa.c.obj</name>
      </input_file>
      <input_file id="fl-f0">
         <path>C:\Users\sthel\Documents\ti\ccs1010\ccs\tools\compiler\ti-cgt-arm_20.2.2.LTS\lib\</path>
         <kind>archive</kind>
         <file>rtsv7M4_T_le_v4SPD16_eabi.lib</file>
         <name>atoi.c.obj</name>
      </input_file>
      <input_file id="fl-f1">
         <path>C:\Users\sthel\Documents\ti\ccs1010\ccs\tools\compiler\ti-cgt-arm_20.2.2.LTS\lib\</path>
         <kind>archive</kind>
         <file>rtsv7M4_T_le_v4SPD16_eabi.lib</file>
         <name>ctype.c.obj</name>
      </input_file>
      <input_file id="fl-f2">
         <path>C:\Users\sthel\Documents\ti\ccs1010\ccs\tools\compiler\ti-cgt-arm_20.2.2.LTS\lib\</path>
         <kind>archive</kind>
         <file>rtsv7M4_T_le_v4SPD16_eabi.lib</file>
         <name>defs.c.obj</name>
      </input_file>
      <input_file id="fl-f3">
         <path>C:\Users\sthel\Documents\ti\ccs1010\ccs\tools\compiler\ti-cgt-arm_20.2.2.LTS\lib\</path>
         <kind>archive</kind>
         <file>rtsv7M4_T_le_v4SPD16_eabi.lib</file>
         <name>memccpy.c.obj</name>
      </input_file>
      <input_file id="fl-f4">
         <path>C:\Users\sthel\Documents\ti\ccs1010\ccs\tools\compiler\ti-cgt-arm_20.2.2.LTS\lib\</path>
         <kind>archive</kind>
         <file>rtsv7M4_T_le_v4SPD16_eabi.lib</file>
         <name>memchr.c.obj</name>
      </input_file>
      <input_file id="fl-f5">
         <path>C:\Users\sthel\Documents\ti\ccs1010\ccs\tools\compiler\ti-cgt-arm_20.2.2.LTS\lib\</path>
         <kind>archive</kind>
         <file>rtsv7M4_T_le_v4SPD16_eabi.lib</file>
         <name>memory.c.obj</name>
      </input_file>
      <input_file id="fl-f6">
         <path>C:\Users\sthel\Documents\ti\ccs1010\ccs\tools\compiler\ti-cgt-arm_20.2.2.LTS\lib\</path>
         <kind>archive</kind>
         <file>rtsv7M4_T_le_v4SPD16_eabi.lib</file>
         <name>strchr.c.obj</name>
      </input_file>
      <input_file id="fl-f7">
         <path>C:\Users\sthel\Documents\ti\ccs1010\ccs\tools\compiler\ti-cgt-arm_20.2.2.LTS\lib\</path>
         <kind>archive</kind>
         <file>rtsv7M4_T_le_v4SPD16_eabi.lib</file>
         <name>strlen.c.obj</name>
      </input_file>
      <input_file id="fl-f8">
         <path>C:\Users\sthel\Documents\ti\ccs1010\ccs\tools\compiler\ti-cgt-arm_20.2.2.LTS\lib\</path>
         <kind>archive</kind>
         <file>rtsv7M4_T_le_v4SPD16_eabi.lib</file>
         <name>write.c.obj</name>
      </input_file>
      <input_file id="fl-f9">
         <path>C:\Users\sthel\Documents\ti\ccs1010\ccs\tools\compiler\ti-cgt-arm_20.2.2.LTS\lib\</path>
         <kind>archive</kind>
         <file>rtsv7M4_T_le_v4SPD16_eabi.lib</file>
         <name>host_device.c.obj</name>
      </input_file>
      <input_file id="fl-fa">
         <path>C:\Users\sthel\Documents\ti\ccs1010\ccs\tools\compiler\ti-cgt-arm_20.2.2.LTS\lib\</path>
         <kind>archive</kind>
         <file>rtsv7M4_T_le_v4SPD16_eabi.lib</file>
         <name>boot_cortex_m.c.obj</name>
      </input_file>
      <input_file id="fl-fb">
         <path>C:\Users\sthel\Documents\ti\ccs1010\ccs\tools\compiler\ti-cgt-arm_20.2.2.LTS\lib\</path>
         <kind>archive</kind>
         <file>rtsv7M4_T_le_v4SPD16_eabi.lib</file>
         <name>errno.c.obj</name>
      </input_file>
      <input_file id="fl-fc">
         <path>C:\Users\sthel\Documents\ti\ccs1010\ccs\tools\compiler\ti-cgt-arm_20.2.2.LTS\lib\</path>
         <kind>archive</kind>
         <file>rtsv7M4_T_le_v4SPD16_eabi.lib</file>
         <name>k_cos.c.obj</name>
      </input_file>
      <input_file id="fl-fd">
         <path>C:\Users\sthel\Documents\ti\ccs1010\ccs\tools\compiler\ti-cgt-arm_20.2.2.LTS\lib\</path>
         <kind>archive</kind>
         <file>rtsv7M4_T_le_v4SPD16_eabi.lib</file>
         <name>k_sin.c.obj</name>
      </input_file>
      <input_file id="fl-fe">
         <path>C:\Users\sthel\Documents\ti\ccs1010\ccs\tools\compiler\ti-cgt-arm_20.2.2.LTS\lib\</path>
         <kind>archive</kind>
         <file>rtsv7M4_T_le_v4SPD16_eabi.lib</file>
         <name>s_floor.c.obj</name>
      </input_file>
      <input_file id="fl-ff">
         <path>C:\Users\sthel\Documents\ti\ccs1010\ccs\tools\compiler\ti-cgt-arm_20.2.2.LTS\lib\</path>
         <kind>archive</kind>
         <file>rtsv7M4_T_le_v4SPD16_eabi.lib</file>
         <name>s_frexp.c.obj</name>
      </input_file>
      <input_file id="fl-100">
         <path>C:\Users\sthel\Documents\ti\ccs1010\ccs\tools\compiler\ti-cgt-arm_20.2.2.LTS\lib\</path>
         <kind>archive</kind>
         <file>rtsv7M4_T_le_v4SPD16_eabi.lib</file>
         <name>s_scalbn.c.obj</name>
      </input_file>
      <input_file id="fl-101">
         <path>C:\Users\sthel\Documents\ti\ccs1010\ccs\tools\compiler\ti-cgt-arm_20.2.2.LTS\lib\</path>
         <kind>archive</kind>
         <file>rtsv7M4_T_le_v4SPD16_eabi.lib</file>
         <name>wcslen.c.obj</name>
      </input_file>
      <input_file id="fl-102">
         <path>C:\Users\sthel\Documents\ti\ccs1010\ccs\tools\compiler\ti-cgt-arm_20.2.2.LTS\lib\</path>
         <kind>archive</kind>
         <file>rtsv7M4_T_le_v4SPD16_eabi.lib</file>
         <name>s_copysign.c.obj</name>
      </input_file>
      <input_file id="fl-103">
         <path>C:\Users\sthel\Documents\ti\ccs1010\ccs\tools\compiler\ti-cgt-arm_20.2.2.LTS\lib\</path>
         <kind>archive</kind>
         <file>rtsv7M4_T_le_v4SPD16_eabi.lib</file>
         <name>fopen.c.obj</name>
      </input_file>
      <input_file id="fl-104">
         <path>C:\Users\sthel\Documents\ti\ccs1010\ccs\tools\compiler\ti-cgt-arm_20.2.2.LTS\lib\</path>
         <kind>archive</kind>
         <file>rtsv7M4_T_le_v4SPD16_eabi.lib</file>
         <name>fseek.c.obj</name>
      </input_file>
      <input_file id="fl-105">
         <path>C:\Users\sthel\Documents\ti\ccs1010\ccs\tools\compiler\ti-cgt-arm_20.2.2.LTS\lib\</path>
         <kind>archive</kind>
         <file>rtsv7M4_T_le_v4SPD16_eabi.lib</file>
         <name>div0.asm.obj</name>
      </input_file>
      <input_file id="fl-106">
         <path>C:\Users\sthel\Documents\ti\ccs1010\ccs\tools\compiler\ti-cgt-arm_20.2.2.LTS\lib\</path>
         <kind>archive</kind>
         <file>rtsv7M4_T_le_v4SPD16_eabi.lib</file>
         <name>autoinit.c.obj</name>
      </input_file>
      <input_file id="fl-107">
         <path>C:\Users\sthel\Documents\ti\ccs1010\ccs\tools\compiler\ti-cgt-arm_20.2.2.LTS\lib\</path>
         <kind>archive</kind>
         <file>rtsv7M4_T_le_v4SPD16_eabi.lib</file>
         <name>pre_init.c.obj</name>
      </input_file>
      <input_file id="fl-108">
         <path>C:\Users\sthel\Documents\ti\ccs1010\ccs\tools\compiler\ti-cgt-arm_20.2.2.LTS\lib\</path>
         <kind>archive</kind>
         <file>rtsv7M4_T_le_v4SPD16_eabi.lib</file>
         <name>cpy_tbl.c.obj</name>
      </input_file>
      <input_file id="fl-109">
         <path>C:\Users\sthel\Documents\ti\ccs1010\ccs\tools\compiler\ti-cgt-arm_20.2.2.LTS\lib\</path>
         <kind>archive</kind>
         <file>rtsv7M4_T_le_v4SPD16_eabi.lib</file>
         <name>args_main.c.obj</name>
      </input_file>
      <input_file id="fl-10a">
         <path>C:\Users\sthel\Documents\ti\ccs1010\ccs\tools\compiler\ti-cgt-arm_20.2.2.LTS\lib\</path>
         <kind>archive</kind>
         <file>rtsv7M4_T_le_v4SPD16_eabi.lib</file>
         <name>hostclose.c.obj</name>
      </input_file>
      <input_file id="fl-10b">
         <path>C:\Users\sthel\Documents\ti\ccs1010\ccs\tools\compiler\ti-cgt-arm_20.2.2.LTS\lib\</path>
         <kind>archive</kind>
         <file>rtsv7M4_T_le_v4SPD16_eabi.lib</file>
         <name>hostlseek.c.obj</name>
      </input_file>
      <input_file id="fl-10c">
         <path>C:\Users\sthel\Documents\ti\ccs1010\ccs\tools\compiler\ti-cgt-arm_20.2.2.LTS\lib\</path>
         <kind>archive</kind>
         <file>rtsv7M4_T_le_v4SPD16_eabi.lib</file>
         <name>hostopen.c.obj</name>
      </input_file>
      <input_file id="fl-10d">
         <path>C:\Users\sthel\Documents\ti\ccs1010\ccs\tools\compiler\ti-cgt-arm_20.2.2.LTS\lib\</path>
         <kind>archive</kind>
         <file>rtsv7M4_T_le_v4SPD16_eabi.lib</file>
         <name>hostread.c.obj</name>
      </input_file>
      <input_file id="fl-10e">
         <path>C:\Users\sthel\Documents\ti\ccs1010\ccs\tools\compiler\ti-cgt-arm_20.2.2.LTS\lib\</path>
         <kind>archive</kind>
         <file>rtsv7M4_T_le_v4SPD16_eabi.lib</file>
         <name>hostrename.c.obj</name>
      </input_file>
      <input_file id="fl-10f">
         <path>C:\Users\sthel\Documents\ti\ccs1010\ccs\tools\compiler\ti-cgt-arm_20.2.2.LTS\lib\</path>
         <kind>archive</kind>
         <file>rtsv7M4_T_le_v4SPD16_eabi.lib</file>
         <name>hostunlink.c.obj</name>
      </input_file>
      <input_file id="fl-110">
         <path>C:\Users\sthel\Documents\ti\ccs1010\ccs\tools\compiler\ti-cgt-arm_20.2.2.LTS\lib\</path>
         <kind>archive</kind>
         <file>rtsv7M4_T_le_v4SPD16_eabi.lib</file>
         <name>hostwrite.c.obj</name>
      </input_file>
      <input_file id="fl-111">
         <path>C:\Users\sthel\Documents\ti\ccs1010\ccs\tools\compiler\ti-cgt-arm_20.2.2.LTS\lib\</path>
         <kind>archive</kind>
         <file>rtsv7M4_T_le_v4SPD16_eabi.lib</file>
         <name>trgmsg.c.obj</name>
      </input_file>
      <input_file id="fl-112">
         <path>C:\Users\sthel\Documents\ti\ccs1010\ccs\tools\compiler\ti-cgt-arm_20.2.2.LTS\lib\</path>
         <kind>archive</kind>
         <file>rtsv7M4_T_le_v4SPD16_eabi.lib</file>
         <name>open.c.obj</name>
      </input_file>
      <input_file id="fl-113">
         <path>C:\Users\sthel\Documents\ti\ccs1010\ccs\tools\compiler\ti-cgt-arm_20.2.2.LTS\lib\</path>
         <kind>archive</kind>
         <file>rtsv7M4_T_le_v4SPD16_eabi.lib</file>
         <name>lseek.c.obj</name>
      </input_file>
      <input_file id="fl-114">
         <path>C:\Users\sthel\Documents\ti\ccs1010\ccs\tools\compiler\ti-cgt-arm_20.2.2.LTS\lib\</path>
         <kind>archive</kind>
         <file>rtsv7M4_T_le_v4SPD16_eabi.lib</file>
         <name>fclose.c.obj</name>
      </input_file>
      <input_file id="fl-115">
         <path>C:\Users\sthel\Documents\ti\ccs1010\ccs\tools\compiler\ti-cgt-arm_20.2.2.LTS\lib\</path>
         <kind>archive</kind>
         <file>rtsv7M4_T_le_v4SPD16_eabi.lib</file>
         <name>getdevice.c.obj</name>
      </input_file>
      <input_file id="fl-116">
         <path>C:\Users\sthel\Documents\ti\ccs1010\ccs\tools\compiler\ti-cgt-arm_20.2.2.LTS\lib\</path>
         <kind>archive</kind>
         <file>rtsv7M4_T_le_v4SPD16_eabi.lib</file>
         <name>strcmp.c.obj</name>
      </input_file>
      <input_file id="fl-117">
         <path>C:\Users\sthel\Documents\ti\ccs1010\ccs\tools\compiler\ti-cgt-arm_20.2.2.LTS\lib\</path>
         <kind>archive</kind>
         <file>rtsv7M4_T_le_v4SPD16_eabi.lib</file>
         <name>strcpy.c.obj</name>
      </input_file>
      <input_file id="fl-118">
         <path>C:\Users\sthel\Documents\ti\ccs1010\ccs\tools\compiler\ti-cgt-arm_20.2.2.LTS\lib\</path>
         <kind>archive</kind>
         <file>rtsv7M4_T_le_v4SPD16_eabi.lib</file>
         <name>strncpy.c.obj</name>
      </input_file>
      <input_file id="fl-119">
         <path>C:\Users\sthel\Documents\ti\ccs1010\ccs\tools\compiler\ti-cgt-arm_20.2.2.LTS\lib\</path>
         <kind>archive</kind>
         <file>rtsv7M4_T_le_v4SPD16_eabi.lib</file>
         <name>remove.c.obj</name>
      </input_file>
      <input_file id="fl-11a">
         <path>C:\Users\sthel\Documents\ti\ccs1010\ccs\tools\compiler\ti-cgt-arm_20.2.2.LTS\lib\</path>
         <kind>archive</kind>
         <file>rtsv7M4_T_le_v4SPD16_eabi.lib</file>
         <name>close.c.obj</name>
      </input_file>
      <input_file id="fl-11b">
         <path>C:\Users\sthel\Documents\ti\ccs1010\ccs\tools\compiler\ti-cgt-arm_20.2.2.LTS\lib\</path>
         <kind>archive</kind>
         <file>rtsv7M4_T_le_v4SPD16_eabi.lib</file>
         <name>unlink.c.obj</name>
      </input_file>
   </input_file_list>
   <object_component_list>
      <object_component id="oc-26">
         <name>.intvecs:retain</name>
         <load_address>0x0</load_address>
         <run_address>0x0</run_address>
         <size>0xe4</size>
         <input_file_ref idref="fl-4"/>
      </object_component>
      <object_component id="oc-2ca">
         <name>.text:__TI_printfi</name>
         <load_address>0xe4</load_address>
         <run_address>0xe4</run_address>
         <size>0xa4e</size>
         <input_file_ref idref="fl-d6"/>
      </object_component>
      <object_component id="oc-70">
         <name>.text:Default_Handler</name>
         <load_address>0xb32</load_address>
         <run_address>0xb32</run_address>
         <size>0x2</size>
         <input_file_ref idref="fl-4"/>
      </object_component>
      <object_component id="oc-4a8">
         <name>.text:__kernel_rem_pio2</name>
         <load_address>0xb34</load_address>
         <run_address>0xb34</run_address>
         <size>0x738</size>
         <input_file_ref idref="fl-ec"/>
      </object_component>
      <object_component id="oc-352">
         <name>.text:cos</name>
         <load_address>0x126c</load_address>
         <run_address>0x126c</run_address>
         <size>0x5dc</size>
         <input_file_ref idref="fl-d3"/>
      </object_component>
      <object_component id="oc-34c">
         <name>.text:sin</name>
         <load_address>0x1848</load_address>
         <run_address>0x1848</run_address>
         <size>0x5c4</size>
         <input_file_ref idref="fl-d4"/>
      </object_component>
      <object_component id="oc-1e4">
         <name>.text:calc_azimuth_zenith</name>
         <load_address>0x1e0c</load_address>
         <run_address>0x1e0c</run_address>
         <size>0x508</size>
         <input_file_ref idref="fl-2"/>
      </object_component>
      <object_component id="oc-358">
         <name>.text:acos</name>
         <load_address>0x2314</load_address>
         <run_address>0x2314</run_address>
         <size>0x41c</size>
         <input_file_ref idref="fl-d0"/>
      </object_component>
      <object_component id="oc-1ea">
         <name>.text:GPS_align_panel</name>
         <load_address>0x2730</load_address>
         <run_address>0x2730</run_address>
         <size>0x418</size>
         <input_file_ref idref="fl-2"/>
      </object_component>
      <object_component id="oc-1de">
         <name>.text:parseGPS</name>
         <load_address>0x2b48</load_address>
         <run_address>0x2b48</run_address>
         <size>0x37c</size>
         <input_file_ref idref="fl-2"/>
      </object_component>
      <object_component id="oc-b2">
         <name>.text:main</name>
         <load_address>0x2ec4</load_address>
         <run_address>0x2ec4</run_address>
         <size>0x344</size>
         <input_file_ref idref="fl-2"/>
      </object_component>
      <object_component id="oc-5f6">
         <name>.text:__PCM_setPowerStateAdvanced</name>
         <load_address>0x3208</load_address>
         <run_address>0x3208</run_address>
         <size>0x28a</size>
         <input_file_ref idref="fl-13"/>
      </object_component>
      <object_component id="oc-426">
         <name>.text:_nop</name>
         <load_address>0x3492</load_address>
         <run_address>0x3492</run_address>
         <size>0x2</size>
         <input_file_ref idref="fl-ee"/>
      </object_component>
      <object_component id="oc-45d">
         <name>.text:_pconv_a</name>
         <load_address>0x3494</load_address>
         <run_address>0x3494</run_address>
         <size>0x270</size>
         <input_file_ref idref="fl-d6"/>
      </object_component>
      <object_component id="oc-36d">
         <name>.text:fmod</name>
         <load_address>0x3704</load_address>
         <run_address>0x3704</run_address>
         <size>0x234</size>
         <input_file_ref idref="fl-d1"/>
      </object_component>
      <object_component id="oc-1f0">
         <name>.text:compare_LDR</name>
         <load_address>0x3938</load_address>
         <run_address>0x3938</run_address>
         <size>0x1f0</size>
         <input_file_ref idref="fl-2"/>
      </object_component>
      <object_component id="oc-44b">
         <name>.text:_pconv_g</name>
         <load_address>0x3b28</load_address>
         <run_address>0x3b28</run_address>
         <size>0x1d0</size>
         <input_file_ref idref="fl-d6"/>
      </object_component>
      <object_component id="oc-324">
         <name>.text</name>
         <load_address>0x3cf8</load_address>
         <run_address>0x3cf8</run_address>
         <size>0x1b6</size>
         <input_file_ref idref="fl-dd"/>
      </object_component>
      <object_component id="oc-622">
         <name>.text</name>
         <load_address>0x3eae</load_address>
         <run_address>0x3eae</run_address>
         <size>0x2</size>
         <input_file_ref idref="fl-105"/>
      </object_component>
      <object_component id="oc-4a2">
         <name>.text:__kernel_sin</name>
         <load_address>0x3eb0</load_address>
         <run_address>0x3eb0</run_address>
         <size>0x174</size>
         <input_file_ref idref="fl-fd"/>
      </object_component>
      <object_component id="oc-4ae">
         <name>.text:__kernel_cos</name>
         <load_address>0x4024</load_address>
         <run_address>0x4024</run_address>
         <size>0x16c</size>
         <input_file_ref idref="fl-fc"/>
      </object_component>
      <object_component id="oc-2af">
         <name>.text:_getIndexForMemRegister</name>
         <load_address>0x4190</load_address>
         <run_address>0x4190</run_address>
         <size>0x160</size>
         <input_file_ref idref="fl-f"/>
      </object_component>
      <object_component id="oc-5ee">
         <name>.text:__PCM_setPowerModeAdvanced</name>
         <load_address>0x42f0</load_address>
         <run_address>0x42f0</run_address>
         <size>0x15c</size>
         <input_file_ref idref="fl-13"/>
      </object_component>
      <object_component id="oc-4bd">
         <name>.text:sqrt</name>
         <load_address>0x444c</load_address>
         <run_address>0x444c</run_address>
         <size>0x158</size>
         <input_file_ref idref="fl-d2"/>
      </object_component>
      <object_component id="oc-457">
         <name>.text:_pconv_e</name>
         <load_address>0x45a4</load_address>
         <run_address>0x45a4</run_address>
         <size>0x13c</size>
         <input_file_ref idref="fl-d6"/>
      </object_component>
      <object_component id="oc-31f">
         <name>.text</name>
         <load_address>0x46e0</load_address>
         <run_address>0x46e0</run_address>
         <size>0x136</size>
         <input_file_ref idref="fl-df"/>
      </object_component>
      <object_component id="oc-f8">
         <name>.text:LED_indicator</name>
         <load_address>0x4818</load_address>
         <run_address>0x4818</run_address>
         <size>0x130</size>
         <input_file_ref idref="fl-2"/>
      </object_component>
      <object_component id="oc-559">
         <name>.text:fcvt</name>
         <load_address>0x4948</load_address>
         <run_address>0x4948</run_address>
         <size>0x124</size>
         <input_file_ref idref="fl-d6"/>
      </object_component>
      <object_component id="oc-145">
         <name>.text:UART_initModule</name>
         <load_address>0x4a6c</load_address>
         <run_address>0x4a6c</run_address>
         <size>0x11c</size>
         <input_file_ref idref="fl-18"/>
      </object_component>
      <object_component id="oc-481">
         <name>.text:fputs</name>
         <load_address>0x4b88</load_address>
         <run_address>0x4b88</run_address>
         <size>0x114</size>
         <input_file_ref idref="fl-d9"/>
      </object_component>
      <object_component id="oc-56d">
         <name>.text:scalbn</name>
         <load_address>0x4c9c</load_address>
         <run_address>0x4c9c</run_address>
         <size>0x110</size>
         <input_file_ref idref="fl-100"/>
      </object_component>
      <object_component id="oc-1f6">
         <name>.text:gotosleep</name>
         <load_address>0x4dac</load_address>
         <run_address>0x4dac</run_address>
         <size>0x10c</size>
         <input_file_ref idref="fl-2"/>
      </object_component>
      <object_component id="oc-675">
         <name>.text:__PCM_setCoreVoltageLevelAdvanced</name>
         <load_address>0x4eb8</load_address>
         <run_address>0x4eb8</run_address>
         <size>0x108</size>
         <input_file_ref idref="fl-13"/>
      </object_component>
      <object_component id="oc-732">
         <name>.text:aligned_alloc</name>
         <load_address>0x4fc0</load_address>
         <run_address>0x4fc0</run_address>
         <size>0x100</size>
         <input_file_ref idref="fl-f5"/>
      </object_component>
      <object_component id="oc-347">
         <name>.text</name>
         <load_address>0x50c0</load_address>
         <run_address>0x50c0</run_address>
         <size>0xfc</size>
         <input_file_ref idref="fl-e0"/>
      </object_component>
      <object_component id="oc-5ab">
         <name>.text:floor</name>
         <load_address>0x51bc</load_address>
         <run_address>0x51bc</run_address>
         <size>0xf8</size>
         <input_file_ref idref="fl-fe"/>
      </object_component>
      <object_component id="oc-6d0">
         <name>.text:free</name>
         <load_address>0x52b4</load_address>
         <run_address>0x52b4</run_address>
         <size>0xe4</size>
         <input_file_ref idref="fl-f5"/>
      </object_component>
      <object_component id="oc-4da">
         <name>.text:CS_startLFXTWithTimeout</name>
         <load_address>0x5398</load_address>
         <run_address>0x5398</run_address>
         <size>0xe0</size>
         <input_file_ref idref="fl-10"/>
      </object_component>
      <object_component id="oc-652">
         <name>.text:setvbuf</name>
         <load_address>0x5478</load_address>
         <run_address>0x5478</run_address>
         <size>0xdc</size>
         <input_file_ref idref="fl-db"/>
      </object_component>
      <object_component id="oc-1b0">
         <name>.text:fmin</name>
         <load_address>0x5554</load_address>
         <run_address>0x5554</run_address>
         <size>0xd4</size>
         <input_file_ref idref="fl-dc"/>
      </object_component>
      <object_component id="oc-39b">
         <name>.text:fmax</name>
         <load_address>0x5628</load_address>
         <run_address>0x5628</run_address>
         <size>0xcc</size>
         <input_file_ref idref="fl-dc"/>
      </object_component>
      <object_component id="oc-181">
         <name>.text:ADC14_configureConversionMemory</name>
         <load_address>0x56f4</load_address>
         <run_address>0x56f4</run_address>
         <size>0xb4</size>
         <input_file_ref idref="fl-f"/>
      </object_component>
      <object_component id="oc-17b">
         <name>.text:ADC14_configureMultiSequenceMode</name>
         <load_address>0x57a8</load_address>
         <run_address>0x57a8</run_address>
         <size>0xb4</size>
         <input_file_ref idref="fl-f"/>
      </object_component>
      <object_component id="oc-445">
         <name>.text:_ltostr</name>
         <load_address>0x585c</load_address>
         <run_address>0x585c</run_address>
         <size>0xb1</size>
         <input_file_ref idref="fl-d6"/>
      </object_component>
      <object_component id="oc-3a">
         <name>.text</name>
         <load_address>0x590e</load_address>
         <run_address>0x590e</run_address>
         <size>0x9c</size>
         <input_file_ref idref="fl-e5"/>
      </object_component>
      <object_component id="oc-540">
         <name>.text</name>
         <load_address>0x59aa</load_address>
         <run_address>0x59aa</run_address>
         <size>0x96</size>
         <input_file_ref idref="fl-e7"/>
      </object_component>
      <object_component id="oc-3ae">
         <name>.text:RTC_C_initCalendar</name>
         <load_address>0x5a40</load_address>
         <run_address>0x5a40</run_address>
         <size>0x94</size>
         <input_file_ref idref="fl-16"/>
      </object_component>
      <object_component id="oc-488">
         <name>.text:fputc</name>
         <load_address>0x5ad4</load_address>
         <run_address>0x5ad4</run_address>
         <size>0x8c</size>
         <input_file_ref idref="fl-d8"/>
      </object_component>
      <object_component id="oc-175">
         <name>.text:GPIO_setAsPeripheralModuleFunctionInputPin</name>
         <load_address>0x5b60</load_address>
         <run_address>0x5b60</run_address>
         <size>0x88</size>
         <input_file_ref idref="fl-11"/>
      </object_component>
      <object_component id="oc-30b">
         <name>.text:__aeabi_cdcmple</name>
         <load_address>0x5be8</load_address>
         <run_address>0x5be8</run_address>
         <size>0x86</size>
         <input_file_ref idref="fl-de"/>
      </object_component>
      <object_component id="oc-367">
         <name>.text:__aeabi_cdrcmple</name>
         <load_address>0x5c6e</load_address>
         <run_address>0x5c6e</run_address>
         <size>0x86</size>
         <input_file_ref idref="fl-de"/>
      </object_component>
      <object_component id="oc-fe">
         <name>.text:GPIO_getEnabledInterruptStatus</name>
         <load_address>0x5cf4</load_address>
         <run_address>0x5cf4</run_address>
         <size>0x84</size>
         <input_file_ref idref="fl-11"/>
      </object_component>
      <object_component id="oc-3c6">
         <name>.text:PCM_gotoLPM3</name>
         <load_address>0x5d78</load_address>
         <run_address>0x5d78</run_address>
         <size>0x84</size>
         <input_file_ref idref="fl-13"/>
      </object_component>
      <object_component id="oc-163">
         <name>.text:Interrupt_enableInterrupt</name>
         <load_address>0x5dfc</load_address>
         <run_address>0x5dfc</run_address>
         <size>0x80</size>
         <input_file_ref idref="fl-12"/>
      </object_component>
      <object_component id="oc-18d">
         <name>.text:fflush</name>
         <load_address>0x5e7c</load_address>
         <run_address>0x5e7c</run_address>
         <size>0x7c</size>
         <input_file_ref idref="fl-d7"/>
      </object_component>
      <object_component id="oc-a6">
         <name>.text</name>
         <load_address>0x5ef8</load_address>
         <run_address>0x5ef8</run_address>
         <size>0x7a</size>
         <input_file_ref idref="fl-e8"/>
      </object_component>
      <object_component id="oc-c4">
         <name>.text:SystemInit</name>
         <load_address>0x5f74</load_address>
         <run_address>0x5f74</run_address>
         <size>0x78</size>
         <input_file_ref idref="fl-3"/>
      </object_component>
      <object_component id="oc-739">
         <name>.text:__TI_closefile</name>
         <load_address>0x5fec</load_address>
         <run_address>0x5fec</run_address>
         <size>0x74</size>
         <input_file_ref idref="fl-114"/>
      </object_component>
      <object_component id="oc-761">
         <name>.text:split</name>
         <load_address>0x6060</load_address>
         <run_address>0x6060</run_address>
         <size>0x70</size>
         <input_file_ref idref="fl-f5"/>
      </object_component>
      <object_component id="oc-552">
         <name>.text:_mcpy</name>
         <load_address>0x60d0</load_address>
         <run_address>0x60d0</run_address>
         <size>0x6e</size>
         <input_file_ref idref="fl-d6"/>
      </object_component>
      <object_component id="oc-329">
         <name>.text</name>
         <load_address>0x613e</load_address>
         <run_address>0x613e</run_address>
         <size>0x6e</size>
         <input_file_ref idref="fl-e2"/>
      </object_component>
      <object_component id="oc-6b2">
         <name>.text:HOSTrename</name>
         <load_address>0x61ac</load_address>
         <run_address>0x61ac</run_address>
         <size>0x6c</size>
         <input_file_ref idref="fl-10e"/>
      </object_component>
      <object_component id="oc-1d2">
         <name>.text:readGPS</name>
         <load_address>0x6218</load_address>
         <run_address>0x6218</run_address>
         <size>0x6c</size>
         <input_file_ref idref="fl-2"/>
      </object_component>
      <object_component id="oc-6a6">
         <name>.text:HOSTlseek</name>
         <load_address>0x6284</load_address>
         <run_address>0x6284</run_address>
         <size>0x68</size>
         <input_file_ref idref="fl-10b"/>
      </object_component>
      <object_component id="oc-17">
         <name>.text:decompress:lzss:__TI_decompress_lzss</name>
         <load_address>0x62ec</load_address>
         <run_address>0x62ec</run_address>
         <size>0x68</size>
         <input_file_ref idref="fl-eb"/>
      </object_component>
      <object_component id="oc-193">
         <name>.text:printf</name>
         <load_address>0x6354</load_address>
         <run_address>0x6354</run_address>
         <size>0x68</size>
         <input_file_ref idref="fl-d5"/>
      </object_component>
      <object_component id="oc-3ba">
         <name>.text:RTC_C_enableInterrupt</name>
         <load_address>0x63bc</load_address>
         <run_address>0x63bc</run_address>
         <size>0x64</size>
         <input_file_ref idref="fl-16"/>
      </object_component>
      <object_component id="oc-cc">
         <name>.text:UART_getEnabledInterruptStatus</name>
         <load_address>0x6420</load_address>
         <run_address>0x6420</run_address>
         <size>0x64</size>
         <input_file_ref idref="fl-18"/>
      </object_component>
      <object_component id="oc-567">
         <name>.text:frexp</name>
         <load_address>0x6484</load_address>
         <run_address>0x6484</run_address>
         <size>0x64</size>
         <input_file_ref idref="fl-ff"/>
      </object_component>
      <object_component id="oc-64c">
         <name>.text:fseek</name>
         <load_address>0x64e8</load_address>
         <run_address>0x64e8</run_address>
         <size>0x64</size>
         <input_file_ref idref="fl-104"/>
      </object_component>
      <object_component id="oc-599">
         <name>.text:__TI_wrt_ok</name>
         <load_address>0x654c</load_address>
         <run_address>0x654c</run_address>
         <size>0x62</size>
         <input_file_ref idref="fl-da"/>
      </object_component>
      <object_component id="oc-68e">
         <name>.text:HOSTopen</name>
         <load_address>0x65b0</load_address>
         <run_address>0x65b0</run_address>
         <size>0x60</size>
         <input_file_ref idref="fl-10c"/>
      </object_component>
      <object_component id="oc-38e">
         <name>.text:moveE</name>
         <load_address>0x6610</load_address>
         <run_address>0x6610</run_address>
         <size>0x60</size>
         <input_file_ref idref="fl-2"/>
      </object_component>
      <object_component id="oc-382">
         <name>.text:moveN</name>
         <load_address>0x6670</load_address>
         <run_address>0x6670</run_address>
         <size>0x60</size>
         <input_file_ref idref="fl-2"/>
      </object_component>
      <object_component id="oc-388">
         <name>.text:moveS</name>
         <load_address>0x66d0</load_address>
         <run_address>0x66d0</run_address>
         <size>0x60</size>
         <input_file_ref idref="fl-2"/>
      </object_component>
      <object_component id="oc-394">
         <name>.text:moveW</name>
         <load_address>0x6730</load_address>
         <run_address>0x6730</run_address>
         <size>0x60</size>
         <input_file_ref idref="fl-2"/>
      </object_component>
      <object_component id="oc-6ef">
         <name>.text:PCM_getCoreVoltageLevel</name>
         <load_address>0x6790</load_address>
         <run_address>0x6790</run_address>
         <size>0x5e</size>
         <input_file_ref idref="fl-13"/>
      </object_component>
      <object_component id="oc-eb">
         <name>.text:RTC_C_getInterruptStatus</name>
         <load_address>0x67f0</load_address>
         <run_address>0x67f0</run_address>
         <size>0x5c</size>
         <input_file_ref idref="fl-16"/>
      </object_component>
      <object_component id="oc-768">
         <name>.text:close</name>
         <load_address>0x684c</load_address>
         <run_address>0x684c</run_address>
         <size>0x5c</size>
         <input_file_ref idref="fl-11a"/>
      </object_component>
      <object_component id="oc-4f3">
         <name>.text:PCM_getPowerMode</name>
         <load_address>0x68a8</load_address>
         <run_address>0x68a8</run_address>
         <size>0x5a</size>
         <input_file_ref idref="fl-13"/>
      </object_component>
      <object_component id="oc-199">
         <name>.text:GPIO_setAsInputPinWithPullUpResistor</name>
         <load_address>0x6904</load_address>
         <run_address>0x6904</run_address>
         <size>0x58</size>
         <input_file_ref idref="fl-11"/>
      </object_component>
      <object_component id="oc-69a">
         <name>.text:HOSTread</name>
         <load_address>0x695c</load_address>
         <run_address>0x695c</run_address>
         <size>0x58</size>
         <input_file_ref idref="fl-10d"/>
      </object_component>
      <object_component id="oc-6a0">
         <name>.text:HOSTwrite</name>
         <load_address>0x69b4</load_address>
         <run_address>0x69b4</run_address>
         <size>0x58</size>
         <input_file_ref idref="fl-110"/>
      </object_component>
      <object_component id="oc-f1">
         <name>.text:RTC_C_clearInterruptFlag</name>
         <load_address>0x6a0c</load_address>
         <run_address>0x6a0c</run_address>
         <size>0x58</size>
         <input_file_ref idref="fl-16"/>
      </object_component>
      <object_component id="oc-451">
         <name>.text:_pconv_f</name>
         <load_address>0x6a64</load_address>
         <run_address>0x6a64</run_address>
         <size>0x56</size>
         <input_file_ref idref="fl-d6"/>
      </object_component>
      <object_component id="oc-2f7">
         <name>.text:ADC14_getMultiSequenceResult</name>
         <load_address>0x6abc</load_address>
         <run_address>0x6abc</run_address>
         <size>0x54</size>
         <input_file_ref idref="fl-f"/>
      </object_component>
      <object_component id="oc-16f">
         <name>.text:ADC14_initModule</name>
         <load_address>0x6b10</load_address>
         <run_address>0x6b10</run_address>
         <size>0x54</size>
         <input_file_ref idref="fl-f"/>
      </object_component>
      <object_component id="oc-687">
         <name>.text:PCM_shutdownDevice</name>
         <load_address>0x6b64</load_address>
         <run_address>0x6b64</run_address>
         <size>0x54</size>
         <input_file_ref idref="fl-13"/>
      </object_component>
      <object_component id="oc-546">
         <name>.text:__TI_ltoa</name>
         <load_address>0x6bb8</load_address>
         <run_address>0x6bb8</run_address>
         <size>0x54</size>
         <input_file_ref idref="fl-ef"/>
      </object_component>
      <object_component id="oc-54c">
         <name>.text:_ecpy</name>
         <load_address>0x6c0c</load_address>
         <run_address>0x6c0c</run_address>
         <size>0x52</size>
         <input_file_ref idref="fl-d6"/>
      </object_component>
      <object_component id="oc-76">
         <name>.text:EUSCIA2_IRQHandler</name>
         <load_address>0x6c60</load_address>
         <run_address>0x6c60</run_address>
         <size>0x50</size>
         <input_file_ref idref="fl-2"/>
      </object_component>
      <object_component id="oc-1a5">
         <name>.text:read_sensors</name>
         <load_address>0x6cb0</load_address>
         <run_address>0x6cb0</run_address>
         <size>0x50</size>
         <input_file_ref idref="fl-2"/>
      </object_component>
      <object_component id="oc-2bc">
         <name>.text:__TI_doflush</name>
         <load_address>0x6d00</load_address>
         <run_address>0x6d00</run_address>
         <size>0x4c</size>
         <input_file_ref idref="fl-d7"/>
      </object_component>
      <object_component id="oc-43f">
         <name>.text:atoi</name>
         <load_address>0x6d4c</load_address>
         <run_address>0x6d4c</run_address>
         <size>0x4c</size>
         <input_file_ref idref="fl-f0"/>
      </object_component>
      <object_component id="oc-319">
         <name>.text:convert_toHundreds</name>
         <load_address>0x6d98</load_address>
         <run_address>0x6d98</run_address>
         <size>0x4c</size>
         <input_file_ref idref="fl-2"/>
      </object_component>
      <object_component id="oc-20d">
         <name>.text:exit</name>
         <load_address>0x6de4</load_address>
         <run_address>0x6de4</run_address>
         <size>0x48</size>
         <input_file_ref idref="fl-ed"/>
      </object_component>
      <object_component id="oc-341">
         <name>.text:is_leap_year</name>
         <load_address>0x6e2c</load_address>
         <run_address>0x6e2c</run_address>
         <size>0x48</size>
         <input_file_ref idref="fl-2"/>
      </object_component>
      <object_component id="oc-1b6">
         <name>.text</name>
         <load_address>0x6e74</load_address>
         <run_address>0x6e74</run_address>
         <size>0x48</size>
         <input_file_ref idref="fl-e1"/>
      </object_component>
      <object_component id="oc-694">
         <name>.text:HOSTclose</name>
         <load_address>0x6ebc</load_address>
         <run_address>0x6ebc</run_address>
         <size>0x44</size>
         <input_file_ref idref="fl-10a"/>
      </object_component>
      <object_component id="oc-6ac">
         <name>.text:HOSTunlink</name>
         <load_address>0x6f00</load_address>
         <run_address>0x6f00</run_address>
         <size>0x44</size>
         <input_file_ref idref="fl-10f"/>
      </object_component>
      <object_component id="oc-213">
         <name>.text:__TI_auto_init_nobinit_nopinit:__TI_auto_init_nobinit_nopinit</name>
         <load_address>0x6f44</load_address>
         <run_address>0x6f44</run_address>
         <size>0x44</size>
         <input_file_ref idref="fl-106"/>
      </object_component>
      <object_component id="oc-782">
         <name>.text:getdevice</name>
         <load_address>0x6f88</load_address>
         <run_address>0x6f88</run_address>
         <size>0x44</size>
         <input_file_ref idref="fl-115"/>
      </object_component>
      <object_component id="oc-157">
         <name>.text:GPIO_setAsOutputPin</name>
         <load_address>0x6fcc</load_address>
         <run_address>0x6fcc</run_address>
         <size>0x40</size>
         <input_file_ref idref="fl-11"/>
      </object_component>
      <object_component id="oc-3b4">
         <name>.text:RTC_C_setCalendarAlarm</name>
         <load_address>0x700c</load_address>
         <run_address>0x700c</run_address>
         <size>0x40</size>
         <input_file_ref idref="fl-16"/>
      </object_component>
      <object_component id="oc-55f">
         <name>.text:_fcpy</name>
         <load_address>0x704c</load_address>
         <run_address>0x704c</run_address>
         <size>0x3e</size>
         <input_file_ref idref="fl-d6"/>
      </object_component>
      <object_component id="oc-6ff">
         <name>.text:__TI_writemsg</name>
         <load_address>0x708c</load_address>
         <run_address>0x708c</run_address>
         <size>0x38</size>
         <input_file_ref idref="fl-111"/>
      </object_component>
      <object_component id="oc-32e">
         <name>.text</name>
         <load_address>0x70c4</load_address>
         <run_address>0x70c4</run_address>
         <size>0x38</size>
         <input_file_ref idref="fl-e3"/>
      </object_component>
      <object_component id="oc-78e">
         <name>.text:strncpy</name>
         <load_address>0x70fc</load_address>
         <run_address>0x70fc</run_address>
         <size>0x36</size>
         <input_file_ref idref="fl-118"/>
      </object_component>
      <object_component id="oc-2e5">
         <name>.text:ADC14_enableSampleTimer</name>
         <load_address>0x7134</load_address>
         <run_address>0x7134</run_address>
         <size>0x34</size>
         <input_file_ref idref="fl-f"/>
      </object_component>
      <object_component id="oc-13f">
         <name>.text:CS_setDCOCenteredFrequency</name>
         <load_address>0x7168</load_address>
         <run_address>0x7168</run_address>
         <size>0x34</size>
         <input_file_ref idref="fl-10"/>
      </object_component>
      <object_component id="oc-6dc">
         <name>.text:__TI_cleanup</name>
         <load_address>0x719c</load_address>
         <run_address>0x719c</run_address>
         <size>0x34</size>
         <input_file_ref idref="fl-103"/>
      </object_component>
      <object_component id="oc-705">
         <name>.text:__TI_readmsg</name>
         <load_address>0x71d0</load_address>
         <run_address>0x71d0</run_address>
         <size>0x34</size>
         <input_file_ref idref="fl-111"/>
      </object_component>
      <object_component id="oc-58">
         <name>.text:_c_int00_noargs:_c_int00_noargs</name>
         <load_address>0x7204</load_address>
         <run_address>0x7204</run_address>
         <size>0x34</size>
         <input_file_ref idref="fl-fa"/>
      </object_component>
      <object_component id="oc-1d8">
         <name>.text:UART_disableInterrupt</name>
         <load_address>0x7238</load_address>
         <run_address>0x7238</run_address>
         <size>0x30</size>
         <input_file_ref idref="fl-18"/>
      </object_component>
      <object_component id="oc-1cc">
         <name>.text:UART_enableInterrupt</name>
         <load_address>0x7268</load_address>
         <run_address>0x7268</run_address>
         <size>0x30</size>
         <input_file_ref idref="fl-18"/>
      </object_component>
      <object_component id="oc-d8">
         <name>.text:UART_receiveData</name>
         <load_address>0x7298</load_address>
         <run_address>0x7298</run_address>
         <size>0x30</size>
         <input_file_ref idref="fl-18"/>
      </object_component>
      <object_component id="oc-4cf">
         <name>.text:delay</name>
         <load_address>0x72c8</load_address>
         <run_address>0x72c8</run_address>
         <size>0x30</size>
         <input_file_ref idref="fl-2"/>
      </object_component>
      <object_component id="oc-794">
         <name>.text:finddevice</name>
         <load_address>0x72f8</load_address>
         <run_address>0x72f8</run_address>
         <size>0x30</size>
         <input_file_ref idref="fl-115"/>
      </object_component>
      <object_component id="oc-1bb">
         <name>.text</name>
         <load_address>0x7328</load_address>
         <run_address>0x7328</run_address>
         <size>0x2e</size>
         <input_file_ref idref="fl-e4"/>
      </object_component>
      <object_component id="oc-2f1">
         <name>.text:ADC14_toggleConversionTrigger</name>
         <load_address>0x7358</load_address>
         <run_address>0x7358</run_address>
         <size>0x2c</size>
         <input_file_ref idref="fl-f"/>
      </object_component>
      <object_component id="oc-82">
         <name>.text:PORT1_IRQHandler</name>
         <load_address>0x7384</load_address>
         <run_address>0x7384</run_address>
         <size>0x2c</size>
         <input_file_ref idref="fl-2"/>
      </object_component>
      <object_component id="oc-6f7">
         <name>.text:RTC_C_holdClock</name>
         <load_address>0x73b0</load_address>
         <run_address>0x73b0</run_address>
         <size>0x2c</size>
         <input_file_ref idref="fl-16"/>
      </object_component>
      <object_component id="oc-3c0">
         <name>.text:RTC_C_startClock</name>
         <load_address>0x73dc</load_address>
         <run_address>0x73dc</run_address>
         <size>0x2c</size>
         <input_file_ref idref="fl-16"/>
      </object_component>
      <object_component id="oc-76e">
         <name>.text:unlink</name>
         <load_address>0x7408</load_address>
         <run_address>0x7408</run_address>
         <size>0x2c</size>
         <input_file_ref idref="fl-11b"/>
      </object_component>
      <object_component id="oc-2eb">
         <name>.text:ADC14_enableConversion</name>
         <load_address>0x7434</load_address>
         <run_address>0x7434</run_address>
         <size>0x28</size>
         <input_file_ref idref="fl-f"/>
      </object_component>
      <object_component id="oc-104">
         <name>.text:GPIO_clearInterruptFlag</name>
         <load_address>0x745c</load_address>
         <run_address>0x745c</run_address>
         <size>0x28</size>
         <input_file_ref idref="fl-11"/>
      </object_component>
      <object_component id="oc-19f">
         <name>.text:GPIO_enableInterrupt</name>
         <load_address>0x7484</load_address>
         <run_address>0x7484</run_address>
         <size>0x28</size>
         <input_file_ref idref="fl-11"/>
      </object_component>
      <object_component id="oc-1c0">
         <name>.text:GPIO_setOutputHighOnPin</name>
         <load_address>0x74ac</load_address>
         <run_address>0x74ac</run_address>
         <size>0x28</size>
         <input_file_ref idref="fl-11"/>
      </object_component>
      <object_component id="oc-187">
         <name>.text:GPIO_setOutputLowOnPin</name>
         <load_address>0x74d4</load_address>
         <run_address>0x74d4</run_address>
         <size>0x28</size>
         <input_file_ref idref="fl-11"/>
      </object_component>
      <object_component id="oc-67b">
         <name>.text:PCM_gotoLPM0</name>
         <load_address>0x74fc</load_address>
         <run_address>0x74fc</run_address>
         <size>0x28</size>
         <input_file_ref idref="fl-13"/>
      </object_component>
      <object_component id="oc-72b">
         <name>.text:free_list_insert</name>
         <load_address>0x7524</load_address>
         <run_address>0x7524</run_address>
         <size>0x28</size>
         <input_file_ref idref="fl-f5"/>
      </object_component>
      <object_component id="oc-6c8">
         <name>.text:lseek</name>
         <load_address>0x754c</load_address>
         <run_address>0x754c</run_address>
         <size>0x28</size>
         <input_file_ref idref="fl-113"/>
      </object_component>
      <object_component id="oc-41f">
         <name>.text:write</name>
         <load_address>0x7574</load_address>
         <run_address>0x7574</run_address>
         <size>0x28</size>
         <input_file_ref idref="fl-f8"/>
      </object_component>
      <object_component id="oc-288">
         <name>.text:GPIO_getInterruptStatus</name>
         <load_address>0x759c</load_address>
         <run_address>0x759c</run_address>
         <size>0x24</size>
         <input_file_ref idref="fl-11"/>
      </object_component>
      <object_component id="oc-133">
         <name>.text:WDT_A_holdTimer</name>
         <load_address>0x75c0</load_address>
         <run_address>0x75c0</run_address>
         <size>0x24</size>
         <input_file_ref idref="fl-19"/>
      </object_component>
      <object_component id="oc-14b">
         <name>.text:REF_A_setReferenceVoltage</name>
         <load_address>0x75e4</load_address>
         <run_address>0x75e4</run_address>
         <size>0x20</size>
         <input_file_ref idref="fl-15"/>
      </object_component>
      <object_component id="oc-59f">
         <name>.text:memchr</name>
         <load_address>0x7604</load_address>
         <run_address>0x7604</run_address>
         <size>0x20</size>
         <input_file_ref idref="fl-f4"/>
      </object_component>
      <object_component id="oc-1ab">
         <name>.text</name>
         <load_address>0x7624</load_address>
         <run_address>0x7624</run_address>
         <size>0x20</size>
         <input_file_ref idref="fl-e6"/>
      </object_component>
      <object_component id="oc-2fd">
         <name>.text:ADC14_disableSampleTimer</name>
         <load_address>0x7644</load_address>
         <run_address>0x7644</run_address>
         <size>0x1c</size>
         <input_file_ref idref="fl-f"/>
      </object_component>
      <object_component id="oc-725">
         <name>.text:free_list_remove</name>
         <load_address>0x7660</load_address>
         <run_address>0x7660</run_address>
         <size>0x1c</size>
         <input_file_ref idref="fl-f5"/>
      </object_component>
      <object_component id="oc-463">
         <name>.text:memccpy</name>
         <load_address>0x767c</load_address>
         <run_address>0x767c</run_address>
         <size>0x1c</size>
         <input_file_ref idref="fl-f3"/>
      </object_component>
      <object_component id="oc-630">
         <name>.text:copysign</name>
         <load_address>0x7698</load_address>
         <run_address>0x7698</run_address>
         <size>0x1a</size>
         <input_file_ref idref="fl-102"/>
      </object_component>
      <object_component id="oc-3a8">
         <name>.text:PSS_disableHighSide</name>
         <load_address>0x76b4</load_address>
         <run_address>0x76b4</run_address>
         <size>0x18</size>
         <input_file_ref idref="fl-14"/>
      </object_component>
      <object_component id="oc-5d6">
         <name>.text:SysCtl_A_disableNMISource</name>
         <load_address>0x76cc</load_address>
         <run_address>0x76cc</run_address>
         <size>0x18</size>
         <input_file_ref idref="fl-17"/>
      </object_component>
      <object_component id="oc-5dc">
         <name>.text:SysCtl_A_enableNMISource</name>
         <load_address>0x76e4</load_address>
         <run_address>0x76e4</run_address>
         <size>0x18</size>
         <input_file_ref idref="fl-17"/>
      </object_component>
      <object_component id="oc-246">
         <name>.text:UART_getInterruptStatus</name>
         <load_address>0x76fc</load_address>
         <run_address>0x76fc</run_address>
         <size>0x18</size>
         <input_file_ref idref="fl-18"/>
      </object_component>
      <object_component id="oc-7a5">
         <name>.text:strcmp</name>
         <load_address>0x7714</load_address>
         <run_address>0x7714</run_address>
         <size>0x18</size>
         <input_file_ref idref="fl-116"/>
      </object_component>
      <object_component id="oc-d2">
         <name>.text:UART_clearInterruptFlag</name>
         <load_address>0x772c</load_address>
         <run_address>0x772c</run_address>
         <size>0x16</size>
         <input_file_ref idref="fl-18"/>
      </object_component>
      <object_component id="oc-1c6">
         <name>.text:UART_enableModule</name>
         <load_address>0x7742</load_address>
         <run_address>0x7742</run_address>
         <size>0x16</size>
         <input_file_ref idref="fl-18"/>
      </object_component>
      <object_component id="oc-573">
         <name>.text:strchr</name>
         <load_address>0x7758</load_address>
         <run_address>0x7758</run_address>
         <size>0x16</size>
         <input_file_ref idref="fl-f6"/>
      </object_component>
      <object_component id="oc-4f9">
         <name>.text:PCM_getPowerState</name>
         <load_address>0x7770</load_address>
         <run_address>0x7770</run_address>
         <size>0x14</size>
         <input_file_ref idref="fl-13"/>
      </object_component>
      <object_component id="oc-719">
         <name>.text:strcpy</name>
         <load_address>0x7784</load_address>
         <run_address>0x7784</run_address>
         <size>0x14</size>
         <input_file_ref idref="fl-117"/>
      </object_component>
      <object_component id="oc-439">
         <name>.text:strlen</name>
         <load_address>0x7798</load_address>
         <run_address>0x7798</run_address>
         <size>0x14</size>
         <input_file_ref idref="fl-f7"/>
      </object_component>
      <object_component id="oc-469">
         <name>.text:wcslen</name>
         <load_address>0x77ac</load_address>
         <run_address>0x77ac</run_address>
         <size>0x12</size>
         <input_file_ref idref="fl-101"/>
      </object_component>
      <object_component id="oc-303">
         <name>.text:ADC14_disableConversion</name>
         <load_address>0x77c0</load_address>
         <run_address>0x77c0</run_address>
         <size>0x10</size>
         <input_file_ref idref="fl-f"/>
      </object_component>
      <object_component id="oc-2a7">
         <name>.text:ADCIsConversionRunning</name>
         <load_address>0x77d0</load_address>
         <run_address>0x77d0</run_address>
         <size>0x10</size>
         <input_file_ref idref="fl-f"/>
      </object_component>
      <object_component id="oc-139">
         <name>.text:Interrupt_disableSleepOnIsrExit</name>
         <load_address>0x77e0</load_address>
         <run_address>0x77e0</run_address>
         <size>0x10</size>
         <input_file_ref idref="fl-12"/>
      </object_component>
      <object_component id="oc-15d">
         <name>.text:Interrupt_enableMaster</name>
         <load_address>0x77f0</load_address>
         <run_address>0x77f0</run_address>
         <size>0x10</size>
         <input_file_ref idref="fl-12"/>
      </object_component>
      <object_component id="oc-681">
         <name>.text:PCM_gotoLPM4</name>
         <load_address>0x7800</load_address>
         <run_address>0x7800</run_address>
         <size>0x10</size>
         <input_file_ref idref="fl-13"/>
      </object_component>
      <object_component id="oc-4ff">
         <name>.text:PCM_setPowerMode</name>
         <load_address>0x7810</load_address>
         <run_address>0x7810</run_address>
         <size>0x10</size>
         <input_file_ref idref="fl-13"/>
      </object_component>
      <object_component id="oc-50b">
         <name>.text:PCM_setPowerState</name>
         <load_address>0x7820</load_address>
         <run_address>0x7820</run_address>
         <size>0x10</size>
         <input_file_ref idref="fl-13"/>
      </object_component>
      <object_component id="oc-5d0">
         <name>.text:SysCtl_A_getNMISourceStatus</name>
         <load_address>0x7830</load_address>
         <run_address>0x7830</run_address>
         <size>0x10</size>
         <input_file_ref idref="fl-17"/>
      </object_component>
      <object_component id="oc-4e1">
         <name>.text:__PSSUnlock</name>
         <load_address>0x7840</load_address>
         <run_address>0x7840</run_address>
         <size>0x10</size>
         <input_file_ref idref="fl-14"/>
      </object_component>
      <object_component id="oc-3a2">
         <name>.text:CS_startLFXT</name>
         <load_address>0x7850</load_address>
         <run_address>0x7850</run_address>
         <size>0xe</size>
         <input_file_ref idref="fl-10"/>
      </object_component>
      <object_component id="oc-1d">
         <name>.text:decompress:none:__TI_decompress_none</name>
         <load_address>0x785e</load_address>
         <run_address>0x785e</run_address>
         <size>0xe</size>
         <input_file_ref idref="fl-ea"/>
      </object_component>
      <object_component id="oc-169">
         <name>.text:ADC14_enableModule</name>
         <load_address>0x786c</load_address>
         <run_address>0x786c</run_address>
         <size>0xc</size>
         <input_file_ref idref="fl-f"/>
      </object_component>
      <object_component id="oc-29b">
         <name>.text:CPU_cpsie</name>
         <load_address>0x7878</load_address>
         <run_address>0x7878</run_address>
         <size>0xc</size>
         <input_file_ref idref="fl-1a"/>
      </object_component>
      <object_component id="oc-151">
         <name>.text:REF_A_enableReferenceVoltage</name>
         <load_address>0x7884</load_address>
         <run_address>0x7884</run_address>
         <size>0xc</size>
         <input_file_ref idref="fl-15"/>
      </object_component>
      <object_component id="oc-7c">
         <name>.text:RTC_C_IRQHandler</name>
         <load_address>0x7890</load_address>
         <run_address>0x7890</run_address>
         <size>0xc</size>
         <input_file_ref idref="fl-2"/>
      </object_component>
      <object_component id="oc-6a">
         <name>.text:Reset_Handler</name>
         <load_address>0x789c</load_address>
         <run_address>0x789c</run_address>
         <size>0xc</size>
         <input_file_ref idref="fl-4"/>
      </object_component>
      <object_component id="oc-4e7">
         <name>.text:__PSSLock</name>
         <load_address>0x78a8</load_address>
         <run_address>0x78a8</run_address>
         <size>0xc</size>
         <input_file_ref idref="fl-14"/>
      </object_component>
      <object_component id="oc-4c">
         <name>.text:decompress:ZI:__TI_zero_init</name>
         <load_address>0x78b4</load_address>
         <run_address>0x78b4</run_address>
         <size>0xc</size>
         <input_file_ref idref="fl-e9"/>
      </object_component>
      <object_component id="oc-46f">
         <name>.text:__aeabi_errno_addr</name>
         <load_address>0x78c0</load_address>
         <run_address>0x78c0</run_address>
         <size>0x8</size>
         <input_file_ref idref="fl-fb"/>
      </object_component>
      <object_component id="oc-6d6">
         <name>.text:malloc</name>
         <load_address>0x78c8</load_address>
         <run_address>0x78c8</run_address>
         <size>0x8</size>
         <input_file_ref idref="fl-f5"/>
      </object_component>
      <object_component id="oc-505">
         <name>.text:CPU_wfi</name>
         <load_address>0x78d0</load_address>
         <run_address>0x78d0</run_address>
         <size>0x4</size>
         <input_file_ref idref="fl-1a"/>
      </object_component>
      <object_component id="oc-2d6">
         <name>.text:_outc</name>
         <load_address>0x78d4</load_address>
         <run_address>0x78d4</run_address>
         <size>0x4</size>
         <input_file_ref idref="fl-d5"/>
      </object_component>
      <object_component id="oc-2d0">
         <name>.text:_outs</name>
         <load_address>0x78d8</load_address>
         <run_address>0x78d8</run_address>
         <size>0x4</size>
         <input_file_ref idref="fl-d5"/>
      </object_component>
      <object_component id="oc-ac">
         <name>.text:_system_pre_init</name>
         <load_address>0x78dc</load_address>
         <run_address>0x78dc</run_address>
         <size>0x4</size>
         <input_file_ref idref="fl-107"/>
      </object_component>
      <object_component id="oc-207">
         <name>.text:abort:abort</name>
         <load_address>0x78e0</load_address>
         <run_address>0x78e0</run_address>
         <size>0x4</size>
         <input_file_ref idref="fl-ed"/>
      </object_component>
      <object_component id="oc-5b1">
         <name>.const:$O1$$</name>
         <load_address>0x78e8</load_address>
         <run_address>0x78e8</run_address>
         <size>0x158</size>
         <input_file_ref idref="fl-ec"/>
      </object_component>
      <object_component id="oc-53b">
         <name>.const:.string:_ctypes_</name>
         <load_address>0x7a40</load_address>
         <run_address>0x7a40</run_address>
         <size>0x101</size>
         <input_file_ref idref="fl-f1"/>
      </object_component>
      <object_component id="oc-2b5">
         <name>.const:_ctlRegs</name>
         <load_address>0x7b44</load_address>
         <run_address>0x7b44</run_address>
         <size>0x80</size>
         <input_file_ref idref="fl-f"/>
      </object_component>
      <object_component id="oc-28e">
         <name>.const:GPIO_PORT_TO_BASE</name>
         <load_address>0x7bc4</load_address>
         <run_address>0x7bc4</run_address>
         <size>0x30</size>
         <input_file_ref idref="fl-11"/>
      </object_component>
      <object_component id="oc-1fc">
         <name>.const:uartConfig</name>
         <load_address>0x7bf4</load_address>
         <run_address>0x7bf4</run_address>
         <size>0x28</size>
         <input_file_ref idref="fl-2"/>
      </object_component>
      <object_component id="oc-364">
         <name>.const</name>
         <load_address>0x7c1c</load_address>
         <run_address>0x7c1c</run_address>
         <size>0x4</size>
         <input_file_ref idref="fl-2"/>
      </object_component>
      <object_component id="oc-4ca">
         <name>.const:Zero</name>
         <load_address>0x7c20</load_address>
         <run_address>0x7c20</run_address>
         <size>0x10</size>
         <input_file_ref idref="fl-d1"/>
      </object_component>
      <object_component id="oc-2a2">
         <name>.const:g_pulEnRegs</name>
         <load_address>0x7c30</load_address>
         <run_address>0x7c30</run_address>
         <size>0x8</size>
         <input_file_ref idref="fl-12"/>
      </object_component>
      <object_component id="oc-7e5">
         <name>.cinit..data.load</name>
         <load_address>0x7c38</load_address>
         <run_address>0x7c38</run_address>
         <size>0xd1</size>
      </object_component>
      <object_component id="oc-7e3">
         <name>__TI_handler_table</name>
         <load_address>0x7d0c</load_address>
         <run_address>0x7d0c</run_address>
         <size>0xc</size>
      </object_component>
      <object_component id="oc-7e6">
         <name>.cinit..bss.load</name>
         <load_address>0x7d18</load_address>
         <run_address>0x7d18</run_address>
         <size>0x8</size>
      </object_component>
      <object_component id="oc-7e4">
         <name>__TI_cinit_table</name>
         <load_address>0x7d20</load_address>
         <run_address>0x7d20</run_address>
         <size>0x10</size>
      </object_component>
      <object_component id="oc-7b7">
         <name>.binit</name>
         <load_address>0x0</load_address>
         <run_address>0x0</run_address>
         <size>0x0</size>
      </object_component>
      <object_component id="oc-e2">
         <name>.data</name>
         <load_address>0x20000fe8</load_address>
         <run_address>0x20000fe8</run_address>
         <size>0x1d</size>
         <input_file_ref idref="fl-2"/>
      </object_component>
      <object_component id="oc-35f">
         <name>.data:daysToMonth</name>
         <load_address>0x20000f38</load_address>
         <run_address>0x20000f38</run_address>
         <size>0x60</size>
         <input_file_ref idref="fl-2"/>
      </object_component>
      <object_component id="oc-3cc">
         <name>.data:calendarTime</name>
         <load_address>0x20001008</load_address>
         <run_address>0x20001008</run_address>
         <size>0x1c</size>
         <input_file_ref idref="fl-2"/>
      </object_component>
      <object_component id="oc-3d9">
         <name>.data:$O1$$</name>
         <load_address>0x20001034</load_address>
         <run_address>0x20001034</run_address>
         <size>0xc</size>
         <input_file_ref idref="fl-ed"/>
      </object_component>
      <object_component id="oc-2c2">
         <name>.data:$O1$$</name>
         <load_address>0x20001040</load_address>
         <run_address>0x20001040</run_address>
         <size>0x8</size>
         <input_file_ref idref="fl-ee"/>
      </object_component>
      <object_component id="oc-1ff">
         <name>.data:_ftable</name>
         <load_address>0x20000dd0</load_address>
         <run_address>0x20000dd0</run_address>
         <size>0xf0</size>
         <input_file_ref idref="fl-f2"/>
      </object_component>
      <object_component id="oc-2c5">
         <name>.data</name>
         <load_address>0x20001024</load_address>
         <run_address>0x20001024</run_address>
         <size>0x10</size>
         <input_file_ref idref="fl-f2"/>
      </object_component>
      <object_component id="oc-75c">
         <name>.data:$O1$$</name>
         <load_address>0x20001048</load_address>
         <run_address>0x20001048</run_address>
         <size>0x8</size>
         <input_file_ref idref="fl-f5"/>
      </object_component>
      <object_component id="oc-609">
         <name>.data:_device</name>
         <load_address>0x20000ec0</load_address>
         <run_address>0x20000ec0</run_address>
         <size>0x78</size>
         <input_file_ref idref="fl-f9"/>
      </object_component>
      <object_component id="oc-531">
         <name>.data:_stream</name>
         <load_address>0x20000f98</load_address>
         <run_address>0x20000f98</run_address>
         <size>0x50</size>
         <input_file_ref idref="fl-f9"/>
      </object_component>
      <object_component id="oc-583">
         <name>.data</name>
         <load_address>0x20001050</load_address>
         <run_address>0x20001050</run_address>
         <size>0x4</size>
         <input_file_ref idref="fl-fb"/>
      </object_component>
      <object_component id="oc-202">
         <name>.bss:sensorBuffer</name>
         <uninitialized>true</uninitialized>
         <run_address>0x20000d30</run_address>
         <size>0xc</size>
         <input_file_ref idref="fl-2"/>
      </object_component>
      <object_component id="oc-744">
         <name>.bss:_CIOBUF_</name>
         <uninitialized>true</uninitialized>
         <run_address>0x20000b20</run_address>
         <size>0x120</size>
         <input_file_ref idref="fl-111"/>
      </object_component>
      <object_component id="oc-333">
         <name>.common:min</name>
         <uninitialized>true</uninitialized>
         <run_address>0x20000dac</run_address>
         <size>0x4</size>
      </object_component>
      <object_component id="oc-334">
         <name>.common:sec</name>
         <uninitialized>true</uninitialized>
         <run_address>0x20000db4</run_address>
         <size>0x4</size>
      </object_component>
      <object_component id="oc-335">
         <name>.common:latdeg</name>
         <uninitialized>true</uninitialized>
         <run_address>0x20000d90</run_address>
         <size>0x4</size>
      </object_component>
      <object_component id="oc-336">
         <name>.common:latmin</name>
         <uninitialized>true</uninitialized>
         <run_address>0x20000d98</run_address>
         <size>0x4</size>
      </object_component>
      <object_component id="oc-337">
         <name>.common:lat_min_decimal</name>
         <uninitialized>true</uninitialized>
         <run_address>0x20000d88</run_address>
         <size>0x4</size>
      </object_component>
      <object_component id="oc-338">
         <name>.common:latitude_deg</name>
         <uninitialized>true</uninitialized>
[...]
         <object_component_ref idref="oc-3a"/>
      </symbol>
      <symbol id="sm-b0a">
         <name>__aeabi_memcpy8</name>
         <value>0x590f</value>
         <object_component_ref idref="oc-3a"/>
      </symbol>
      <symbol id="sm-b0b">
         <name>__aeabi_memcpy4</name>
         <value>0x590f</value>
         <object_component_ref idref="oc-3a"/>
      </symbol>
      <symbol id="sm-b15">
         <name>__aeabi_ui2d</name>
         <value>0x7625</value>
         <object_component_ref idref="oc-1ab"/>
      </symbol>
      <symbol id="sm-b22">
         <name>__aeabi_uldivmod</name>
         <value>0x59ab</value>
         <object_component_ref idref="oc-540"/>
      </symbol>
      <symbol id="sm-b31">
         <name>__aeabi_memset</name>
         <value>0x5efb</value>
         <object_component_ref idref="oc-a6"/>
      </symbol>
      <symbol id="sm-b32">
         <name>memset</name>
         <value>0x5f01</value>
         <object_component_ref idref="oc-a6"/>
      </symbol>
      <symbol id="sm-b33">
         <name>__aeabi_memset8</name>
         <value>0x5efb</value>
         <object_component_ref idref="oc-a6"/>
      </symbol>
      <symbol id="sm-b34">
         <name>__aeabi_memset4</name>
         <value>0x5efb</value>
         <object_component_ref idref="oc-a6"/>
      </symbol>
      <symbol id="sm-b35">
         <name>__aeabi_memclr8</name>
         <value>0x5ef9</value>
         <object_component_ref idref="oc-a6"/>
      </symbol>
      <symbol id="sm-b36">
         <name>__aeabi_memclr4</name>
         <value>0x5ef9</value>
         <object_component_ref idref="oc-a6"/>
      </symbol>
      <symbol id="sm-b37">
         <name>__aeabi_memclr</name>
         <value>0x5ef9</value>
         <object_component_ref idref="oc-a6"/>
      </symbol>
      <symbol id="sm-b49">
         <name>__TI_zero_init</name>
         <value>0x78b5</value>
         <object_component_ref idref="oc-4c"/>
      </symbol>
      <symbol id="sm-b60">
         <name>__TI_decompress_none</name>
         <value>0x785f</value>
         <object_component_ref idref="oc-1d"/>
      </symbol>
      <symbol id="sm-b83">
         <name>__TI_decompress_lzss</name>
         <value>0x62ed</value>
         <object_component_ref idref="oc-17"/>
      </symbol>
      <symbol id="sm-bf3">
         <name>__kernel_rem_pio2</name>
         <value>0xb35</value>
         <object_component_ref idref="oc-4a8"/>
      </symbol>
      <symbol id="sm-c19">
         <name>C$$EXIT</name>
         <value>0x78e1</value>
         <object_component_ref idref="oc-207"/>
      </symbol>
      <symbol id="sm-c1a">
         <name>abort</name>
         <value>0x78e1</value>
         <object_component_ref idref="oc-207"/>
      </symbol>
      <symbol id="sm-c1b">
         <name>__TI_dtors_ptr</name>
         <value>0x20001038</value>
         <object_component_ref idref="oc-3d9"/>
      </symbol>
      <symbol id="sm-c1c">
         <name>__TI_cleanup_ptr</name>
         <value>0x20001034</value>
         <object_component_ref idref="oc-3d9"/>
      </symbol>
      <symbol id="sm-c1d">
         <name>__TI_enable_exit_profile_output</name>
         <value>0x2000103c</value>
         <object_component_ref idref="oc-3d9"/>
      </symbol>
      <symbol id="sm-c1e">
         <name>exit</name>
         <value>0x6de5</value>
         <object_component_ref idref="oc-20d"/>
      </symbol>
      <symbol id="sm-c33">
         <name>_nop</name>
         <value>0x3493</value>
         <object_component_ref idref="oc-426"/>
      </symbol>
      <symbol id="sm-c34">
         <name>_lock</name>
         <value>0x20001040</value>
         <object_component_ref idref="oc-2c2"/>
      </symbol>
      <symbol id="sm-c35">
         <name>_unlock</name>
         <value>0x20001044</value>
         <object_component_ref idref="oc-2c2"/>
      </symbol>
      <symbol id="sm-c44">
         <name>__TI_ltoa</name>
         <value>0x6bb9</value>
         <object_component_ref idref="oc-546"/>
      </symbol>
      <symbol id="sm-c5a">
         <name>atoi</name>
         <value>0x6d4d</value>
         <object_component_ref idref="oc-43f"/>
      </symbol>
      <symbol id="sm-c65">
         <name>_ctypes_</name>
         <value>0x7a40</value>
         <object_component_ref idref="oc-53b"/>
      </symbol>
      <symbol id="sm-c7a">
         <name>__TI_tmpnams</name>
         <value>0x20000c40</value>
      </symbol>
      <symbol id="sm-c7b">
         <name>__aeabi_stdout</name>
         <value>0x2000102c</value>
         <object_component_ref idref="oc-2c5"/>
      </symbol>
      <symbol id="sm-c7c">
         <name>__aeabi_stderr</name>
         <value>0x20001030</value>
         <object_component_ref idref="oc-2c5"/>
      </symbol>
      <symbol id="sm-c7d">
         <name>__aeabi_stdin</name>
         <value>0x20001028</value>
         <object_component_ref idref="oc-2c5"/>
      </symbol>
      <symbol id="sm-c7e">
         <name>_ftable</name>
         <value>0x20000dd0</value>
         <object_component_ref idref="oc-1ff"/>
      </symbol>
      <symbol id="sm-c7f">
         <name>__TI_ft_end</name>
         <value>0x20001024</value>
         <object_component_ref idref="oc-2c5"/>
      </symbol>
      <symbol id="sm-c8f">
         <name>memccpy</name>
         <value>0x767d</value>
         <object_component_ref idref="oc-463"/>
      </symbol>
      <symbol id="sm-c9f">
         <name>memchr</name>
         <value>0x7605</value>
         <object_component_ref idref="oc-59f"/>
      </symbol>
      <symbol id="sm-d28">
         <name>_sys_memory</name>
         <value>0x20000000</value>
         <object_component_ref idref="oc-29"/>
      </symbol>
      <symbol id="sm-d29">
         <name>free</name>
         <value>0x52b5</value>
         <object_component_ref idref="oc-6d0"/>
      </symbol>
      <symbol id="sm-d2a">
         <name>memalign</name>
         <value>0x4fc1</value>
         <object_component_ref idref="oc-732"/>
      </symbol>
      <symbol id="sm-d2b">
         <name>malloc</name>
         <value>0x78c9</value>
         <object_component_ref idref="oc-6d6"/>
      </symbol>
      <symbol id="sm-d2c">
         <name>aligned_alloc</name>
         <value>0x4fc1</value>
         <object_component_ref idref="oc-732"/>
      </symbol>
      <symbol id="sm-d3c">
         <name>strchr</name>
         <value>0x7759</value>
         <object_component_ref idref="oc-573"/>
      </symbol>
      <symbol id="sm-d4a">
         <name>strlen</name>
         <value>0x7799</value>
         <object_component_ref idref="oc-439"/>
      </symbol>
      <symbol id="sm-d64">
         <name>write</name>
         <value>0x7575</value>
         <object_component_ref idref="oc-41f"/>
      </symbol>
      <symbol id="sm-d75">
         <name>_stream</name>
         <value>0x20000f98</value>
         <object_component_ref idref="oc-531"/>
      </symbol>
      <symbol id="sm-d76">
         <name>_device</name>
         <value>0x20000ec0</value>
         <object_component_ref idref="oc-609"/>
      </symbol>
      <symbol id="sm-d89">
         <name>__stack</name>
         <value>0x2000fe00</value>
         <object_component_ref idref="oc-2c"/>
      </symbol>
      <symbol id="sm-d8a">
         <name>_c_int00_noargs</name>
         <value>0x7205</value>
         <object_component_ref idref="oc-58"/>
      </symbol>
      <symbol id="sm-da0">
         <name>__aeabi_errno_addr</name>
         <value>0x78c1</value>
         <object_component_ref idref="oc-46f"/>
      </symbol>
      <symbol id="sm-da1">
         <name>errno</name>
         <value>0x20001050</value>
         <object_component_ref idref="oc-583"/>
      </symbol>
      <symbol id="sm-db7">
         <name>__kernel_cos</name>
         <value>0x4025</value>
         <object_component_ref idref="oc-4ae"/>
      </symbol>
      <symbol id="sm-dce">
         <name>__kernel_sin</name>
         <value>0x3eb1</value>
         <object_component_ref idref="oc-4a2"/>
      </symbol>
      <symbol id="sm-deb">
         <name>floorl</name>
         <value>0x51bd</value>
         <object_component_ref idref="oc-5ab"/>
      </symbol>
      <symbol id="sm-dec">
         <name>floor</name>
         <value>0x51bd</value>
         <object_component_ref idref="oc-5ab"/>
      </symbol>
      <symbol id="sm-e02">
         <name>frexpl</name>
         <value>0x6485</value>
         <object_component_ref idref="oc-567"/>
      </symbol>
      <symbol id="sm-e03">
         <name>frexp</name>
         <value>0x6485</value>
         <object_component_ref idref="oc-567"/>
      </symbol>
      <symbol id="sm-e20">
         <name>scalbn</name>
         <value>0x4c9d</value>
         <object_component_ref idref="oc-56d"/>
      </symbol>
      <symbol id="sm-e21">
         <name>scalbnl</name>
         <value>0x4c9d</value>
         <object_component_ref idref="oc-56d"/>
      </symbol>
      <symbol id="sm-e22">
         <name>ldexpl</name>
         <value>0x4c9d</value>
         <object_component_ref idref="oc-56d"/>
      </symbol>
      <symbol id="sm-e23">
         <name>ldexp</name>
         <value>0x4c9d</value>
         <object_component_ref idref="oc-56d"/>
      </symbol>
      <symbol id="sm-e3c">
         <name>wcslen</name>
         <value>0x77ad</value>
         <object_component_ref idref="oc-469"/>
      </symbol>
      <symbol id="sm-e46">
         <name>copysign</name>
         <value>0x7699</value>
         <object_component_ref idref="oc-630"/>
      </symbol>
      <symbol id="sm-e47">
         <name>copysignl</name>
         <value>0x7699</value>
         <object_component_ref idref="oc-630"/>
      </symbol>
      <symbol id="sm-e57">
         <name>__TI_cleanup</name>
         <value>0x719d</value>
         <object_component_ref idref="oc-6dc"/>
      </symbol>
      <symbol id="sm-e69">
         <name>fseek</name>
         <value>0x64e9</value>
         <object_component_ref idref="oc-64c"/>
      </symbol>
      <symbol id="sm-e73">
         <name>__aeabi_idiv0</name>
         <value>0x3eaf</value>
         <object_component_ref idref="oc-622"/>
      </symbol>
      <symbol id="sm-e74">
         <name>__aeabi_ldiv0</name>
         <value>0x3eaf</value>
         <object_component_ref idref="oc-622"/>
      </symbol>
      <symbol id="sm-e9c">
         <name>__TI_auto_init_nobinit_nopinit</name>
         <value>0x6f45</value>
         <object_component_ref idref="oc-213"/>
      </symbol>
      <symbol id="sm-ea6">
         <name>_system_pre_init</name>
         <value>0x78dd</value>
         <object_component_ref idref="oc-ac"/>
      </symbol>
      <symbol id="sm-eb9">
         <name>HOSTclose</name>
         <value>0x6ebd</value>
         <object_component_ref idref="oc-694"/>
      </symbol>
      <symbol id="sm-eca">
         <name>HOSTlseek</name>
         <value>0x6285</value>
         <object_component_ref idref="oc-6a6"/>
      </symbol>
      <symbol id="sm-edc">
         <name>parmbuf</name>
         <value>0x20000d50</value>
      </symbol>
      <symbol id="sm-edd">
         <name>HOSTopen</name>
         <value>0x65b1</value>
         <object_component_ref idref="oc-68e"/>
      </symbol>
      <symbol id="sm-eee">
         <name>HOSTread</name>
         <value>0x695d</value>
         <object_component_ref idref="oc-69a"/>
      </symbol>
      <symbol id="sm-eff">
         <name>HOSTrename</name>
         <value>0x61ad</value>
         <object_component_ref idref="oc-6b2"/>
      </symbol>
      <symbol id="sm-f10">
         <name>HOSTunlink</name>
         <value>0x6f01</value>
         <object_component_ref idref="oc-6ac"/>
      </symbol>
      <symbol id="sm-f21">
         <name>HOSTwrite</name>
         <value>0x69b5</value>
         <object_component_ref idref="oc-6a0"/>
      </symbol>
      <symbol id="sm-f45">
         <name>__TI_readmsg</name>
         <value>0x71d1</value>
         <object_component_ref idref="oc-705"/>
      </symbol>
      <symbol id="sm-f46">
         <name>C$$IO$$</name>
         <value>0x70bb</value>
         <object_component_ref idref="oc-6ff"/>
      </symbol>
      <symbol id="sm-f47">
         <name>__CIOBUF_</name>
         <value>0x20000b20</value>
         <object_component_ref idref="oc-744"/>
      </symbol>
      <symbol id="sm-f48">
         <name>__TI_writemsg</name>
         <value>0x708d</value>
         <object_component_ref idref="oc-6ff"/>
      </symbol>
      <symbol id="sm-f59">
         <name>lseek</name>
         <value>0x754d</value>
         <object_component_ref idref="oc-6c8"/>
      </symbol>
      <symbol id="sm-f6e">
         <name>__TI_closefile</name>
         <value>0x5fed</value>
         <object_component_ref idref="oc-739"/>
      </symbol>
      <symbol id="sm-f91">
         <name>finddevice</name>
         <value>0x72f9</value>
         <object_component_ref idref="oc-794"/>
      </symbol>
      <symbol id="sm-f92">
         <name>getdevice</name>
         <value>0x6f89</value>
         <object_component_ref idref="oc-782"/>
      </symbol>
      <symbol id="sm-fa1">
         <name>strcmp</name>
         <value>0x7715</value>
         <object_component_ref idref="oc-7a5"/>
      </symbol>
      <symbol id="sm-faf">
         <name>strcpy</name>
         <value>0x7785</value>
         <object_component_ref idref="oc-719"/>
      </symbol>
      <symbol id="sm-fbf">
         <name>strncpy</name>
         <value>0x70fd</value>
         <object_component_ref idref="oc-78e"/>
      </symbol>
      <symbol id="sm-fd4">
         <name>close</name>
         <value>0x684d</value>
         <object_component_ref idref="oc-768"/>
      </symbol>
      <symbol id="sm-fe4">
         <name>unlink</name>
         <value>0x7409</value>
         <object_component_ref idref="oc-76e"/>
      </symbol>
      <symbol id="sm-fe5">
         <name>__TI_static_base__</name>
         <value>0x0</value>
      </symbol>
      <symbol id="sm-fe8">
         <name>__mpu_init</name>
         <value>0x0</value>
      </symbol>
      <symbol id="sm-fe9">
         <name>_system_post_cinit</name>
         <value>0x0</value>
      </symbol>
      <symbol id="sm-fea">
         <name>NMI_Handler</name>
         <value>0xb33</value>
      </symbol>
      <symbol id="sm-feb">
         <name>HardFault_Handler</name>
         <value>0xb33</value>
      </symbol>
      <symbol id="sm-fec">
         <name>MemManage_Handler</name>
         <value>0xb33</value>
      </symbol>
      <symbol id="sm-fed">
         <name>BusFault_Handler</name>
         <value>0xb33</value>
      </symbol>
      <symbol id="sm-fee">
         <name>UsageFault_Handler</name>
         <value>0xb33</value>
      </symbol>
      <symbol id="sm-fef">
         <name>SVC_Handler</name>
         <value>0xb33</value>
      </symbol>
      <symbol id="sm-ff0">
         <name>DebugMon_Handler</name>
         <value>0xb33</value>
      </symbol>
      <symbol id="sm-ff1">
         <name>PendSV_Handler</name>
         <value>0xb33</value>
      </symbol>
      <symbol id="sm-ff2">
         <name>SysTick_Handler</name>
         <value>0xb33</value>
      </symbol>
      <symbol id="sm-ff3">
         <name>PSS_IRQHandler</name>
         <value>0xb33</value>
      </symbol>
      <symbol id="sm-ff4">
         <name>CS_IRQHandler</name>
         <value>0xb33</value>
      </symbol>
      <symbol id="sm-ff5">
         <name>PCM_IRQHandler</name>
         <value>0xb33</value>
      </symbol>
      <symbol id="sm-ff6">
         <name>WDT_A_IRQHandler</name>
         <value>0xb33</value>
      </symbol>
      <symbol id="sm-ff7">
         <name>FPU_IRQHandler</name>
         <value>0xb33</value>
      </symbol>
      <symbol id="sm-ff8">
         <name>FLCTL_IRQHandler</name>
         <value>0xb33</value>
      </symbol>
      <symbol id="sm-ff9">
         <name>COMP_E0_IRQHandler</name>
         <value>0xb33</value>
      </symbol>
      <symbol id="sm-ffa">
         <name>COMP_E1_IRQHandler</name>
         <value>0xb33</value>
      </symbol>
      <symbol id="sm-ffb">
         <name>TA0_0_IRQHandler</name>
         <value>0xb33</value>
      </symbol>
      <symbol id="sm-ffc">
         <name>TA0_N_IRQHandler</name>
         <value>0xb33</value>
      </symbol>
      <symbol id="sm-ffd">
         <name>TA1_0_IRQHandler</name>
         <value>0xb33</value>
      </symbol>
      <symbol id="sm-ffe">
         <name>TA1_N_IRQHandler</name>
         <value>0xb33</value>
      </symbol>
      <symbol id="sm-fff">
         <name>TA2_0_IRQHandler</name>
         <value>0xb33</value>
      </symbol>
      <symbol id="sm-1000">
         <name>TA2_N_IRQHandler</name>
         <value>0xb33</value>
      </symbol>
      <symbol id="sm-1001">
         <name>TA3_0_IRQHandler</name>
         <value>0xb33</value>
      </symbol>
      <symbol id="sm-1002">
         <name>TA3_N_IRQHandler</name>
         <value>0xb33</value>
      </symbol>
      <symbol id="sm-1003">
         <name>EUSCIA0_IRQHandler</name>
         <value>0xb33</value>
      </symbol>
      <symbol id="sm-1004">
         <name>EUSCIA1_IRQHandler</name>
         <value>0xb33</value>
      </symbol>
      <symbol id="sm-1005">
         <name>EUSCIA2_IRQHandler</name>
         <value>0x6c61</value>
      </symbol>
      <symbol id="sm-1006">
         <name>EUSCIA3_IRQHandler</name>
         <value>0xb33</value>
      </symbol>
      <symbol id="sm-1007">
         <name>EUSCIB0_IRQHandler</name>
         <value>0xb33</value>
      </symbol>
      <symbol id="sm-1008">
         <name>EUSCIB1_IRQHandler</name>
         <value>0xb33</value>
      </symbol>
      <symbol id="sm-1009">
         <name>EUSCIB2_IRQHandler</name>
         <value>0xb33</value>
      </symbol>
      <symbol id="sm-100a">
         <name>EUSCIB3_IRQHandler</name>
         <value>0xb33</value>
      </symbol>
      <symbol id="sm-100b">
         <name>ADC14_IRQHandler</name>
         <value>0xb33</value>
      </symbol>
      <symbol id="sm-100c">
         <name>T32_INT1_IRQHandler</name>
         <value>0xb33</value>
      </symbol>
      <symbol id="sm-100d">
         <name>T32_INT2_IRQHandler</name>
         <value>0xb33</value>
      </symbol>
      <symbol id="sm-100e">
         <name>T32_INTC_IRQHandler</name>
         <value>0xb33</value>
      </symbol>
      <symbol id="sm-100f">
         <name>AES256_IRQHandler</name>
         <value>0xb33</value>
      </symbol>
      <symbol id="sm-1010">
         <name>RTC_C_IRQHandler</name>
         <value>0x7891</value>
      </symbol>
      <symbol id="sm-1011">
         <name>DMA_ERR_IRQHandler</name>
         <value>0xb33</value>
      </symbol>
      <symbol id="sm-1012">
         <name>DMA_INT3_IRQHandler</name>
         <value>0xb33</value>
      </symbol>
      <symbol id="sm-1013">
         <name>DMA_INT2_IRQHandler</name>
         <value>0xb33</value>
      </symbol>
      <symbol id="sm-1014">
         <name>DMA_INT1_IRQHandler</name>
         <value>0xb33</value>
      </symbol>
      <symbol id="sm-1015">
         <name>DMA_INT0_IRQHandler</name>
         <value>0xb33</value>
      </symbol>
      <symbol id="sm-1016">
         <name>PORT1_IRQHandler</name>
         <value>0x7385</value>
      </symbol>
      <symbol id="sm-1017">
         <name>PORT2_IRQHandler</name>
         <value>0xb33</value>
      </symbol>
      <symbol id="sm-1018">
         <name>PORT3_IRQHandler</name>
         <value>0xb33</value>
      </symbol>
      <symbol id="sm-1019">
         <name>PORT4_IRQHandler</name>
         <value>0xb33</value>
      </symbol>
      <symbol id="sm-101a">
         <name>PORT5_IRQHandler</name>
         <value>0xb33</value>
      </symbol>
      <symbol id="sm-101b">
         <name>PORT6_IRQHandler</name>
         <value>0xb33</value>
      </symbol>
      <symbol id="sm-101c">
         <name>remove</name>
         <value>0x7409</value>
      </symbol>
   </symbol_table>
   <title>Link successful</title>
</link_info>
