<?xml version="1.0" encoding="ISO-8859-1" ?>
<link_info>
   <banner>TI ARM Linker PC v20.2.2.LTS</banner>
   <copyright>Copyright (c) 1996-2018 Texas Instruments Incorporated</copyright>
   <link_time>0x5fbd56fa</link_time>
   <link_errors>0x0</link_errors>
   <output_file>MAINSolar.out</output_file>
   <entry_point>
      <name>_c_int00_noargs</name>
      <address>0x68f9</address>
   </entry_point>
   <input_file_list>
      <input_file id="fl-2">
         <path>.\</path>
         <kind>object</kind>
         <file>main.obj</file>
         <name>main.obj</name>
      </input_file>
      <input_file id="fl-3">
         <path>.\</path>
         <kind>object</kind>
         <file>system_msp432p401r.obj</file>
         <name>system_msp432p401r.obj</name>
      </input_file>
      <input_file id="fl-4">
         <path>.\ccs\</path>
         <kind>object</kind>
         <file>startup_msp432p401r_ccs.obj</file>
         <name>startup_msp432p401r_ccs.obj</name>
      </input_file>
      <input_file id="fl-e">
         <kind>object</kind>
         <file>&lt;internal&gt;</file>
         <name>&lt;internal&gt;</name>
      </input_file>
      <input_file id="fl-f">
         <path>C:\Users\sthel\Documents\ti\ccs1010\simplelink_msp432p4_sdk_3_40_01_02\source\ti\devices\msp432p4xx\driverlib\ccs\</path>
         <kind>archive</kind>
         <file>msp432p4xx_driverlib.lib</file>
         <name>adc14.o</name>
      </input_file>
      <input_file id="fl-10">
         <path>C:\Users\sthel\Documents\ti\ccs1010\simplelink_msp432p4_sdk_3_40_01_02\source\ti\devices\msp432p4xx\driverlib\ccs\</path>
         <kind>archive</kind>
         <file>msp432p4xx_driverlib.lib</file>
         <name>cs.o</name>
      </input_file>
      <input_file id="fl-11">
         <path>C:\Users\sthel\Documents\ti\ccs1010\simplelink_msp432p4_sdk_3_40_01_02\source\ti\devices\msp432p4xx\driverlib\ccs\</path>
         <kind>archive</kind>
         <file>msp432p4xx_driverlib.lib</file>
         <name>gpio.o</name>
      </input_file>
      <input_file id="fl-12">
         <path>C:\Users\sthel\Documents\ti\ccs1010\simplelink_msp432p4_sdk_3_40_01_02\source\ti\devices\msp432p4xx\driverlib\ccs\</path>
         <kind>archive</kind>
         <file>msp432p4xx_driverlib.lib</file>
         <name>interrupt.o</name>
      </input_file>
      <input_file id="fl-13">
         <path>C:\Users\sthel\Documents\ti\ccs1010\simplelink_msp432p4_sdk_3_40_01_02\source\ti\devices\msp432p4xx\driverlib\ccs\</path>
         <kind>archive</kind>
         <file>msp432p4xx_driverlib.lib</file>
         <name>pcm.o</name>
      </input_file>
      <input_file id="fl-14">
         <path>C:\Users\sthel\Documents\ti\ccs1010\simplelink_msp432p4_sdk_3_40_01_02\source\ti\devices\msp432p4xx\driverlib\ccs\</path>
         <kind>archive</kind>
         <file>msp432p4xx_driverlib.lib</file>
         <name>pss.o</name>
      </input_file>
      <input_file id="fl-15">
         <path>C:\Users\sthel\Documents\ti\ccs1010\simplelink_msp432p4_sdk_3_40_01_02\source\ti\devices\msp432p4xx\driverlib\ccs\</path>
         <kind>archive</kind>
         <file>msp432p4xx_driverlib.lib</file>
         <name>ref_a.o</name>
      </input_file>
      <input_file id="fl-16">
         <path>C:\Users\sthel\Documents\ti\ccs1010\simplelink_msp432p4_sdk_3_40_01_02\source\ti\devices\msp432p4xx\driverlib\ccs\</path>
         <kind>archive</kind>
         <file>msp432p4xx_driverlib.lib</file>
         <name>reset.o</name>
      </input_file>
      <input_file id="fl-17">
         <path>C:\Users\sthel\Documents\ti\ccs1010\simplelink_msp432p4_sdk_3_40_01_02\source\ti\devices\msp432p4xx\driverlib\ccs\</path>
         <kind>archive</kind>
         <file>msp432p4xx_driverlib.lib</file>
         <name>rtc_c.o</name>
      </input_file>
      <input_file id="fl-18">
         <path>C:\Users\sthel\Documents\ti\ccs1010\simplelink_msp432p4_sdk_3_40_01_02\source\ti\devices\msp432p4xx\driverlib\ccs\</path>
         <kind>archive</kind>
         <file>msp432p4xx_driverlib.lib</file>
         <name>sysctl_a.o</name>
      </input_file>
      <input_file id="fl-19">
         <path>C:\Users\sthel\Documents\ti\ccs1010\simplelink_msp432p4_sdk_3_40_01_02\source\ti\devices\msp432p4xx\driverlib\ccs\</path>
         <kind>archive</kind>
         <file>msp432p4xx_driverlib.lib</file>
         <name>uart.o</name>
      </input_file>
      <input_file id="fl-1a">
         <path>C:\Users\sthel\Documents\ti\ccs1010\simplelink_msp432p4_sdk_3_40_01_02\source\ti\devices\msp432p4xx\driverlib\ccs\</path>
         <kind>archive</kind>
         <file>msp432p4xx_driverlib.lib</file>
         <name>wdt_a.o</name>
      </input_file>
      <input_file id="fl-1b">
         <path>C:\Users\sthel\Documents\ti\ccs1010\simplelink_msp432p4_sdk_3_40_01_02\source\ti\devices\msp432p4xx\driverlib\ccs\</path>
         <kind>archive</kind>
         <file>msp432p4xx_driverlib.lib</file>
         <name>cpu.o</name>
      </input_file>
      <input_file id="fl-d1">
         <path>C:\Users\sthel\Documents\ti\ccs1010\ccs\tools\compiler\ti-cgt-arm_20.2.2.LTS\lib\</path>
         <kind>archive</kind>
         <file>rtsv7M4_T_le_v4SPD16_eabi.lib</file>
         <name>e_acos.c.obj</name>
      </input_file>
      <input_file id="fl-d2">
         <path>C:\Users\sthel\Documents\ti\ccs1010\ccs\tools\compiler\ti-cgt-arm_20.2.2.LTS\lib\</path>
         <kind>archive</kind>
         <file>rtsv7M4_T_le_v4SPD16_eabi.lib</file>
         <name>e_fmod.c.obj</name>
      </input_file>
      <input_file id="fl-d3">
         <path>C:\Users\sthel\Documents\ti\ccs1010\ccs\tools\compiler\ti-cgt-arm_20.2.2.LTS\lib\</path>
         <kind>archive</kind>
         <file>rtsv7M4_T_le_v4SPD16_eabi.lib</file>
         <name>e_sqrt.c.obj</name>
      </input_file>
      <input_file id="fl-d4">
         <path>C:\Users\sthel\Documents\ti\ccs1010\ccs\tools\compiler\ti-cgt-arm_20.2.2.LTS\lib\</path>
         <kind>archive</kind>
         <file>rtsv7M4_T_le_v4SPD16_eabi.lib</file>
         <name>s_cos.c.obj</name>
      </input_file>
      <input_file id="fl-d5">
         <path>C:\Users\sthel\Documents\ti\ccs1010\ccs\tools\compiler\ti-cgt-arm_20.2.2.LTS\lib\</path>
         <kind>archive</kind>
         <file>rtsv7M4_T_le_v4SPD16_eabi.lib</file>
         <name>s_sin.c.obj</name>
      </input_file>
      <input_file id="fl-d6">
         <path>C:\Users\sthel\Documents\ti\ccs1010\ccs\tools\compiler\ti-cgt-arm_20.2.2.LTS\lib\</path>
         <kind>archive</kind>
         <file>rtsv7M4_T_le_v4SPD16_eabi.lib</file>
         <name>printf.c.obj</name>
      </input_file>
      <input_file id="fl-d7">
         <path>C:\Users\sthel\Documents\ti\ccs1010\ccs\tools\compiler\ti-cgt-arm_20.2.2.LTS\lib\</path>
         <kind>archive</kind>
         <file>rtsv7M4_T_le_v4SPD16_eabi.lib</file>
         <name>_printfi.c.obj</name>
      </input_file>
      <input_file id="fl-d8">
         <path>C:\Users\sthel\Documents\ti\ccs1010\ccs\tools\compiler\ti-cgt-arm_20.2.2.LTS\lib\</path>
         <kind>archive</kind>
         <file>rtsv7M4_T_le_v4SPD16_eabi.lib</file>
         <name>fflush.c.obj</name>
      </input_file>
      <input_file id="fl-d9">
         <path>C:\Users\sthel\Documents\ti\ccs1010\ccs\tools\compiler\ti-cgt-arm_20.2.2.LTS\lib\</path>
         <kind>archive</kind>
         <file>rtsv7M4_T_le_v4SPD16_eabi.lib</file>
         <name>fputc.c.obj</name>
      </input_file>
      <input_file id="fl-da">
         <path>C:\Users\sthel\Documents\ti\ccs1010\ccs\tools\compiler\ti-cgt-arm_20.2.2.LTS\lib\</path>
         <kind>archive</kind>
         <file>rtsv7M4_T_le_v4SPD16_eabi.lib</file>
         <name>fputs.c.obj</name>
      </input_file>
      <input_file id="fl-db">
         <path>C:\Users\sthel\Documents\ti\ccs1010\ccs\tools\compiler\ti-cgt-arm_20.2.2.LTS\lib\</path>
         <kind>archive</kind>
         <file>rtsv7M4_T_le_v4SPD16_eabi.lib</file>
         <name>_io_perm.c.obj</name>
      </input_file>
      <input_file id="fl-dc">
         <path>C:\Users\sthel\Documents\ti\ccs1010\ccs\tools\compiler\ti-cgt-arm_20.2.2.LTS\lib\</path>
         <kind>archive</kind>
         <file>rtsv7M4_T_le_v4SPD16_eabi.lib</file>
         <name>setvbuf.c.obj</name>
      </input_file>
      <input_file id="fl-dd">
         <path>C:\Users\sthel\Documents\ti\ccs1010\ccs\tools\compiler\ti-cgt-arm_20.2.2.LTS\lib\</path>
         <kind>archive</kind>
         <file>rtsv7M4_T_le_v4SPD16_eabi.lib</file>
         <name>ti_fmax.c.obj</name>
      </input_file>
      <input_file id="fl-de">
         <path>C:\Users\sthel\Documents\ti\ccs1010\ccs\tools\compiler\ti-cgt-arm_20.2.2.LTS\lib\</path>
         <kind>archive</kind>
         <file>rtsv7M4_T_le_v4SPD16_eabi.lib</file>
         <name>fd_add_t2.asm.obj</name>
      </input_file>
      <input_file id="fl-df">
         <path>C:\Users\sthel\Documents\ti\ccs1010\ccs\tools\compiler\ti-cgt-arm_20.2.2.LTS\lib\</path>
         <kind>archive</kind>
         <file>rtsv7M4_T_le_v4SPD16_eabi.lib</file>
         <name>fd_cmp_t2.asm.obj</name>
      </input_file>
      <input_file id="fl-e0">
         <path>C:\Users\sthel\Documents\ti\ccs1010\ccs\tools\compiler\ti-cgt-arm_20.2.2.LTS\lib\</path>
         <kind>archive</kind>
         <file>rtsv7M4_T_le_v4SPD16_eabi.lib</file>
         <name>fd_div_t2.asm.obj</name>
      </input_file>
      <input_file id="fl-e1">
         <path>C:\Users\sthel\Documents\ti\ccs1010\ccs\tools\compiler\ti-cgt-arm_20.2.2.LTS\lib\</path>
         <kind>archive</kind>
         <file>rtsv7M4_T_le_v4SPD16_eabi.lib</file>
         <name>fd_mul_t2.asm.obj</name>
      </input_file>
      <input_file id="fl-e2">
         <path>C:\Users\sthel\Documents\ti\ccs1010\ccs\tools\compiler\ti-cgt-arm_20.2.2.LTS\lib\</path>
         <kind>archive</kind>
         <file>rtsv7M4_T_le_v4SPD16_eabi.lib</file>
         <name>fd_toi_t2.asm.obj</name>
      </input_file>
      <input_file id="fl-e3">
         <path>C:\Users\sthel\Documents\ti\ccs1010\ccs\tools\compiler\ti-cgt-arm_20.2.2.LTS\lib\</path>
         <kind>archive</kind>
         <file>rtsv7M4_T_le_v4SPD16_eabi.lib</file>
         <name>fd_tos_t2.asm.obj</name>
      </input_file>
      <input_file id="fl-e4">
         <path>C:\Users\sthel\Documents\ti\ccs1010\ccs\tools\compiler\ti-cgt-arm_20.2.2.LTS\lib\</path>
         <kind>archive</kind>
         <file>rtsv7M4_T_le_v4SPD16_eabi.lib</file>
         <name>fs_tod_t2.asm.obj</name>
      </input_file>
      <input_file id="fl-e5">
         <path>C:\Users\sthel\Documents\ti\ccs1010\ccs\tools\compiler\ti-cgt-arm_20.2.2.LTS\lib\</path>
         <kind>archive</kind>
         <file>rtsv7M4_T_le_v4SPD16_eabi.lib</file>
         <name>i_tofd_t2.asm.obj</name>
      </input_file>
      <input_file id="fl-e6">
         <path>C:\Users\sthel\Documents\ti\ccs1010\ccs\tools\compiler\ti-cgt-arm_20.2.2.LTS\lib\</path>
         <kind>archive</kind>
         <file>rtsv7M4_T_le_v4SPD16_eabi.lib</file>
         <name>memcpy_t2.asm.obj</name>
      </input_file>
      <input_file id="fl-e7">
         <path>C:\Users\sthel\Documents\ti\ccs1010\ccs\tools\compiler\ti-cgt-arm_20.2.2.LTS\lib\</path>
         <kind>archive</kind>
         <file>rtsv7M4_T_le_v4SPD16_eabi.lib</file>
         <name>u_tofd_t2.asm.obj</name>
      </input_file>
      <input_file id="fl-e8">
         <path>C:\Users\sthel\Documents\ti\ccs1010\ccs\tools\compiler\ti-cgt-arm_20.2.2.LTS\lib\</path>
         <kind>archive</kind>
         <file>rtsv7M4_T_le_v4SPD16_eabi.lib</file>
         <name>ull_div_t2.asm.obj</name>
      </input_file>
      <input_file id="fl-e9">
         <path>C:\Users\sthel\Documents\ti\ccs1010\ccs\tools\compiler\ti-cgt-arm_20.2.2.LTS\lib\</path>
         <kind>archive</kind>
         <file>rtsv7M4_T_le_v4SPD16_eabi.lib</file>
         <name>memset_t2.asm.obj</name>
      </input_file>
      <input_file id="fl-ea">
         <path>C:\Users\sthel\Documents\ti\ccs1010\ccs\tools\compiler\ti-cgt-arm_20.2.2.LTS\lib\</path>
         <kind>archive</kind>
         <file>rtsv7M4_T_le_v4SPD16_eabi.lib</file>
         <name>copy_zero_init.c.obj</name>
      </input_file>
      <input_file id="fl-eb">
         <path>C:\Users\sthel\Documents\ti\ccs1010\ccs\tools\compiler\ti-cgt-arm_20.2.2.LTS\lib\</path>
         <kind>archive</kind>
         <file>rtsv7M4_T_le_v4SPD16_eabi.lib</file>
         <name>copy_decompress_none.c.obj</name>
      </input_file>
      <input_file id="fl-ec">
         <path>C:\Users\sthel\Documents\ti\ccs1010\ccs\tools\compiler\ti-cgt-arm_20.2.2.LTS\lib\</path>
         <kind>archive</kind>
         <file>rtsv7M4_T_le_v4SPD16_eabi.lib</file>
         <name>copy_decompress_lzss.c.obj</name>
      </input_file>
      <input_file id="fl-ed">
         <path>C:\Users\sthel\Documents\ti\ccs1010\ccs\tools\compiler\ti-cgt-arm_20.2.2.LTS\lib\</path>
         <kind>archive</kind>
         <file>rtsv7M4_T_le_v4SPD16_eabi.lib</file>
         <name>k_rem_pio2.c.obj</name>
      </input_file>
      <input_file id="fl-ee">
         <path>C:\Users\sthel\Documents\ti\ccs1010\ccs\tools\compiler\ti-cgt-arm_20.2.2.LTS\lib\</path>
         <kind>archive</kind>
         <file>rtsv7M4_T_le_v4SPD16_eabi.lib</file>
         <name>exit.c.obj</name>
      </input_file>
      <input_file id="fl-ef">
         <path>C:\Users\sthel\Documents\ti\ccs1010\ccs\tools\compiler\ti-cgt-arm_20.2.2.LTS\lib\</path>
         <kind>archive</kind>
         <file>rtsv7M4_T_le_v4SPD16_eabi.lib</file>
         <name>_lock.c.obj</name>
      </input_file>
      <input_file id="fl-f0">
         <path>C:\Users\sthel\Documents\ti\ccs1010\ccs\tools\compiler\ti-cgt-arm_20.2.2.LTS\lib\</path>
         <kind>archive</kind>
         <file>rtsv7M4_T_le_v4SPD16_eabi.lib</file>
         <name>_ltoa.c.obj</name>
      </input_file>
      <input_file id="fl-f1">
         <path>C:\Users\sthel\Documents\ti\ccs1010\ccs\tools\compiler\ti-cgt-arm_20.2.2.LTS\lib\</path>
         <kind>archive</kind>
         <file>rtsv7M4_T_le_v4SPD16_eabi.lib</file>
         <name>atoi.c.obj</name>
      </input_file>
      <input_file id="fl-f2">
         <path>C:\Users\sthel\Documents\ti\ccs1010\ccs\tools\compiler\ti-cgt-arm_20.2.2.LTS\lib\</path>
         <kind>archive</kind>
         <file>rtsv7M4_T_le_v4SPD16_eabi.lib</file>
         <name>ctype.c.obj</name>
      </input_file>
      <input_file id="fl-f3">
         <path>C:\Users\sthel\Documents\ti\ccs1010\ccs\tools\compiler\ti-cgt-arm_20.2.2.LTS\lib\</path>
         <kind>archive</kind>
         <file>rtsv7M4_T_le_v4SPD16_eabi.lib</file>
         <name>defs.c.obj</name>
      </input_file>
      <input_file id="fl-f4">
         <path>C:\Users\sthel\Documents\ti\ccs1010\ccs\tools\compiler\ti-cgt-arm_20.2.2.LTS\lib\</path>
         <kind>archive</kind>
         <file>rtsv7M4_T_le_v4SPD16_eabi.lib</file>
         <name>memccpy.c.obj</name>
      </input_file>
      <input_file id="fl-f5">
         <path>C:\Users\sthel\Documents\ti\ccs1010\ccs\tools\compiler\ti-cgt-arm_20.2.2.LTS\lib\</path>
         <kind>archive</kind>
         <file>rtsv7M4_T_le_v4SPD16_eabi.lib</file>
         <name>memchr.c.obj</name>
      </input_file>
      <input_file id="fl-f6">
         <path>C:\Users\sthel\Documents\ti\ccs1010\ccs\tools\compiler\ti-cgt-arm_20.2.2.LTS\lib\</path>
         <kind>archive</kind>
         <file>rtsv7M4_T_le_v4SPD16_eabi.lib</file>
         <name>memory.c.obj</name>
      </input_file>
      <input_file id="fl-f7">
         <path>C:\Users\sthel\Documents\ti\ccs1010\ccs\tools\compiler\ti-cgt-arm_20.2.2.LTS\lib\</path>
         <kind>archive</kind>
         <file>rtsv7M4_T_le_v4SPD16_eabi.lib</file>
         <name>strchr.c.obj</name>
      </input_file>
      <input_file id="fl-f8">
         <path>C:\Users\sthel\Documents\ti\ccs1010\ccs\tools\compiler\ti-cgt-arm_20.2.2.LTS\lib\</path>
         <kind>archive</kind>
         <file>rtsv7M4_T_le_v4SPD16_eabi.lib</file>
         <name>strlen.c.obj</name>
      </input_file>
      <input_file id="fl-f9">
         <path>C:\Users\sthel\Documents\ti\ccs1010\ccs\tools\compiler\ti-cgt-arm_20.2.2.LTS\lib\</path>
         <kind>archive</kind>
         <file>rtsv7M4_T_le_v4SPD16_eabi.lib</file>
         <name>write.c.obj</name>
      </input_file>
      <input_file id="fl-fa">
         <path>C:\Users\sthel\Documents\ti\ccs1010\ccs\tools\compiler\ti-cgt-arm_20.2.2.LTS\lib\</path>
         <kind>archive</kind>
         <file>rtsv7M4_T_le_v4SPD16_eabi.lib</file>
         <name>host_device.c.obj</name>
      </input_file>
      <input_file id="fl-fb">
         <path>C:\Users\sthel\Documents\ti\ccs1010\ccs\tools\compiler\ti-cgt-arm_20.2.2.LTS\lib\</path>
         <kind>archive</kind>
         <file>rtsv7M4_T_le_v4SPD16_eabi.lib</file>
         <name>boot_cortex_m.c.obj</name>
      </input_file>
      <input_file id="fl-fc">
         <path>C:\Users\sthel\Documents\ti\ccs1010\ccs\tools\compiler\ti-cgt-arm_20.2.2.LTS\lib\</path>
         <kind>archive</kind>
         <file>rtsv7M4_T_le_v4SPD16_eabi.lib</file>
         <name>errno.c.obj</name>
      </input_file>
      <input_file id="fl-fd">
         <path>C:\Users\sthel\Documents\ti\ccs1010\ccs\tools\compiler\ti-cgt-arm_20.2.2.LTS\lib\</path>
         <kind>archive</kind>
         <file>rtsv7M4_T_le_v4SPD16_eabi.lib</file>
         <name>k_cos.c.obj</name>
      </input_file>
      <input_file id="fl-fe">
         <path>C:\Users\sthel\Documents\ti\ccs1010\ccs\tools\compiler\ti-cgt-arm_20.2.2.LTS\lib\</path>
         <kind>archive</kind>
         <file>rtsv7M4_T_le_v4SPD16_eabi.lib</file>
         <name>k_sin.c.obj</name>
      </input_file>
      <input_file id="fl-ff">
         <path>C:\Users\sthel\Documents\ti\ccs1010\ccs\tools\compiler\ti-cgt-arm_20.2.2.LTS\lib\</path>
         <kind>archive</kind>
         <file>rtsv7M4_T_le_v4SPD16_eabi.lib</file>
         <name>s_floor.c.obj</name>
      </input_file>
      <input_file id="fl-100">
         <path>C:\Users\sthel\Documents\ti\ccs1010\ccs\tools\compiler\ti-cgt-arm_20.2.2.LTS\lib\</path>
         <kind>archive</kind>
         <file>rtsv7M4_T_le_v4SPD16_eabi.lib</file>
         <name>s_frexp.c.obj</name>
      </input_file>
      <input_file id="fl-101">
         <path>C:\Users\sthel\Documents\ti\ccs1010\ccs\tools\compiler\ti-cgt-arm_20.2.2.LTS\lib\</path>
         <kind>archive</kind>
         <file>rtsv7M4_T_le_v4SPD16_eabi.lib</file>
         <name>s_scalbn.c.obj</name>
      </input_file>
      <input_file id="fl-102">
         <path>C:\Users\sthel\Documents\ti\ccs1010\ccs\tools\compiler\ti-cgt-arm_20.2.2.LTS\lib\</path>
         <kind>archive</kind>
         <file>rtsv7M4_T_le_v4SPD16_eabi.lib</file>
         <name>wcslen.c.obj</name>
      </input_file>
      <input_file id="fl-103">
         <path>C:\Users\sthel\Documents\ti\ccs1010\ccs\tools\compiler\ti-cgt-arm_20.2.2.LTS\lib\</path>
         <kind>archive</kind>
         <file>rtsv7M4_T_le_v4SPD16_eabi.lib</file>
         <name>s_copysign.c.obj</name>
      </input_file>
      <input_file id="fl-104">
         <path>C:\Users\sthel\Documents\ti\ccs1010\ccs\tools\compiler\ti-cgt-arm_20.2.2.LTS\lib\</path>
         <kind>archive</kind>
         <file>rtsv7M4_T_le_v4SPD16_eabi.lib</file>
         <name>fopen.c.obj</name>
      </input_file>
      <input_file id="fl-105">
         <path>C:\Users\sthel\Documents\ti\ccs1010\ccs\tools\compiler\ti-cgt-arm_20.2.2.LTS\lib\</path>
         <kind>archive</kind>
         <file>rtsv7M4_T_le_v4SPD16_eabi.lib</file>
         <name>fseek.c.obj</name>
      </input_file>
      <input_file id="fl-106">
         <path>C:\Users\sthel\Documents\ti\ccs1010\ccs\tools\compiler\ti-cgt-arm_20.2.2.LTS\lib\</path>
         <kind>archive</kind>
         <file>rtsv7M4_T_le_v4SPD16_eabi.lib</file>
         <name>div0.asm.obj</name>
      </input_file>
      <input_file id="fl-107">
         <path>C:\Users\sthel\Documents\ti\ccs1010\ccs\tools\compiler\ti-cgt-arm_20.2.2.LTS\lib\</path>
         <kind>archive</kind>
         <file>rtsv7M4_T_le_v4SPD16_eabi.lib</file>
         <name>autoinit.c.obj</name>
      </input_file>
      <input_file id="fl-108">
         <path>C:\Users\sthel\Documents\ti\ccs1010\ccs\tools\compiler\ti-cgt-arm_20.2.2.LTS\lib\</path>
         <kind>archive</kind>
         <file>rtsv7M4_T_le_v4SPD16_eabi.lib</file>
         <name>pre_init.c.obj</name>
      </input_file>
      <input_file id="fl-109">
         <path>C:\Users\sthel\Documents\ti\ccs1010\ccs\tools\compiler\ti-cgt-arm_20.2.2.LTS\lib\</path>
         <kind>archive</kind>
         <file>rtsv7M4_T_le_v4SPD16_eabi.lib</file>
         <name>cpy_tbl.c.obj</name>
      </input_file>
      <input_file id="fl-10a">
         <path>C:\Users\sthel\Documents\ti\ccs1010\ccs\tools\compiler\ti-cgt-arm_20.2.2.LTS\lib\</path>
         <kind>archive</kind>
         <file>rtsv7M4_T_le_v4SPD16_eabi.lib</file>
         <name>args_main.c.obj</name>
      </input_file>
      <input_file id="fl-10b">
         <path>C:\Users\sthel\Documents\ti\ccs1010\ccs\tools\compiler\ti-cgt-arm_20.2.2.LTS\lib\</path>
         <kind>archive</kind>
         <file>rtsv7M4_T_le_v4SPD16_eabi.lib</file>
         <name>hostclose.c.obj</name>
      </input_file>
      <input_file id="fl-10c">
         <path>C:\Users\sthel\Documents\ti\ccs1010\ccs\tools\compiler\ti-cgt-arm_20.2.2.LTS\lib\</path>
         <kind>archive</kind>
         <file>rtsv7M4_T_le_v4SPD16_eabi.lib</file>
         <name>hostlseek.c.obj</name>
      </input_file>
      <input_file id="fl-10d">
         <path>C:\Users\sthel\Documents\ti\ccs1010\ccs\tools\compiler\ti-cgt-arm_20.2.2.LTS\lib\</path>
         <kind>archive</kind>
         <file>rtsv7M4_T_le_v4SPD16_eabi.lib</file>
         <name>hostopen.c.obj</name>
      </input_file>
      <input_file id="fl-10e">
         <path>C:\Users\sthel\Documents\ti\ccs1010\ccs\tools\compiler\ti-cgt-arm_20.2.2.LTS\lib\</path>
         <kind>archive</kind>
         <file>rtsv7M4_T_le_v4SPD16_eabi.lib</file>
         <name>hostread.c.obj</name>
      </input_file>
      <input_file id="fl-10f">
         <path>C:\Users\sthel\Documents\ti\ccs1010\ccs\tools\compiler\ti-cgt-arm_20.2.2.LTS\lib\</path>
         <kind>archive</kind>
         <file>rtsv7M4_T_le_v4SPD16_eabi.lib</file>
         <name>hostrename.c.obj</name>
      </input_file>
      <input_file id="fl-110">
         <path>C:\Users\sthel\Documents\ti\ccs1010\ccs\tools\compiler\ti-cgt-arm_20.2.2.LTS\lib\</path>
         <kind>archive</kind>
         <file>rtsv7M4_T_le_v4SPD16_eabi.lib</file>
         <name>hostunlink.c.obj</name>
      </input_file>
      <input_file id="fl-111">
         <path>C:\Users\sthel\Documents\ti\ccs1010\ccs\tools\compiler\ti-cgt-arm_20.2.2.LTS\lib\</path>
         <kind>archive</kind>
         <file>rtsv7M4_T_le_v4SPD16_eabi.lib</file>
         <name>hostwrite.c.obj</name>
      </input_file>
      <input_file id="fl-112">
         <path>C:\Users\sthel\Documents\ti\ccs1010\ccs\tools\compiler\ti-cgt-arm_20.2.2.LTS\lib\</path>
         <kind>archive</kind>
         <file>rtsv7M4_T_le_v4SPD16_eabi.lib</file>
         <name>trgmsg.c.obj</name>
      </input_file>
      <input_file id="fl-113">
         <path>C:\Users\sthel\Documents\ti\ccs1010\ccs\tools\compiler\ti-cgt-arm_20.2.2.LTS\lib\</path>
         <kind>archive</kind>
         <file>rtsv7M4_T_le_v4SPD16_eabi.lib</file>
         <name>open.c.obj</name>
      </input_file>
      <input_file id="fl-114">
         <path>C:\Users\sthel\Documents\ti\ccs1010\ccs\tools\compiler\ti-cgt-arm_20.2.2.LTS\lib\</path>
         <kind>archive</kind>
         <file>rtsv7M4_T_le_v4SPD16_eabi.lib</file>
         <name>lseek.c.obj</name>
      </input_file>
      <input_file id="fl-115">
         <path>C:\Users\sthel\Documents\ti\ccs1010\ccs\tools\compiler\ti-cgt-arm_20.2.2.LTS\lib\</path>
         <kind>archive</kind>
         <file>rtsv7M4_T_le_v4SPD16_eabi.lib</file>
         <name>fclose.c.obj</name>
      </input_file>
      <input_file id="fl-116">
         <path>C:\Users\sthel\Documents\ti\ccs1010\ccs\tools\compiler\ti-cgt-arm_20.2.2.LTS\lib\</path>
         <kind>archive</kind>
         <file>rtsv7M4_T_le_v4SPD16_eabi.lib</file>
         <name>getdevice.c.obj</name>
      </input_file>
      <input_file id="fl-117">
         <path>C:\Users\sthel\Documents\ti\ccs1010\ccs\tools\compiler\ti-cgt-arm_20.2.2.LTS\lib\</path>
         <kind>archive</kind>
         <file>rtsv7M4_T_le_v4SPD16_eabi.lib</file>
         <name>strcmp.c.obj</name>
      </input_file>
      <input_file id="fl-118">
         <path>C:\Users\sthel\Documents\ti\ccs1010\ccs\tools\compiler\ti-cgt-arm_20.2.2.LTS\lib\</path>
         <kind>archive</kind>
         <file>rtsv7M4_T_le_v4SPD16_eabi.lib</file>
         <name>strcpy.c.obj</name>
      </input_file>
      <input_file id="fl-119">
         <path>C:\Users\sthel\Documents\ti\ccs1010\ccs\tools\compiler\ti-cgt-arm_20.2.2.LTS\lib\</path>
         <kind>archive</kind>
         <file>rtsv7M4_T_le_v4SPD16_eabi.lib</file>
         <name>strncpy.c.obj</name>
      </input_file>
      <input_file id="fl-11a">
         <path>C:\Users\sthel\Documents\ti\ccs1010\ccs\tools\compiler\ti-cgt-arm_20.2.2.LTS\lib\</path>
         <kind>archive</kind>
         <file>rtsv7M4_T_le_v4SPD16_eabi.lib</file>
         <name>remove.c.obj</name>
      </input_file>
      <input_file id="fl-11b">
         <path>C:\Users\sthel\Documents\ti\ccs1010\ccs\tools\compiler\ti-cgt-arm_20.2.2.LTS\lib\</path>
         <kind>archive</kind>
         <file>rtsv7M4_T_le_v4SPD16_eabi.lib</file>
         <name>close.c.obj</name>
      </input_file>
      <input_file id="fl-11c">
         <path>C:\Users\sthel\Documents\ti\ccs1010\ccs\tools\compiler\ti-cgt-arm_20.2.2.LTS\lib\</path>
         <kind>archive</kind>
         <file>rtsv7M4_T_le_v4SPD16_eabi.lib</file>
         <name>unlink.c.obj</name>
      </input_file>
   </input_file_list>
   <object_component_list>
      <object_component id="oc-26">
         <name>.intvecs:retain</name>
         <load_address>0x0</load_address>
         <run_address>0x0</run_address>
         <size>0xe4</size>
         <input_file_ref idref="fl-4"/>
      </object_component>
      <object_component id="oc-2a2">
         <name>.text:__TI_printfi</name>
         <load_address>0xe4</load_address>
         <run_address>0xe4</run_address>
         <size>0xa4e</size>
         <input_file_ref idref="fl-d7"/>
      </object_component>
      <object_component id="oc-70">
         <name>.text:Default_Handler</name>
         <load_address>0xb32</load_address>
         <run_address>0xb32</run_address>
         <size>0x2</size>
         <input_file_ref idref="fl-4"/>
      </object_component>
      <object_component id="oc-48a">
         <name>.text:__kernel_rem_pio2</name>
         <load_address>0xb34</load_address>
         <run_address>0xb34</run_address>
         <size>0x738</size>
         <input_file_ref idref="fl-ed"/>
      </object_component>
      <object_component id="oc-329">
         <name>.text:cos</name>
         <load_address>0x126c</load_address>
         <run_address>0x126c</run_address>
         <size>0x5dc</size>
         <input_file_ref idref="fl-d4"/>
      </object_component>
      <object_component id="oc-323">
         <name>.text:sin</name>
         <load_address>0x1848</load_address>
         <run_address>0x1848</run_address>
         <size>0x5c4</size>
         <input_file_ref idref="fl-d5"/>
      </object_component>
      <object_component id="oc-1c0">
         <name>.text:calc_azimuth_zenith</name>
         <load_address>0x1e0c</load_address>
         <run_address>0x1e0c</run_address>
         <size>0x508</size>
         <input_file_ref idref="fl-2"/>
      </object_component>
      <object_component id="oc-32f">
         <name>.text:acos</name>
         <load_address>0x2314</load_address>
         <run_address>0x2314</run_address>
         <size>0x41c</size>
         <input_file_ref idref="fl-d1"/>
      </object_component>
      <object_component id="oc-1c6">
         <name>.text:GPS_align_panel</name>
         <load_address>0x2730</load_address>
         <run_address>0x2730</run_address>
         <size>0x3d4</size>
         <input_file_ref idref="fl-2"/>
      </object_component>
      <object_component id="oc-1ba">
         <name>.text:parseGPS</name>
         <load_address>0x2b04</load_address>
         <run_address>0x2b04</run_address>
         <size>0x37c</size>
         <input_file_ref idref="fl-2"/>
      </object_component>
      <object_component id="oc-ac">
         <name>.text:main</name>
         <load_address>0x2e80</load_address>
         <run_address>0x2e80</run_address>
         <size>0x330</size>
         <input_file_ref idref="fl-2"/>
      </object_component>
      <object_component id="oc-43f">
         <name>.text:_pconv_a</name>
         <load_address>0x31b0</load_address>
         <run_address>0x31b0</run_address>
         <size>0x270</size>
         <input_file_ref idref="fl-d7"/>
      </object_component>
      <object_component id="oc-344">
         <name>.text:fmod</name>
         <load_address>0x3420</load_address>
         <run_address>0x3420</run_address>
         <size>0x234</size>
         <input_file_ref idref="fl-d2"/>
      </object_component>
      <object_component id="oc-1cc">
         <name>.text:compare_LDR</name>
         <load_address>0x3654</load_address>
         <run_address>0x3654</run_address>
         <size>0x1ec</size>
         <input_file_ref idref="fl-2"/>
      </object_component>
      <object_component id="oc-42d">
         <name>.text:_pconv_g</name>
         <load_address>0x3840</load_address>
         <run_address>0x3840</run_address>
         <size>0x1d0</size>
         <input_file_ref idref="fl-d7"/>
      </object_component>
      <object_component id="oc-2fb">
         <name>.text</name>
         <load_address>0x3a10</load_address>
         <run_address>0x3a10</run_address>
         <size>0x1b6</size>
         <input_file_ref idref="fl-de"/>
      </object_component>
      <object_component id="oc-408">
         <name>.text:_nop</name>
         <load_address>0x3bc6</load_address>
         <run_address>0x3bc6</run_address>
         <size>0x2</size>
         <input_file_ref idref="fl-ef"/>
      </object_component>
      <object_component id="oc-484">
         <name>.text:__kernel_sin</name>
         <load_address>0x3bc8</load_address>
         <run_address>0x3bc8</run_address>
         <size>0x174</size>
         <input_file_ref idref="fl-fe"/>
      </object_component>
      <object_component id="oc-490">
         <name>.text:__kernel_cos</name>
         <load_address>0x3d3c</load_address>
         <run_address>0x3d3c</run_address>
         <size>0x16c</size>
         <input_file_ref idref="fl-fd"/>
      </object_component>
      <object_component id="oc-287">
         <name>.text:_getIndexForMemRegister</name>
         <load_address>0x3ea8</load_address>
         <run_address>0x3ea8</run_address>
         <size>0x160</size>
         <input_file_ref idref="fl-f"/>
      </object_component>
      <object_component id="oc-49f">
         <name>.text:sqrt</name>
         <load_address>0x4008</load_address>
         <run_address>0x4008</run_address>
         <size>0x158</size>
         <input_file_ref idref="fl-d3"/>
      </object_component>
      <object_component id="oc-439">
         <name>.text:_pconv_e</name>
         <load_address>0x4160</load_address>
         <run_address>0x4160</run_address>
         <size>0x13c</size>
         <input_file_ref idref="fl-d7"/>
      </object_component>
      <object_component id="oc-2f6">
         <name>.text</name>
         <load_address>0x429c</load_address>
         <run_address>0x429c</run_address>
         <size>0x136</size>
         <input_file_ref idref="fl-e0"/>
      </object_component>
      <object_component id="oc-5d7">
         <name>.text</name>
         <load_address>0x43d2</load_address>
         <run_address>0x43d2</run_address>
         <size>0x2</size>
         <input_file_ref idref="fl-106"/>
      </object_component>
      <object_component id="oc-51f">
         <name>.text:fcvt</name>
         <load_address>0x43d4</load_address>
         <run_address>0x43d4</run_address>
         <size>0x124</size>
         <input_file_ref idref="fl-d7"/>
      </object_component>
      <object_component id="oc-127">
         <name>.text:UART_initModule</name>
         <load_address>0x44f8</load_address>
         <run_address>0x44f8</run_address>
         <size>0x11c</size>
         <input_file_ref idref="fl-19"/>
      </object_component>
      <object_component id="oc-463">
         <name>.text:fputs</name>
         <load_address>0x4614</load_address>
         <run_address>0x4614</run_address>
         <size>0x114</size>
         <input_file_ref idref="fl-da"/>
      </object_component>
      <object_component id="oc-533">
         <name>.text:scalbn</name>
         <load_address>0x4728</load_address>
         <run_address>0x4728</run_address>
         <size>0x110</size>
         <input_file_ref idref="fl-101"/>
      </object_component>
      <object_component id="oc-6bd">
         <name>.text:aligned_alloc</name>
         <load_address>0x4838</load_address>
         <run_address>0x4838</run_address>
         <size>0x100</size>
         <input_file_ref idref="fl-f6"/>
      </object_component>
      <object_component id="oc-31e">
         <name>.text</name>
         <load_address>0x4938</load_address>
         <run_address>0x4938</run_address>
         <size>0xfc</size>
         <input_file_ref idref="fl-e1"/>
      </object_component>
      <object_component id="oc-571">
         <name>.text:floor</name>
         <load_address>0x4a34</load_address>
         <run_address>0x4a34</run_address>
         <size>0xf8</size>
         <input_file_ref idref="fl-ff"/>
      </object_component>
      <object_component id="oc-1d2">
         <name>.text:gotosleep</name>
         <load_address>0x4b2c</load_address>
         <run_address>0x4b2c</run_address>
         <size>0xe8</size>
         <input_file_ref idref="fl-2"/>
      </object_component>
      <object_component id="oc-66b">
         <name>.text:free</name>
         <load_address>0x4c14</load_address>
         <run_address>0x4c14</run_address>
         <size>0xe4</size>
         <input_file_ref idref="fl-f6"/>
      </object_component>
      <object_component id="oc-4b8">
         <name>.text:CS_startLFXTWithTimeout</name>
         <load_address>0x4cf8</load_address>
         <run_address>0x4cf8</run_address>
         <size>0xe0</size>
         <input_file_ref idref="fl-10"/>
      </object_component>
      <object_component id="oc-607">
         <name>.text:setvbuf</name>
         <load_address>0x4dd8</load_address>
         <run_address>0x4dd8</run_address>
         <size>0xdc</size>
         <input_file_ref idref="fl-dc"/>
      </object_component>
      <object_component id="oc-186">
         <name>.text:fmin</name>
         <load_address>0x4eb4</load_address>
         <run_address>0x4eb4</run_address>
         <size>0xd4</size>
         <input_file_ref idref="fl-dd"/>
      </object_component>
      <object_component id="oc-372">
         <name>.text:fmax</name>
         <load_address>0x4f88</load_address>
         <run_address>0x4f88</run_address>
         <size>0xcc</size>
         <input_file_ref idref="fl-dd"/>
      </object_component>
      <object_component id="oc-163">
         <name>.text:ADC14_configureConversionMemory</name>
         <load_address>0x5054</load_address>
         <run_address>0x5054</run_address>
         <size>0xb4</size>
         <input_file_ref idref="fl-f"/>
      </object_component>
      <object_component id="oc-15d">
         <name>.text:ADC14_configureMultiSequenceMode</name>
         <load_address>0x5108</load_address>
         <run_address>0x5108</run_address>
         <size>0xb4</size>
         <input_file_ref idref="fl-f"/>
      </object_component>
      <object_component id="oc-427">
         <name>.text:_ltostr</name>
         <load_address>0x51bc</load_address>
         <run_address>0x51bc</run_address>
         <size>0xb1</size>
         <input_file_ref idref="fl-d7"/>
      </object_component>
      <object_component id="oc-3a">
         <name>.text</name>
         <load_address>0x526e</load_address>
         <run_address>0x526e</run_address>
         <size>0x9c</size>
         <input_file_ref idref="fl-e6"/>
      </object_component>
      <object_component id="oc-506">
         <name>.text</name>
         <load_address>0x530a</load_address>
         <run_address>0x530a</run_address>
         <size>0x96</size>
         <input_file_ref idref="fl-e8"/>
      </object_component>
      <object_component id="oc-391">
         <name>.text:RTC_C_initCalendar</name>
         <load_address>0x53a0</load_address>
         <run_address>0x53a0</run_address>
         <size>0x94</size>
         <input_file_ref idref="fl-17"/>
      </object_component>
      <object_component id="oc-46a">
         <name>.text:fputc</name>
         <load_address>0x5434</load_address>
         <run_address>0x5434</run_address>
         <size>0x8c</size>
         <input_file_ref idref="fl-d9"/>
      </object_component>
      <object_component id="oc-157">
         <name>.text:GPIO_setAsPeripheralModuleFunctionInputPin</name>
         <load_address>0x54c0</load_address>
         <run_address>0x54c0</run_address>
         <size>0x88</size>
         <input_file_ref idref="fl-11"/>
      </object_component>
      <object_component id="oc-2e1">
         <name>.text:__aeabi_cdcmple</name>
         <load_address>0x5548</load_address>
         <run_address>0x5548</run_address>
         <size>0x86</size>
         <input_file_ref idref="fl-df"/>
      </object_component>
      <object_component id="oc-33e">
         <name>.text:__aeabi_cdrcmple</name>
         <load_address>0x55ce</load_address>
         <run_address>0x55ce</run_address>
         <size>0x86</size>
         <input_file_ref idref="fl-df"/>
      </object_component>
      <object_component id="oc-145">
         <name>.text:Interrupt_enableInterrupt</name>
         <load_address>0x5654</load_address>
         <run_address>0x5654</run_address>
         <size>0x80</size>
         <input_file_ref idref="fl-12"/>
      </object_component>
      <object_component id="oc-16f">
         <name>.text:fflush</name>
         <load_address>0x56d4</load_address>
         <run_address>0x56d4</run_address>
         <size>0x7c</size>
         <input_file_ref idref="fl-d8"/>
      </object_component>
      <object_component id="oc-a0">
         <name>.text</name>
         <load_address>0x5750</load_address>
         <run_address>0x5750</run_address>
         <size>0x7a</size>
         <input_file_ref idref="fl-e9"/>
      </object_component>
      <object_component id="oc-be">
         <name>.text:SystemInit</name>
         <load_address>0x57cc</load_address>
         <run_address>0x57cc</run_address>
         <size>0x78</size>
         <input_file_ref idref="fl-3"/>
      </object_component>
      <object_component id="oc-6c4">
         <name>.text:__TI_closefile</name>
         <load_address>0x5844</load_address>
         <run_address>0x5844</run_address>
         <size>0x74</size>
         <input_file_ref idref="fl-115"/>
      </object_component>
      <object_component id="oc-6ea">
         <name>.text:split</name>
         <load_address>0x58b8</load_address>
         <run_address>0x58b8</run_address>
         <size>0x70</size>
         <input_file_ref idref="fl-f6"/>
      </object_component>
      <object_component id="oc-518">
         <name>.text:_mcpy</name>
         <load_address>0x5928</load_address>
         <run_address>0x5928</run_address>
         <size>0x6e</size>
         <input_file_ref idref="fl-d7"/>
      </object_component>
      <object_component id="oc-300">
         <name>.text</name>
         <load_address>0x5996</load_address>
         <run_address>0x5996</run_address>
         <size>0x6e</size>
         <input_file_ref idref="fl-e3"/>
      </object_component>
      <object_component id="oc-64d">
         <name>.text:HOSTrename</name>
         <load_address>0x5a04</load_address>
         <run_address>0x5a04</run_address>
         <size>0x6c</size>
         <input_file_ref idref="fl-10f"/>
      </object_component>
      <object_component id="oc-1a8">
         <name>.text:readGPS</name>
         <load_address>0x5a70</load_address>
         <run_address>0x5a70</run_address>
         <size>0x6c</size>
         <input_file_ref idref="fl-2"/>
      </object_component>
      <object_component id="oc-641">
         <name>.text:HOSTlseek</name>
         <load_address>0x5adc</load_address>
         <run_address>0x5adc</run_address>
         <size>0x68</size>
         <input_file_ref idref="fl-10c"/>
      </object_component>
      <object_component id="oc-17">
         <name>.text:decompress:lzss:__TI_decompress_lzss</name>
         <load_address>0x5b44</load_address>
         <run_address>0x5b44</run_address>
         <size>0x68</size>
         <input_file_ref idref="fl-ec"/>
      </object_component>
      <object_component id="oc-175">
         <name>.text:printf</name>
         <load_address>0x5bac</load_address>
         <run_address>0x5bac</run_address>
         <size>0x68</size>
         <input_file_ref idref="fl-d6"/>
      </object_component>
      <object_component id="oc-39d">
         <name>.text:RTC_C_enableInterrupt</name>
         <load_address>0x5c14</load_address>
         <run_address>0x5c14</run_address>
         <size>0x64</size>
         <input_file_ref idref="fl-17"/>
      </object_component>
      <object_component id="oc-c6">
         <name>.text:UART_getEnabledInterruptStatus</name>
         <load_address>0x5c78</load_address>
         <run_address>0x5c78</run_address>
         <size>0x64</size>
         <input_file_ref idref="fl-19"/>
      </object_component>
      <object_component id="oc-52d">
         <name>.text:frexp</name>
         <load_address>0x5cdc</load_address>
         <run_address>0x5cdc</run_address>
         <size>0x64</size>
         <input_file_ref idref="fl-100"/>
      </object_component>
      <object_component id="oc-601">
         <name>.text:fseek</name>
         <load_address>0x5d40</load_address>
         <run_address>0x5d40</run_address>
         <size>0x64</size>
         <input_file_ref idref="fl-105"/>
      </object_component>
      <object_component id="oc-55f">
         <name>.text:__TI_wrt_ok</name>
         <load_address>0x5da4</load_address>
         <run_address>0x5da4</run_address>
         <size>0x62</size>
         <input_file_ref idref="fl-db"/>
      </object_component>
      <object_component id="oc-629">
         <name>.text:HOSTopen</name>
         <load_address>0x5e08</load_address>
         <run_address>0x5e08</run_address>
         <size>0x60</size>
         <input_file_ref idref="fl-10d"/>
      </object_component>
      <object_component id="oc-e5">
         <name>.text:RTC_C_getInterruptStatus</name>
         <load_address>0x5e68</load_address>
         <run_address>0x5e68</run_address>
         <size>0x5c</size>
         <input_file_ref idref="fl-17"/>
      </object_component>
      <object_component id="oc-6f1">
         <name>.text:close</name>
         <load_address>0x5ec4</load_address>
         <run_address>0x5ec4</run_address>
         <size>0x5c</size>
         <input_file_ref idref="fl-11b"/>
      </object_component>
      <object_component id="oc-635">
         <name>.text:HOSTread</name>
         <load_address>0x5f20</load_address>
         <run_address>0x5f20</run_address>
         <size>0x58</size>
         <input_file_ref idref="fl-10e"/>
      </object_component>
      <object_component id="oc-63b">
         <name>.text:HOSTwrite</name>
         <load_address>0x5f78</load_address>
         <run_address>0x5f78</run_address>
         <size>0x58</size>
         <input_file_ref idref="fl-111"/>
      </object_component>
      <object_component id="oc-eb">
         <name>.text:RTC_C_clearInterruptFlag</name>
         <load_address>0x5fd0</load_address>
         <run_address>0x5fd0</run_address>
         <size>0x58</size>
         <input_file_ref idref="fl-17"/>
      </object_component>
      <object_component id="oc-433">
         <name>.text:_pconv_f</name>
         <load_address>0x6028</load_address>
         <run_address>0x6028</run_address>
         <size>0x56</size>
         <input_file_ref idref="fl-d7"/>
      </object_component>
      <object_component id="oc-2cd">
         <name>.text:ADC14_getMultiSequenceResult</name>
         <load_address>0x6080</load_address>
         <run_address>0x6080</run_address>
         <size>0x54</size>
         <input_file_ref idref="fl-f"/>
      </object_component>
      <object_component id="oc-151">
         <name>.text:ADC14_initModule</name>
         <load_address>0x60d4</load_address>
         <run_address>0x60d4</run_address>
         <size>0x54</size>
         <input_file_ref idref="fl-f"/>
      </object_component>
      <object_component id="oc-3a9">
         <name>.text:PCM_shutdownDevice</name>
         <load_address>0x6128</load_address>
         <run_address>0x6128</run_address>
         <size>0x54</size>
         <input_file_ref idref="fl-13"/>
      </object_component>
      <object_component id="oc-50c">
         <name>.text:__TI_ltoa</name>
         <load_address>0x617c</load_address>
         <run_address>0x617c</run_address>
         <size>0x54</size>
         <input_file_ref idref="fl-f0"/>
      </object_component>
      <object_component id="oc-512">
         <name>.text:_ecpy</name>
         <load_address>0x61d0</load_address>
         <run_address>0x61d0</run_address>
         <size>0x52</size>
         <input_file_ref idref="fl-d7"/>
      </object_component>
      <object_component id="oc-76">
         <name>.text:EUSCIA2_IRQHandler</name>
         <load_address>0x6224</load_address>
         <run_address>0x6224</run_address>
         <size>0x50</size>
         <input_file_ref idref="fl-2"/>
      </object_component>
      <object_component id="oc-17b">
         <name>.text:read_sensors</name>
         <load_address>0x6274</load_address>
         <run_address>0x6274</run_address>
         <size>0x50</size>
         <input_file_ref idref="fl-2"/>
      </object_component>
      <object_component id="oc-294">
         <name>.text:__TI_doflush</name>
         <load_address>0x62c4</load_address>
         <run_address>0x62c4</run_address>
         <size>0x4c</size>
         <input_file_ref idref="fl-d8"/>
      </object_component>
      <object_component id="oc-421">
         <name>.text:atoi</name>
         <load_address>0x6310</load_address>
         <run_address>0x6310</run_address>
         <size>0x4c</size>
         <input_file_ref idref="fl-f1"/>
      </object_component>
      <object_component id="oc-2f0">
         <name>.text:convert_toHundreds</name>
         <load_address>0x635c</load_address>
         <run_address>0x635c</run_address>
         <size>0x4c</size>
         <input_file_ref idref="fl-2"/>
      </object_component>
      <object_component id="oc-365">
         <name>.text:moveE</name>
         <load_address>0x63a8</load_address>
         <run_address>0x63a8</run_address>
         <size>0x4c</size>
         <input_file_ref idref="fl-2"/>
      </object_component>
      <object_component id="oc-359">
         <name>.text:moveN</name>
         <load_address>0x63f4</load_address>
         <run_address>0x63f4</run_address>
         <size>0x4c</size>
         <input_file_ref idref="fl-2"/>
      </object_component>
      <object_component id="oc-35f">
         <name>.text:moveS</name>
         <load_address>0x6440</load_address>
         <run_address>0x6440</run_address>
         <size>0x4c</size>
         <input_file_ref idref="fl-2"/>
      </object_component>
      <object_component id="oc-36b">
         <name>.text:moveW</name>
         <load_address>0x648c</load_address>
         <run_address>0x648c</run_address>
         <size>0x4c</size>
         <input_file_ref idref="fl-2"/>
      </object_component>
      <object_component id="oc-1ee">
         <name>.text:exit</name>
         <load_address>0x64d8</load_address>
         <run_address>0x64d8</run_address>
         <size>0x48</size>
         <input_file_ref idref="fl-ee"/>
      </object_component>
      <object_component id="oc-318">
         <name>.text:is_leap_year</name>
         <load_address>0x6520</load_address>
         <run_address>0x6520</run_address>
         <size>0x48</size>
         <input_file_ref idref="fl-2"/>
      </object_component>
      <object_component id="oc-18c">
         <name>.text</name>
         <load_address>0x6568</load_address>
         <run_address>0x6568</run_address>
         <size>0x48</size>
         <input_file_ref idref="fl-e2"/>
      </object_component>
      <object_component id="oc-62f">
         <name>.text:HOSTclose</name>
         <load_address>0x65b0</load_address>
         <run_address>0x65b0</run_address>
         <size>0x44</size>
         <input_file_ref idref="fl-10b"/>
      </object_component>
      <object_component id="oc-647">
         <name>.text:HOSTunlink</name>
         <load_address>0x65f4</load_address>
         <run_address>0x65f4</run_address>
         <size>0x44</size>
         <input_file_ref idref="fl-110"/>
      </object_component>
      <object_component id="oc-1f4">
         <name>.text:__TI_auto_init_nobinit_nopinit:__TI_auto_init_nobinit_nopinit</name>
         <load_address>0x6638</load_address>
         <run_address>0x6638</run_address>
         <size>0x44</size>
         <input_file_ref idref="fl-107"/>
      </object_component>
      <object_component id="oc-70b">
         <name>.text:getdevice</name>
         <load_address>0x667c</load_address>
         <run_address>0x667c</run_address>
         <size>0x44</size>
         <input_file_ref idref="fl-116"/>
      </object_component>
      <object_component id="oc-139">
         <name>.text:GPIO_setAsOutputPin</name>
         <load_address>0x66c0</load_address>
         <run_address>0x66c0</run_address>
         <size>0x40</size>
         <input_file_ref idref="fl-11"/>
      </object_component>
      <object_component id="oc-397">
         <name>.text:RTC_C_setCalendarAlarm</name>
         <load_address>0x6700</load_address>
         <run_address>0x6700</run_address>
         <size>0x40</size>
         <input_file_ref idref="fl-17"/>
      </object_component>
      <object_component id="oc-525">
         <name>.text:_fcpy</name>
         <load_address>0x6740</load_address>
         <run_address>0x6740</run_address>
         <size>0x3e</size>
         <input_file_ref idref="fl-d7"/>
      </object_component>
      <object_component id="oc-68a">
         <name>.text:__TI_writemsg</name>
         <load_address>0x6780</load_address>
         <run_address>0x6780</run_address>
         <size>0x38</size>
         <input_file_ref idref="fl-112"/>
      </object_component>
      <object_component id="oc-305">
         <name>.text</name>
         <load_address>0x67b8</load_address>
         <run_address>0x67b8</run_address>
         <size>0x38</size>
         <input_file_ref idref="fl-e4"/>
      </object_component>
      <object_component id="oc-717">
         <name>.text:strncpy</name>
         <load_address>0x67f0</load_address>
         <run_address>0x67f0</run_address>
         <size>0x36</size>
         <input_file_ref idref="fl-119"/>
      </object_component>
      <object_component id="oc-2bb">
         <name>.text:ADC14_enableSampleTimer</name>
         <load_address>0x6828</load_address>
         <run_address>0x6828</run_address>
         <size>0x34</size>
         <input_file_ref idref="fl-f"/>
      </object_component>
      <object_component id="oc-121">
         <name>.text:CS_setDCOCenteredFrequency</name>
         <load_address>0x685c</load_address>
         <run_address>0x685c</run_address>
         <size>0x34</size>
         <input_file_ref idref="fl-10"/>
      </object_component>
      <object_component id="oc-677">
         <name>.text:__TI_cleanup</name>
         <load_address>0x6890</load_address>
         <run_address>0x6890</run_address>
         <size>0x34</size>
         <input_file_ref idref="fl-104"/>
      </object_component>
      <object_component id="oc-690">
         <name>.text:__TI_readmsg</name>
         <load_address>0x68c4</load_address>
         <run_address>0x68c4</run_address>
         <size>0x34</size>
         <input_file_ref idref="fl-112"/>
      </object_component>
      <object_component id="oc-58">
         <name>.text:_c_int00_noargs:_c_int00_noargs</name>
         <load_address>0x68f8</load_address>
         <run_address>0x68f8</run_address>
         <size>0x34</size>
         <input_file_ref idref="fl-fb"/>
      </object_component>
      <object_component id="oc-1ae">
         <name>.text:UART_disableInterrupt</name>
         <load_address>0x692c</load_address>
         <run_address>0x692c</run_address>
         <size>0x30</size>
         <input_file_ref idref="fl-19"/>
      </object_component>
      <object_component id="oc-19c">
         <name>.text:UART_enableInterrupt</name>
         <load_address>0x695c</load_address>
         <run_address>0x695c</run_address>
         <size>0x30</size>
         <input_file_ref idref="fl-19"/>
      </object_component>
      <object_component id="oc-d2">
         <name>.text:UART_receiveData</name>
         <load_address>0x698c</load_address>
         <run_address>0x698c</run_address>
         <size>0x30</size>
         <input_file_ref idref="fl-19"/>
      </object_component>
      <object_component id="oc-1b4">
         <name>.text:delay</name>
         <load_address>0x69bc</load_address>
         <run_address>0x69bc</run_address>
         <size>0x30</size>
         <input_file_ref idref="fl-2"/>
      </object_component>
      <object_component id="oc-71d">
         <name>.text:finddevice</name>
         <load_address>0x69ec</load_address>
         <run_address>0x69ec</run_address>
         <size>0x30</size>
         <input_file_ref idref="fl-116"/>
      </object_component>
      <object_component id="oc-191">
         <name>.text</name>
         <load_address>0x6a1c</load_address>
         <run_address>0x6a1c</run_address>
         <size>0x2e</size>
         <input_file_ref idref="fl-e5"/>
      </object_component>
      <object_component id="oc-2c7">
         <name>.text:ADC14_toggleConversionTrigger</name>
         <load_address>0x6a4c</load_address>
         <run_address>0x6a4c</run_address>
         <size>0x2c</size>
         <input_file_ref idref="fl-f"/>
      </object_component>
      <object_component id="oc-3a3">
         <name>.text:RTC_C_startClock</name>
         <load_address>0x6a78</load_address>
         <run_address>0x6a78</run_address>
         <size>0x2c</size>
         <input_file_ref idref="fl-17"/>
      </object_component>
      <object_component id="oc-6f7">
         <name>.text:unlink</name>
         <load_address>0x6aa4</load_address>
         <run_address>0x6aa4</run_address>
         <size>0x2c</size>
         <input_file_ref idref="fl-11c"/>
      </object_component>
      <object_component id="oc-2c1">
         <name>.text:ADC14_enableConversion</name>
         <load_address>0x6ad0</load_address>
         <run_address>0x6ad0</run_address>
         <size>0x28</size>
         <input_file_ref idref="fl-f"/>
      </object_component>
      <object_component id="oc-1a2">
         <name>.text:GPIO_setOutputHighOnPin</name>
         <load_address>0x6af8</load_address>
         <run_address>0x6af8</run_address>
         <size>0x28</size>
         <input_file_ref idref="fl-11"/>
      </object_component>
      <object_component id="oc-169">
         <name>.text:GPIO_setOutputLowOnPin</name>
         <load_address>0x6b20</load_address>
         <run_address>0x6b20</run_address>
         <size>0x28</size>
         <input_file_ref idref="fl-11"/>
      </object_component>
      <object_component id="oc-6b6">
         <name>.text:free_list_insert</name>
         <load_address>0x6b48</load_address>
         <run_address>0x6b48</run_address>
         <size>0x28</size>
         <input_file_ref idref="fl-f6"/>
      </object_component>
      <object_component id="oc-663">
         <name>.text:lseek</name>
         <load_address>0x6b70</load_address>
         <run_address>0x6b70</run_address>
         <size>0x28</size>
         <input_file_ref idref="fl-114"/>
      </object_component>
      <object_component id="oc-401">
         <name>.text:write</name>
         <load_address>0x6b98</load_address>
         <run_address>0x6b98</run_address>
         <size>0x28</size>
         <input_file_ref idref="fl-f9"/>
      </object_component>
      <object_component id="oc-115">
         <name>.text:WDT_A_holdTimer</name>
         <load_address>0x6bc0</load_address>
         <run_address>0x6bc0</run_address>
         <size>0x24</size>
         <input_file_ref idref="fl-1a"/>
      </object_component>
      <object_component id="oc-12d">
         <name>.text:REF_A_setReferenceVoltage</name>
         <load_address>0x6be4</load_address>
         <run_address>0x6be4</run_address>
         <size>0x20</size>
         <input_file_ref idref="fl-15"/>
      </object_component>
      <object_component id="oc-565">
         <name>.text:memchr</name>
         <load_address>0x6c04</load_address>
         <run_address>0x6c04</run_address>
         <size>0x20</size>
         <input_file_ref idref="fl-f5"/>
      </object_component>
      <object_component id="oc-181">
         <name>.text</name>
         <load_address>0x6c24</load_address>
         <run_address>0x6c24</run_address>
         <size>0x20</size>
         <input_file_ref idref="fl-e7"/>
      </object_component>
      <object_component id="oc-2d3">
         <name>.text:ADC14_disableSampleTimer</name>
         <load_address>0x6c44</load_address>
         <run_address>0x6c44</run_address>
         <size>0x1c</size>
         <input_file_ref idref="fl-f"/>
      </object_component>
      <object_component id="oc-6b0">
         <name>.text:free_list_remove</name>
         <load_address>0x6c60</load_address>
         <run_address>0x6c60</run_address>
         <size>0x1c</size>
         <input_file_ref idref="fl-f6"/>
      </object_component>
      <object_component id="oc-445">
         <name>.text:memccpy</name>
         <load_address>0x6c7c</load_address>
         <run_address>0x6c7c</run_address>
         <size>0x1c</size>
         <input_file_ref idref="fl-f4"/>
      </object_component>
      <object_component id="oc-5e5">
         <name>.text:copysign</name>
         <load_address>0x6c98</load_address>
         <run_address>0x6c98</run_address>
         <size>0x1a</size>
         <input_file_ref idref="fl-103"/>
      </object_component>
      <object_component id="oc-38b">
         <name>.text:PSS_disableHighSide</name>
         <load_address>0x6cb4</load_address>
         <run_address>0x6cb4</run_address>
         <size>0x18</size>
         <input_file_ref idref="fl-14"/>
      </object_component>
      <object_component id="oc-59b">
         <name>.text:SysCtl_A_disableNMISource</name>
         <load_address>0x6ccc</load_address>
         <run_address>0x6ccc</run_address>
         <size>0x18</size>
         <input_file_ref idref="fl-18"/>
      </object_component>
      <object_component id="oc-5a1">
         <name>.text:SysCtl_A_enableNMISource</name>
         <load_address>0x6ce4</load_address>
         <run_address>0x6ce4</run_address>
         <size>0x18</size>
         <input_file_ref idref="fl-18"/>
      </object_component>
      <object_component id="oc-227">
         <name>.text:UART_getInterruptStatus</name>
         <load_address>0x6cfc</load_address>
         <run_address>0x6cfc</run_address>
         <size>0x18</size>
         <input_file_ref idref="fl-19"/>
      </object_component>
      <object_component id="oc-72e">
         <name>.text:strcmp</name>
         <load_address>0x6d14</load_address>
         <run_address>0x6d14</run_address>
         <size>0x18</size>
         <input_file_ref idref="fl-117"/>
      </object_component>
      <object_component id="oc-cc">
         <name>.text:UART_clearInterruptFlag</name>
         <load_address>0x6d2c</load_address>
         <run_address>0x6d2c</run_address>
         <size>0x16</size>
         <input_file_ref idref="fl-19"/>
      </object_component>
      <object_component id="oc-196">
         <name>.text:UART_enableModule</name>
         <load_address>0x6d42</load_address>
         <run_address>0x6d42</run_address>
         <size>0x16</size>
         <input_file_ref idref="fl-19"/>
      </object_component>
      <object_component id="oc-539">
         <name>.text:strchr</name>
         <load_address>0x6d58</load_address>
         <run_address>0x6d58</run_address>
         <size>0x16</size>
         <input_file_ref idref="fl-f7"/>
      </object_component>
      <object_component id="oc-6a4">
         <name>.text:strcpy</name>
         <load_address>0x6d6e</load_address>
         <run_address>0x6d6e</run_address>
         <size>0x14</size>
         <input_file_ref idref="fl-118"/>
      </object_component>
      <object_component id="oc-41b">
         <name>.text:strlen</name>
         <load_address>0x6d82</load_address>
         <run_address>0x6d82</run_address>
         <size>0x14</size>
         <input_file_ref idref="fl-f8"/>
      </object_component>
      <object_component id="oc-44b">
         <name>.text:wcslen</name>
         <load_address>0x6d96</load_address>
         <run_address>0x6d96</run_address>
         <size>0x12</size>
         <input_file_ref idref="fl-102"/>
      </object_component>
      <object_component id="oc-2d9">
         <name>.text:ADC14_disableConversion</name>
         <load_address>0x6da8</load_address>
         <run_address>0x6da8</run_address>
         <size>0x10</size>
         <input_file_ref idref="fl-f"/>
      </object_component>
      <object_component id="oc-27f">
         <name>.text:ADCIsConversionRunning</name>
         <load_address>0x6db8</load_address>
         <run_address>0x6db8</run_address>
         <size>0x10</size>
         <input_file_ref idref="fl-f"/>
      </object_component>
      <object_component id="oc-11b">
         <name>.text:Interrupt_disableSleepOnIsrExit</name>
         <load_address>0x6dc8</load_address>
         <run_address>0x6dc8</run_address>
         <size>0x10</size>
         <input_file_ref idref="fl-12"/>
      </object_component>
      <object_component id="oc-13f">
         <name>.text:Interrupt_enableMaster</name>
         <load_address>0x6dd8</load_address>
         <run_address>0x6dd8</run_address>
         <size>0x10</size>
         <input_file_ref idref="fl-12"/>
      </object_component>
      <object_component id="oc-37f">
         <name>.text:ResetCtl_clearPCMFlags</name>
         <load_address>0x6de8</load_address>
         <run_address>0x6de8</run_address>
         <size>0x10</size>
         <input_file_ref idref="fl-16"/>
      </object_component>
      <object_component id="oc-595">
         <name>.text:SysCtl_A_getNMISourceStatus</name>
         <load_address>0x6df8</load_address>
         <run_address>0x6df8</run_address>
         <size>0x10</size>
         <input_file_ref idref="fl-18"/>
      </object_component>
      <object_component id="oc-4bf">
         <name>.text:__PSSUnlock</name>
         <load_address>0x6e08</load_address>
         <run_address>0x6e08</run_address>
         <size>0x10</size>
         <input_file_ref idref="fl-14"/>
      </object_component>
      <object_component id="oc-385">
         <name>.text:CS_startLFXT</name>
         <load_address>0x6e18</load_address>
         <run_address>0x6e18</run_address>
         <size>0xe</size>
         <input_file_ref idref="fl-10"/>
      </object_component>
      <object_component id="oc-1d">
         <name>.text:decompress:none:__TI_decompress_none</name>
         <load_address>0x6e26</load_address>
         <run_address>0x6e26</run_address>
         <size>0xe</size>
         <input_file_ref idref="fl-eb"/>
      </object_component>
      <object_component id="oc-14b">
         <name>.text:ADC14_enableModule</name>
         <load_address>0x6e34</load_address>
         <run_address>0x6e34</run_address>
         <size>0xc</size>
         <input_file_ref idref="fl-f"/>
      </object_component>
      <object_component id="oc-273">
         <name>.text:CPU_cpsie</name>
         <load_address>0x6e40</load_address>
         <run_address>0x6e40</run_address>
         <size>0xc</size>
         <input_file_ref idref="fl-1b"/>
      </object_component>
      <object_component id="oc-133">
         <name>.text:REF_A_enableReferenceVoltage</name>
         <load_address>0x6e4c</load_address>
         <run_address>0x6e4c</run_address>
         <size>0xc</size>
         <input_file_ref idref="fl-15"/>
      </object_component>
      <object_component id="oc-7c">
         <name>.text:RTC_C_IRQHandler</name>
         <load_address>0x6e58</load_address>
         <run_address>0x6e58</run_address>
         <size>0xc</size>
         <input_file_ref idref="fl-2"/>
      </object_component>
      <object_component id="oc-379">
         <name>.text:ResetCtl_getPCMSource</name>
         <load_address>0x6e64</load_address>
         <run_address>0x6e64</run_address>
         <size>0xc</size>
         <input_file_ref idref="fl-16"/>
      </object_component>
      <object_component id="oc-6a">
         <name>.text:Reset_Handler</name>
         <load_address>0x6e70</load_address>
         <run_address>0x6e70</run_address>
         <size>0xc</size>
         <input_file_ref idref="fl-4"/>
      </object_component>
      <object_component id="oc-4c5">
         <name>.text:__PSSLock</name>
         <load_address>0x6e7c</load_address>
         <run_address>0x6e7c</run_address>
         <size>0xc</size>
         <input_file_ref idref="fl-14"/>
      </object_component>
      <object_component id="oc-4c">
         <name>.text:decompress:ZI:__TI_zero_init</name>
         <load_address>0x6e88</load_address>
         <run_address>0x6e88</run_address>
         <size>0xc</size>
         <input_file_ref idref="fl-ea"/>
      </object_component>
      <object_component id="oc-451">
         <name>.text:__aeabi_errno_addr</name>
         <load_address>0x6e94</load_address>
         <run_address>0x6e94</run_address>
         <size>0x8</size>
         <input_file_ref idref="fl-fc"/>
      </object_component>
      <object_component id="oc-671">
         <name>.text:malloc</name>
         <load_address>0x6e9c</load_address>
         <run_address>0x6e9c</run_address>
         <size>0x8</size>
         <input_file_ref idref="fl-f6"/>
      </object_component>
      <object_component id="oc-4d1">
         <name>.text:CPU_wfi</name>
         <load_address>0x6ea4</load_address>
         <run_address>0x6ea4</run_address>
         <size>0x4</size>
         <input_file_ref idref="fl-1b"/>
      </object_component>
      <object_component id="oc-2ae">
         <name>.text:_outc</name>
         <load_address>0x6ea8</load_address>
         <run_address>0x6ea8</run_address>
         <size>0x4</size>
         <input_file_ref idref="fl-d6"/>
      </object_component>
      <object_component id="oc-2a8">
         <name>.text:_outs</name>
         <load_address>0x6eac</load_address>
         <run_address>0x6eac</run_address>
         <size>0x4</size>
         <input_file_ref idref="fl-d6"/>
      </object_component>
      <object_component id="oc-a6">
         <name>.text:_system_pre_init</name>
         <load_address>0x6eb0</load_address>
         <run_address>0x6eb0</run_address>
         <size>0x4</size>
         <input_file_ref idref="fl-108"/>
      </object_component>
      <object_component id="oc-1e8">
         <name>.text:abort:abort</name>
         <load_address>0x6eb4</load_address>
         <run_address>0x6eb4</run_address>
         <size>0x4</size>
         <input_file_ref idref="fl-ee"/>
      </object_component>
      <object_component id="oc-577">
         <name>.const:$O1$$</name>
         <load_address>0x6eb8</load_address>
         <run_address>0x6eb8</run_address>
         <size>0x158</size>
         <input_file_ref idref="fl-ed"/>
      </object_component>
      <object_component id="oc-501">
         <name>.const:.string:_ctypes_</name>
         <load_address>0x7010</load_address>
         <run_address>0x7010</run_address>
         <size>0x101</size>
         <input_file_ref idref="fl-f2"/>
      </object_component>
      <object_component id="oc-28d">
         <name>.const:_ctlRegs</name>
         <load_address>0x7114</load_address>
         <run_address>0x7114</run_address>
         <size>0x80</size>
         <input_file_ref idref="fl-f"/>
      </object_component>
      <object_component id="oc-26f">
         <name>.const:GPIO_PORT_TO_BASE</name>
         <load_address>0x7194</load_address>
         <run_address>0x7194</run_address>
         <size>0x30</size>
         <input_file_ref idref="fl-11"/>
      </object_component>
      <object_component id="oc-1d8">
         <name>.const:uartConfig</name>
         <load_address>0x71c4</load_address>
         <run_address>0x71c4</run_address>
         <size>0x28</size>
         <input_file_ref idref="fl-2"/>
      </object_component>
      <object_component id="oc-33b">
         <name>.const</name>
         <load_address>0x71ec</load_address>
         <run_address>0x71ec</run_address>
         <size>0x4</size>
         <input_file_ref idref="fl-2"/>
      </object_component>
      <object_component id="oc-4ac">
         <name>.const:Zero</name>
         <load_address>0x71f0</load_address>
         <run_address>0x71f0</run_address>
         <size>0x10</size>
         <input_file_ref idref="fl-d2"/>
      </object_component>
      <object_component id="oc-27a">
         <name>.const:g_pulEnRegs</name>
         <load_address>0x7200</load_address>
         <run_address>0x7200</run_address>
         <size>0x8</size>
         <input_file_ref idref="fl-12"/>
      </object_component>
      <object_component id="oc-76e">
         <name>.cinit..data.load</name>
         <load_address>0x7208</load_address>
         <run_address>0x7208</run_address>
         <size>0xc8</size>
      </object_component>
      <object_component id="oc-76c">
         <name>__TI_handler_table</name>
         <load_address>0x72d0</load_address>
         <run_address>0x72d0</run_address>
         <size>0xc</size>
      </object_component>
      <object_component id="oc-76f">
         <name>.cinit..bss.load</name>
         <load_address>0x72e0</load_address>
         <run_address>0x72e0</run_address>
         <size>0x8</size>
      </object_component>
      <object_component id="oc-76d">
         <name>__TI_cinit_table</name>
         <load_address>0x72e8</load_address>
         <run_address>0x72e8</run_address>
         <size>0x10</size>
      </object_component>
      <object_component id="oc-740">
         <name>.binit</name>
         <load_address>0x0</load_address>
         <run_address>0x0</run_address>
         <size>0x0</size>
      </object_component>
      <object_component id="oc-dc">
         <name>.data</name>
         <load_address>0x20001004</load_address>
         <run_address>0x20001004</run_address>
         <size>0x13</size>
         <input_file_ref idref="fl-2"/>
      </object_component>
      <object_component id="oc-336">
         <name>.data:daysToMonth</name>
         <load_address>0x20000f38</load_address>
         <run_address>0x20000f38</run_address>
         <size>0x60</size>
         <input_file_ref idref="fl-2"/>
      </object_component>
      <object_component id="oc-3af">
         <name>.data:calendarTime</name>
         <load_address>0x20000fe8</load_address>
         <run_address>0x20000fe8</run_address>
         <size>0x1c</size>
         <input_file_ref idref="fl-2"/>
      </object_component>
      <object_component id="oc-3bc">
         <name>.data:$O1$$</name>
         <load_address>0x20001028</load_address>
         <run_address>0x20001028</run_address>
         <size>0xc</size>
         <input_file_ref idref="fl-ee"/>
      </object_component>
      <object_component id="oc-29a">
         <name>.data:$O1$$</name>
         <load_address>0x20001034</load_address>
         <run_address>0x20001034</run_address>
         <size>0x8</size>
         <input_file_ref idref="fl-ef"/>
      </object_component>
      <object_component id="oc-1db">
         <name>.data:_ftable</name>
         <load_address>0x20000dd0</load_address>
         <run_address>0x20000dd0</run_address>
         <size>0xf0</size>
         <input_file_ref idref="fl-f3"/>
      </object_component>
      <object_component id="oc-29d">
         <name>.data</name>
         <load_address>0x20001018</load_address>
         <run_address>0x20001018</run_address>
         <size>0x10</size>
         <input_file_ref idref="fl-f3"/>
      </object_component>
      <object_component id="oc-6e5">
         <name>.data:$O1$$</name>
         <load_address>0x2000103c</load_address>
         <run_address>0x2000103c</run_address>
         <size>0x8</size>
         <input_file_ref idref="fl-f6"/>
      </object_component>
      <object_component id="oc-5be">
         <name>.data:_device</name>
         <load_address>0x20000ec0</load_address>
         <run_address>0x20000ec0</run_address>
         <size>0x78</size>
         <input_file_ref idref="fl-fa"/>
      </object_component>
      <object_component id="oc-4f7">
         <name>.data:_stream</name>
         <load_address>0x20000f98</load_address>
         <run_address>0x20000f98</run_address>
         <size>0x50</size>
         <input_file_ref idref="fl-fa"/>
      </object_component>
      <object_component id="oc-549">
         <name>.data</name>
         <load_address>0x20001044</load_address>
         <run_address>0x20001044</run_address>
         <size>0x4</size>
         <input_file_ref idref="fl-fc"/>
      </object_component>
      <object_component id="oc-1de">
         <name>.bss:sensorBuffer</name>
         <uninitialized>true</uninitialized>
         <run_address>0x20000d30</run_address>
         <size>0xc</size>
         <input_file_ref idref="fl-2"/>
      </object_component>
      <object_component id="oc-6cd">
         <name>.bss:_CIOBUF_</name>
         <uninitialized>true</uninitialized>
         <run_address>0x20000b20</run_address>
         <size>0x120</size>
         <input_file_ref idref="fl-112"/>
      </object_component>
      <object_component id="oc-30a">
         <name>.common:min</name>
         <uninitialized>true</uninitialized>
         <run_address>0x20000dac</run_address>
         <size>0x4</size>
      </object_component>
      <object_component id="oc-30b">
         <name>.common:sec</name>
         <uninitialized>true</uninitialized>
         <run_address>0x20000db4</run_address>
         <size>0x4</size>
      </object_component>
      <object_component id="oc-30c">
         <name>.common:latdeg</name>
         <uninitialized>true</uninitialized>
         <run_address>0x20000d90</run_address>
         <size>0x4</size>
      </object_component>
      <object_component id="oc-30d">
         <name>.common:latmin</name>
         <uninitialized>true</uninitialized>
         <run_address>0x20000d98</run_address>
         <size>0x4</size>
      </object_component>
      <object_component id="oc-30e">
         <name>.common:lat_min_decimal</name>
         <uninitialized>true</uninitialized>
         <run_address>0x20000d88</run_address>
         <size>0x4</size>
      </object_component>
      <object_component id="oc-30f">
         <name>.common:latitude_deg</name>
         <uninitialized>true</uninitialized>
         <run_address>0x20000d94</run_address>
         <size>0x4</size>
      </object_component>
      <object_component id="oc-34c">
         <name>.common:lat_rad</name>
         <uninitialized>true</uninitialized>
         <run_address>0x20000d8c</run_address>
         <size>0x4</size>
      </object_component>
      <object_component id="oc-310">
         <name>.common:longdeg</name>
         <uninitialized>true</uninitialized>
         <run_address>0x20000da0</run_address>
         <size>0x4</size>
      </object_component>
      <object_component id="oc-311">
         <name>.common:longmin</name>
         <uninitialized>true</uninitialized>
         <run_address>0x20000da8</run_address>
         <size>0x4</size>
      </object_component>
      <object_component id="oc-312">
         <name>.common:long_min_decimal</name>
         <uninitialized>true</uninitialized>
         <run_address>0x20000d9c</run_address>
         <size>0x4</size>
      </object_component>
      <object_component id="oc-313">
         <name>.common:longitude_deg</name>
         <uninitialized>true</uninitialized>
         <run_address>0x20000da4</run_address>
         <size>0x4</size>
      </object_component>
      <object_component id="oc-314">
         <name>.common:day</name>
         <uninitialized>true</uninitialized>
         <run_address>0x20000d6c</run_address>
         <size>0x4</size>
      </object_component>
      <object_component id="oc-315">
         <name>.common:month</name>
         <uninitialized>true</uninitialized>
         <run_address>0x20000db0</run_address>
         <size>0x4</size>
      </object_component>
      <object_component id="oc-316">
         <name>.common:year</name>
         <uninitialized>true</uninitialized>
         <run_address>0x20000dc0</run_address>
         <size>0x4</size>
      </object_component>
      <object_component id="oc-339">
         <name>.common:hour_angle_deg</name>
         <uninitialized>true</uninitialized>
         <run_address>0x20000d40</run_address>
         <size>0x8</size>
      </object_component>
      <object_component id="oc-33a">
         <name>.common:hour_angle_rad</name>
         <uninitialized>true</uninitialized>
         <run_address>0x20000d48</run_address>
         <size>0x8</size>
      </object_component>
      <object_component id="oc-34a">
         <name>.common:solar_decl_angle_deg</name>
         <uninitialized>true</uninitialized>
         <run_address>0x20000db8</run_address>
         <size>0x4</size>
      </object_component>
      <object_component id="oc-34b">
         <name>.common:solar_decl_angle_rad</name>
         <uninitialized>true</uninitialized>
         <run_address>0x20000dbc</run_address>
         <size>0x4</size>
      </object_component>
      <object_component id="oc-356">
         <name>.common:altitude_angle_deg</name>
         <uninitialized>true</uninitialized>
         <run_address>0x20000d5c</run_address>
         <size>0x4</size>
      </object_component>
      <object_component id="oc-357">
         <name>.common:Azimuth</name>
         <uninitialized>true</uninitialized>
         <run_address>0x20000d3c</run_address>
         <size>0x4</size>
      </object_component>
      <object_component id="oc-34d">
         <name>.common:a</name>
         <uninitialized>true</uninitialized>
         <run_address>0x20000d58</run_address>
         <size>0x4</size>
      </object_component>
      <object_component id="oc-34e">
         <name>.common:b</name>
         <uninitialized>true</uninitialized>
         <run_address>0x20000d60</run_address>
         <size>0x4</size>
      </object_component>
      <object_component id="oc-34f">
         <name>.common:d</name>
         <uninitialized>true</uninitialized>
         <run_address>0x20000d68</run_address>
         <size>0x4</size>
      </object_component>
      <object_component id="oc-350">
         <name>.common:e</name>
         <uninitialized>true</uninitialized>
         <run_address>0x20000d74</run_address>
         <size>0x4</size>
      </object_component>
      <object_component id="oc-351">
         <name>.common:f</name>
         <uninitialized>true</uninitialized>
         <run_address>0x20000d78</run_address>
         <size>0x4</size>
[...]
         <value>0x526f</value>
         <object_component_ref idref="oc-3a"/>
      </symbol>
      <symbol id="sm-9c5">
         <name>__aeabi_memcpy8</name>
         <value>0x526f</value>
         <object_component_ref idref="oc-3a"/>
      </symbol>
      <symbol id="sm-9c6">
         <name>__aeabi_memcpy4</name>
         <value>0x526f</value>
         <object_component_ref idref="oc-3a"/>
      </symbol>
      <symbol id="sm-9d0">
         <name>__aeabi_ui2d</name>
         <value>0x6c25</value>
         <object_component_ref idref="oc-181"/>
      </symbol>
      <symbol id="sm-9dd">
         <name>__aeabi_uldivmod</name>
         <value>0x530b</value>
         <object_component_ref idref="oc-506"/>
      </symbol>
      <symbol id="sm-9ec">
         <name>__aeabi_memset</name>
         <value>0x5753</value>
         <object_component_ref idref="oc-a0"/>
      </symbol>
      <symbol id="sm-9ed">
         <name>memset</name>
         <value>0x5759</value>
         <object_component_ref idref="oc-a0"/>
      </symbol>
      <symbol id="sm-9ee">
         <name>__aeabi_memset8</name>
         <value>0x5753</value>
         <object_component_ref idref="oc-a0"/>
      </symbol>
      <symbol id="sm-9ef">
         <name>__aeabi_memset4</name>
         <value>0x5753</value>
         <object_component_ref idref="oc-a0"/>
      </symbol>
      <symbol id="sm-9f0">
         <name>__aeabi_memclr8</name>
         <value>0x5751</value>
         <object_component_ref idref="oc-a0"/>
      </symbol>
      <symbol id="sm-9f1">
         <name>__aeabi_memclr4</name>
         <value>0x5751</value>
         <object_component_ref idref="oc-a0"/>
      </symbol>
      <symbol id="sm-9f2">
         <name>__aeabi_memclr</name>
         <value>0x5751</value>
         <object_component_ref idref="oc-a0"/>
      </symbol>
      <symbol id="sm-a04">
         <name>__TI_zero_init</name>
         <value>0x6e89</value>
         <object_component_ref idref="oc-4c"/>
      </symbol>
      <symbol id="sm-a1b">
         <name>__TI_decompress_none</name>
         <value>0x6e27</value>
         <object_component_ref idref="oc-1d"/>
      </symbol>
      <symbol id="sm-a3e">
         <name>__TI_decompress_lzss</name>
         <value>0x5b45</value>
         <object_component_ref idref="oc-17"/>
      </symbol>
      <symbol id="sm-aae">
         <name>__kernel_rem_pio2</name>
         <value>0xb35</value>
         <object_component_ref idref="oc-48a"/>
      </symbol>
      <symbol id="sm-ad4">
         <name>C$$EXIT</name>
         <value>0x6eb5</value>
         <object_component_ref idref="oc-1e8"/>
      </symbol>
      <symbol id="sm-ad5">
         <name>abort</name>
         <value>0x6eb5</value>
         <object_component_ref idref="oc-1e8"/>
      </symbol>
      <symbol id="sm-ad6">
         <name>__TI_dtors_ptr</name>
         <value>0x2000102c</value>
         <object_component_ref idref="oc-3bc"/>
      </symbol>
      <symbol id="sm-ad7">
         <name>__TI_cleanup_ptr</name>
         <value>0x20001028</value>
         <object_component_ref idref="oc-3bc"/>
      </symbol>
      <symbol id="sm-ad8">
         <name>__TI_enable_exit_profile_output</name>
         <value>0x20001030</value>
         <object_component_ref idref="oc-3bc"/>
      </symbol>
      <symbol id="sm-ad9">
         <name>exit</name>
         <value>0x64d9</value>
         <object_component_ref idref="oc-1ee"/>
      </symbol>
      <symbol id="sm-aee">
         <name>_nop</name>
         <value>0x3bc7</value>
         <object_component_ref idref="oc-408"/>
      </symbol>
      <symbol id="sm-aef">
         <name>_lock</name>
         <value>0x20001034</value>
         <object_component_ref idref="oc-29a"/>
      </symbol>
      <symbol id="sm-af0">
         <name>_unlock</name>
         <value>0x20001038</value>
         <object_component_ref idref="oc-29a"/>
      </symbol>
      <symbol id="sm-aff">
         <name>__TI_ltoa</name>
         <value>0x617d</value>
         <object_component_ref idref="oc-50c"/>
      </symbol>
      <symbol id="sm-b15">
         <name>atoi</name>
         <value>0x6311</value>
         <object_component_ref idref="oc-421"/>
      </symbol>
      <symbol id="sm-b20">
         <name>_ctypes_</name>
         <value>0x7010</value>
         <object_component_ref idref="oc-501"/>
      </symbol>
      <symbol id="sm-b35">
         <name>__TI_tmpnams</name>
         <value>0x20000c40</value>
      </symbol>
      <symbol id="sm-b36">
         <name>__aeabi_stdout</name>
         <value>0x20001020</value>
         <object_component_ref idref="oc-29d"/>
      </symbol>
      <symbol id="sm-b37">
         <name>__aeabi_stderr</name>
         <value>0x20001024</value>
         <object_component_ref idref="oc-29d"/>
      </symbol>
      <symbol id="sm-b38">
         <name>__aeabi_stdin</name>
         <value>0x2000101c</value>
         <object_component_ref idref="oc-29d"/>
      </symbol>
      <symbol id="sm-b39">
         <name>_ftable</name>
         <value>0x20000dd0</value>
         <object_component_ref idref="oc-1db"/>
      </symbol>
      <symbol id="sm-b3a">
         <name>__TI_ft_end</name>
         <value>0x20001018</value>
         <object_component_ref idref="oc-29d"/>
      </symbol>
      <symbol id="sm-b4a">
         <name>memccpy</name>
         <value>0x6c7d</value>
         <object_component_ref idref="oc-445"/>
      </symbol>
      <symbol id="sm-b5a">
         <name>memchr</name>
         <value>0x6c05</value>
         <object_component_ref idref="oc-565"/>
      </symbol>
      <symbol id="sm-be3">
         <name>_sys_memory</name>
         <value>0x20000000</value>
         <object_component_ref idref="oc-29"/>
      </symbol>
      <symbol id="sm-be4">
         <name>free</name>
         <value>0x4c15</value>
         <object_component_ref idref="oc-66b"/>
      </symbol>
      <symbol id="sm-be5">
         <name>memalign</name>
         <value>0x4839</value>
         <object_component_ref idref="oc-6bd"/>
      </symbol>
      <symbol id="sm-be6">
         <name>malloc</name>
         <value>0x6e9d</value>
         <object_component_ref idref="oc-671"/>
      </symbol>
      <symbol id="sm-be7">
         <name>aligned_alloc</name>
         <value>0x4839</value>
         <object_component_ref idref="oc-6bd"/>
      </symbol>
      <symbol id="sm-bf7">
         <name>strchr</name>
         <value>0x6d59</value>
         <object_component_ref idref="oc-539"/>
      </symbol>
      <symbol id="sm-c05">
         <name>strlen</name>
         <value>0x6d83</value>
         <object_component_ref idref="oc-41b"/>
      </symbol>
      <symbol id="sm-c1f">
         <name>write</name>
         <value>0x6b99</value>
         <object_component_ref idref="oc-401"/>
      </symbol>
      <symbol id="sm-c30">
         <name>_stream</name>
         <value>0x20000f98</value>
         <object_component_ref idref="oc-4f7"/>
      </symbol>
      <symbol id="sm-c31">
         <name>_device</name>
         <value>0x20000ec0</value>
         <object_component_ref idref="oc-5be"/>
      </symbol>
      <symbol id="sm-c44">
         <name>__stack</name>
         <value>0x2000fe00</value>
         <object_component_ref idref="oc-2c"/>
      </symbol>
      <symbol id="sm-c45">
         <name>_c_int00_noargs</name>
         <value>0x68f9</value>
         <object_component_ref idref="oc-58"/>
      </symbol>
      <symbol id="sm-c5b">
         <name>__aeabi_errno_addr</name>
         <value>0x6e95</value>
         <object_component_ref idref="oc-451"/>
      </symbol>
      <symbol id="sm-c5c">
         <name>errno</name>
         <value>0x20001044</value>
         <object_component_ref idref="oc-549"/>
      </symbol>
      <symbol id="sm-c72">
         <name>__kernel_cos</name>
         <value>0x3d3d</value>
         <object_component_ref idref="oc-490"/>
      </symbol>
      <symbol id="sm-c89">
         <name>__kernel_sin</name>
         <value>0x3bc9</value>
         <object_component_ref idref="oc-484"/>
      </symbol>
      <symbol id="sm-ca6">
         <name>floorl</name>
         <value>0x4a35</value>
         <object_component_ref idref="oc-571"/>
      </symbol>
      <symbol id="sm-ca7">
         <name>floor</name>
         <value>0x4a35</value>
         <object_component_ref idref="oc-571"/>
      </symbol>
      <symbol id="sm-cbd">
         <name>frexpl</name>
         <value>0x5cdd</value>
         <object_component_ref idref="oc-52d"/>
      </symbol>
      <symbol id="sm-cbe">
         <name>frexp</name>
         <value>0x5cdd</value>
         <object_component_ref idref="oc-52d"/>
      </symbol>
      <symbol id="sm-cdb">
         <name>scalbn</name>
         <value>0x4729</value>
         <object_component_ref idref="oc-533"/>
      </symbol>
      <symbol id="sm-cdc">
         <name>scalbnl</name>
         <value>0x4729</value>
         <object_component_ref idref="oc-533"/>
      </symbol>
      <symbol id="sm-cdd">
         <name>ldexpl</name>
         <value>0x4729</value>
         <object_component_ref idref="oc-533"/>
      </symbol>
      <symbol id="sm-cde">
         <name>ldexp</name>
         <value>0x4729</value>
         <object_component_ref idref="oc-533"/>
      </symbol>
      <symbol id="sm-cf7">
         <name>wcslen</name>
         <value>0x6d97</value>
         <object_component_ref idref="oc-44b"/>
      </symbol>
      <symbol id="sm-d01">
         <name>copysign</name>
         <value>0x6c99</value>
         <object_component_ref idref="oc-5e5"/>
      </symbol>
      <symbol id="sm-d02">
         <name>copysignl</name>
         <value>0x6c99</value>
         <object_component_ref idref="oc-5e5"/>
      </symbol>
      <symbol id="sm-d12">
         <name>__TI_cleanup</name>
         <value>0x6891</value>
         <object_component_ref idref="oc-677"/>
      </symbol>
      <symbol id="sm-d24">
         <name>fseek</name>
         <value>0x5d41</value>
         <object_component_ref idref="oc-601"/>
      </symbol>
      <symbol id="sm-d2e">
         <name>__aeabi_idiv0</name>
         <value>0x43d3</value>
         <object_component_ref idref="oc-5d7"/>
      </symbol>
      <symbol id="sm-d2f">
         <name>__aeabi_ldiv0</name>
         <value>0x43d3</value>
         <object_component_ref idref="oc-5d7"/>
      </symbol>
      <symbol id="sm-d57">
         <name>__TI_auto_init_nobinit_nopinit</name>
         <value>0x6639</value>
         <object_component_ref idref="oc-1f4"/>
      </symbol>
      <symbol id="sm-d61">
         <name>_system_pre_init</name>
         <value>0x6eb1</value>
         <object_component_ref idref="oc-a6"/>
      </symbol>
      <symbol id="sm-d74">
         <name>HOSTclose</name>
         <value>0x65b1</value>
         <object_component_ref idref="oc-62f"/>
      </symbol>
      <symbol id="sm-d85">
         <name>HOSTlseek</name>
         <value>0x5add</value>
         <object_component_ref idref="oc-641"/>
      </symbol>
      <symbol id="sm-d97">
         <name>parmbuf</name>
         <value>0x20000d50</value>
      </symbol>
      <symbol id="sm-d98">
         <name>HOSTopen</name>
         <value>0x5e09</value>
         <object_component_ref idref="oc-629"/>
      </symbol>
      <symbol id="sm-da9">
         <name>HOSTread</name>
         <value>0x5f21</value>
         <object_component_ref idref="oc-635"/>
      </symbol>
      <symbol id="sm-dba">
         <name>HOSTrename</name>
         <value>0x5a05</value>
         <object_component_ref idref="oc-64d"/>
      </symbol>
      <symbol id="sm-dcb">
         <name>HOSTunlink</name>
         <value>0x65f5</value>
         <object_component_ref idref="oc-647"/>
      </symbol>
      <symbol id="sm-ddc">
         <name>HOSTwrite</name>
         <value>0x5f79</value>
         <object_component_ref idref="oc-63b"/>
      </symbol>
      <symbol id="sm-e00">
         <name>__TI_readmsg</name>
         <value>0x68c5</value>
         <object_component_ref idref="oc-690"/>
      </symbol>
      <symbol id="sm-e01">
         <name>C$$IO$$</name>
         <value>0x67af</value>
         <object_component_ref idref="oc-68a"/>
      </symbol>
      <symbol id="sm-e02">
         <name>__CIOBUF_</name>
         <value>0x20000b20</value>
         <object_component_ref idref="oc-6cd"/>
      </symbol>
      <symbol id="sm-e03">
         <name>__TI_writemsg</name>
         <value>0x6781</value>
         <object_component_ref idref="oc-68a"/>
      </symbol>
      <symbol id="sm-e14">
         <name>lseek</name>
         <value>0x6b71</value>
         <object_component_ref idref="oc-663"/>
      </symbol>
      <symbol id="sm-e29">
         <name>__TI_closefile</name>
         <value>0x5845</value>
         <object_component_ref idref="oc-6c4"/>
      </symbol>
      <symbol id="sm-e4c">
         <name>finddevice</name>
         <value>0x69ed</value>
         <object_component_ref idref="oc-71d"/>
      </symbol>
      <symbol id="sm-e4d">
         <name>getdevice</name>
         <value>0x667d</value>
         <object_component_ref idref="oc-70b"/>
      </symbol>
      <symbol id="sm-e5c">
         <name>strcmp</name>
         <value>0x6d15</value>
         <object_component_ref idref="oc-72e"/>
      </symbol>
      <symbol id="sm-e6a">
         <name>strcpy</name>
         <value>0x6d6f</value>
         <object_component_ref idref="oc-6a4"/>
      </symbol>
      <symbol id="sm-e7a">
         <name>strncpy</name>
         <value>0x67f1</value>
         <object_component_ref idref="oc-717"/>
      </symbol>
      <symbol id="sm-e8f">
         <name>close</name>
         <value>0x5ec5</value>
         <object_component_ref idref="oc-6f1"/>
      </symbol>
      <symbol id="sm-e9f">
         <name>unlink</name>
         <value>0x6aa5</value>
         <object_component_ref idref="oc-6f7"/>
      </symbol>
      <symbol id="sm-ea0">
         <name>__TI_static_base__</name>
         <value>0x0</value>
      </symbol>
      <symbol id="sm-ea3">
         <name>__mpu_init</name>
         <value>0x0</value>
      </symbol>
      <symbol id="sm-ea4">
         <name>_system_post_cinit</name>
         <value>0x0</value>
      </symbol>
      <symbol id="sm-ea5">
         <name>NMI_Handler</name>
         <value>0xb33</value>
      </symbol>
      <symbol id="sm-ea6">
         <name>HardFault_Handler</name>
         <value>0xb33</value>
      </symbol>
      <symbol id="sm-ea7">
         <name>MemManage_Handler</name>
         <value>0xb33</value>
      </symbol>
      <symbol id="sm-ea8">
         <name>BusFault_Handler</name>
         <value>0xb33</value>
      </symbol>
      <symbol id="sm-ea9">
         <name>UsageFault_Handler</name>
         <value>0xb33</value>
      </symbol>
      <symbol id="sm-eaa">
         <name>SVC_Handler</name>
         <value>0xb33</value>
      </symbol>
      <symbol id="sm-eab">
         <name>DebugMon_Handler</name>
         <value>0xb33</value>
      </symbol>
      <symbol id="sm-eac">
         <name>PendSV_Handler</name>
         <value>0xb33</value>
      </symbol>
      <symbol id="sm-ead">
         <name>SysTick_Handler</name>
         <value>0xb33</value>
      </symbol>
      <symbol id="sm-eae">
         <name>PSS_IRQHandler</name>
         <value>0xb33</value>
      </symbol>
      <symbol id="sm-eaf">
         <name>CS_IRQHandler</name>
         <value>0xb33</value>
      </symbol>
      <symbol id="sm-eb0">
         <name>PCM_IRQHandler</name>
         <value>0xb33</value>
      </symbol>
      <symbol id="sm-eb1">
         <name>WDT_A_IRQHandler</name>
         <value>0xb33</value>
      </symbol>
      <symbol id="sm-eb2">
         <name>FPU_IRQHandler</name>
         <value>0xb33</value>
      </symbol>
      <symbol id="sm-eb3">
         <name>FLCTL_IRQHandler</name>
         <value>0xb33</value>
      </symbol>
      <symbol id="sm-eb4">
         <name>COMP_E0_IRQHandler</name>
         <value>0xb33</value>
      </symbol>
      <symbol id="sm-eb5">
         <name>COMP_E1_IRQHandler</name>
         <value>0xb33</value>
      </symbol>
      <symbol id="sm-eb6">
         <name>TA0_0_IRQHandler</name>
         <value>0xb33</value>
      </symbol>
      <symbol id="sm-eb7">
         <name>TA0_N_IRQHandler</name>
         <value>0xb33</value>
      </symbol>
      <symbol id="sm-eb8">
         <name>TA1_0_IRQHandler</name>
         <value>0xb33</value>
      </symbol>
      <symbol id="sm-eb9">
         <name>TA1_N_IRQHandler</name>
         <value>0xb33</value>
      </symbol>
      <symbol id="sm-eba">
         <name>TA2_0_IRQHandler</name>
         <value>0xb33</value>
      </symbol>
      <symbol id="sm-ebb">
         <name>TA2_N_IRQHandler</name>
         <value>0xb33</value>
      </symbol>
      <symbol id="sm-ebc">
         <name>TA3_0_IRQHandler</name>
         <value>0xb33</value>
      </symbol>
      <symbol id="sm-ebd">
         <name>TA3_N_IRQHandler</name>
         <value>0xb33</value>
      </symbol>
      <symbol id="sm-ebe">
         <name>EUSCIA0_IRQHandler</name>
         <value>0xb33</value>
      </symbol>
      <symbol id="sm-ebf">
         <name>EUSCIA1_IRQHandler</name>
         <value>0xb33</value>
      </symbol>
      <symbol id="sm-ec0">
         <name>EUSCIA2_IRQHandler</name>
         <value>0x6225</value>
      </symbol>
      <symbol id="sm-ec1">
         <name>EUSCIA3_IRQHandler</name>
         <value>0xb33</value>
      </symbol>
      <symbol id="sm-ec2">
         <name>EUSCIB0_IRQHandler</name>
         <value>0xb33</value>
      </symbol>
      <symbol id="sm-ec3">
         <name>EUSCIB1_IRQHandler</name>
         <value>0xb33</value>
      </symbol>
      <symbol id="sm-ec4">
         <name>EUSCIB2_IRQHandler</name>
         <value>0xb33</value>
      </symbol>
      <symbol id="sm-ec5">
         <name>EUSCIB3_IRQHandler</name>
         <value>0xb33</value>
      </symbol>
      <symbol id="sm-ec6">
         <name>ADC14_IRQHandler</name>
         <value>0xb33</value>
      </symbol>
      <symbol id="sm-ec7">
         <name>T32_INT1_IRQHandler</name>
         <value>0xb33</value>
      </symbol>
      <symbol id="sm-ec8">
         <name>T32_INT2_IRQHandler</name>
         <value>0xb33</value>
      </symbol>
      <symbol id="sm-ec9">
         <name>T32_INTC_IRQHandler</name>
         <value>0xb33</value>
      </symbol>
      <symbol id="sm-eca">
         <name>AES256_IRQHandler</name>
         <value>0xb33</value>
      </symbol>
      <symbol id="sm-ecb">
         <name>RTC_C_IRQHandler</name>
         <value>0x6e59</value>
      </symbol>
      <symbol id="sm-ecc">
         <name>DMA_ERR_IRQHandler</name>
         <value>0xb33</value>
      </symbol>
      <symbol id="sm-ecd">
         <name>DMA_INT3_IRQHandler</name>
         <value>0xb33</value>
      </symbol>
      <symbol id="sm-ece">
         <name>DMA_INT2_IRQHandler</name>
         <value>0xb33</value>
      </symbol>
      <symbol id="sm-ecf">
         <name>DMA_INT1_IRQHandler</name>
         <value>0xb33</value>
      </symbol>
      <symbol id="sm-ed0">
         <name>DMA_INT0_IRQHandler</name>
         <value>0xb33</value>
      </symbol>
      <symbol id="sm-ed1">
         <name>PORT1_IRQHandler</name>
         <value>0xb33</value>
      </symbol>
      <symbol id="sm-ed2">
         <name>PORT2_IRQHandler</name>
         <value>0xb33</value>
      </symbol>
      <symbol id="sm-ed3">
         <name>PORT3_IRQHandler</name>
         <value>0xb33</value>
      </symbol>
      <symbol id="sm-ed4">
         <name>PORT4_IRQHandler</name>
         <value>0xb33</value>
      </symbol>
      <symbol id="sm-ed5">
         <name>PORT5_IRQHandler</name>
         <value>0xb33</value>
      </symbol>
      <symbol id="sm-ed6">
         <name>PORT6_IRQHandler</name>
         <value>0xb33</value>
      </symbol>
      <symbol id="sm-ed7">
         <name>remove</name>
         <value>0x6aa5</value>
      </symbol>
   </symbol_table>
   <title>Link successful</title>
</link_info>
